Component: Arm Compiler for Embedded 6.22 Tool: armlink [5ee90200]

==============================================================================

Section Cross References

    startup_stm32f407xx.o(STACK) refers (Special) to heapauxi.o(.text) for __use_two_region_memory
    startup_stm32f407xx.o(HEAP) refers (Special) to heapauxi.o(.text) for __use_two_region_memory
    startup_stm32f407xx.o(RESET) refers (Special) to heapauxi.o(.text) for __use_two_region_memory
    startup_stm32f407xx.o(RESET) refers to startup_stm32f407xx.o(STACK) for __initial_sp
    startup_stm32f407xx.o(RESET) refers to startup_stm32f407xx.o(.text) for Reset_Handler
    startup_stm32f407xx.o(RESET) refers to stm32f4xx_it.o(.text.NMI_Handler) for NMI_Handler
    startup_stm32f407xx.o(RESET) refers to stm32f4xx_it.o(.text.HardFault_Handler) for HardFault_Handler
    startup_stm32f407xx.o(RESET) refers to stm32f4xx_it.o(.text.MemManage_Handler) for MemManage_Handler
    startup_stm32f407xx.o(RESET) refers to stm32f4xx_it.o(.text.BusFault_Handler) for BusFault_Handler
    startup_stm32f407xx.o(RESET) refers to stm32f4xx_it.o(.text.UsageFault_Handler) for UsageFault_Handler
    startup_stm32f407xx.o(RESET) refers to port.o(.text.SVC_Handler) for SVC_Handler
    startup_stm32f407xx.o(RESET) refers to stm32f4xx_it.o(.text.DebugMon_Handler) for DebugMon_Handler
    startup_stm32f407xx.o(RESET) refers to port.o(.text.PendSV_Handler) for PendSV_Handler
    startup_stm32f407xx.o(RESET) refers to port.o(.text.SysTick_Handler) for SysTick_Handler
    startup_stm32f407xx.o(RESET) refers to stm32f4xx_it.o(.text.DMA1_Stream1_IRQHandler) for DMA1_Stream1_IRQHandler
    startup_stm32f407xx.o(RESET) refers to stm32f4xx_it.o(.text.DMA1_Stream3_IRQHandler) for DMA1_Stream3_IRQHandler
    startup_stm32f407xx.o(RESET) refers to stm32f4xx_it.o(.text.TIM3_IRQHandler) for TIM3_IRQHandler
    startup_stm32f407xx.o(RESET) refers to stm32f4xx_it.o(.text.USART1_IRQHandler) for USART1_IRQHandler
    startup_stm32f407xx.o(RESET) refers to stm32f4xx_it.o(.text.USART3_IRQHandler) for USART3_IRQHandler
    startup_stm32f407xx.o(RESET) refers to stm32f4xx_it.o(.text.TIM8_TRG_COM_TIM14_IRQHandler) for TIM8_TRG_COM_TIM14_IRQHandler
    startup_stm32f407xx.o(.text) refers (Special) to heapauxi.o(.text) for __use_two_region_memory
    startup_stm32f407xx.o(.text) refers to system_stm32f4xx.o(.text.SystemInit) for SystemInit
    startup_stm32f407xx.o(.text) refers to __main.o(!!!main) for __main
    startup_stm32f407xx.o(.text) refers to startup_stm32f407xx.o(HEAP) for Heap_Mem
    startup_stm32f407xx.o(.text) refers to startup_stm32f407xx.o(STACK) for Stack_Mem
    control.o(.ARM.exidx.text.Control_Init) refers to control.o(.text.Control_Init) for [Anonymous Symbol]
    control.o(.text.Vision_ReceiveAndParse) refers to control.o(.bss.Vision_ReceiveAndParse.fake_counter) for Vision_ReceiveAndParse.fake_counter
    control.o(.text.Vision_ReceiveAndParse) refers to freertos.o(.bss..L_MergedGlobals) for targetCoordQueueHandle
    control.o(.text.Vision_ReceiveAndParse) refers to cmsis_os.o(.text.osMessagePut) for osMessagePut
    control.o(.ARM.exidx.text.Vision_ReceiveAndParse) refers to control.o(.text.Vision_ReceiveAndParse) for [Anonymous Symbol]
    control.o(.text.Control_PID_Loop) refers to main.o(.bss.g_test_motor_index) for g_test_motor_index
    control.o(.text.Control_PID_Loop) refers to control.o(.bss.current_motor) for current_motor
    control.o(.text.Control_PID_Loop) refers to motor.o(.text.Motor_SetSpeed) for Motor_SetSpeed
    control.o(.text.Control_PID_Loop) refers to serial.o(.text.Serial_Printf) for Serial_Printf
    control.o(.text.Control_PID_Loop) refers to control.o(.data.TEST_PWM) for TEST_PWM
    control.o(.text.Control_PID_Loop) refers to cmsis_os.o(.text.osDelay) for osDelay
    control.o(.ARM.exidx.text.Control_PID_Loop) refers to control.o(.text.Control_PID_Loop) for [Anonymous Symbol]
    control.o(.text.Control_Telemetry_Loop) refers to main.o(.bss.g_test_motor_index) for g_test_motor_index
    control.o(.text.Control_Telemetry_Loop) refers to control.o(.bss..L_MergedGlobals) for .L_MergedGlobals
    control.o(.text.Control_Telemetry_Loop) refers to encoder.o(.text.Encoder_Get_Increment) for Encoder_Get_Increment
    control.o(.text.Control_Telemetry_Loop) refers to serial.o(.text.Serial_Printf) for Serial_Printf
    control.o(.text.Control_Telemetry_Loop) refers to cmsis_os.o(.text.osDelay) for osDelay
    control.o(.ARM.exidx.text.Control_Telemetry_Loop) refers to control.o(.text.Control_Telemetry_Loop) for [Anonymous Symbol]
    encoder.o(.text.Encoder_Init) refers to tim.o(.bss.htim1) for htim1
    encoder.o(.text.Encoder_Init) refers to stm32f4xx_hal_tim.o(.text.HAL_TIM_Encoder_Start) for HAL_TIM_Encoder_Start
    encoder.o(.text.Encoder_Init) refers to tim.o(.bss.htim2) for htim2
    encoder.o(.text.Encoder_Init) refers to tim.o(.bss.htim4) for htim4
    encoder.o(.text.Encoder_Init) refers to tim.o(.bss.htim5) for htim5
[...]
    _printf_e                                0x0800023b   Thumb Code     0  _printf_e.o(.ARM.Collect$$_printf_percent$$00000004)
    _printf_g                                0x08000241   Thumb Code     0  _printf_g.o(.ARM.Collect$$_printf_percent$$00000005)
    _printf_a                                0x08000247   Thumb Code     0  _printf_a.o(.ARM.Collect$$_printf_percent$$00000006)
    _printf_ll                               0x0800024d   Thumb Code     0  _printf_ll.o(.ARM.Collect$$_printf_percent$$00000007)
    _printf_i                                0x08000257   Thumb Code     0  _printf_i.o(.ARM.Collect$$_printf_percent$$00000008)
    _printf_d                                0x0800025d   Thumb Code     0  _printf_d.o(.ARM.Collect$$_printf_percent$$00000009)
    _printf_u                                0x08000263   Thumb Code     0  _printf_u.o(.ARM.Collect$$_printf_percent$$0000000A)
    _printf_o                                0x08000269   Thumb Code     0  _printf_o.o(.ARM.Collect$$_printf_percent$$0000000B)
    _printf_x                                0x0800026f   Thumb Code     0  _printf_x.o(.ARM.Collect$$_printf_percent$$0000000C)
    _printf_lli                              0x08000275   Thumb Code     0  _printf_lli.o(.ARM.Collect$$_printf_percent$$0000000D)
    _printf_lld                              0x0800027b   Thumb Code     0  _printf_lld.o(.ARM.Collect$$_printf_percent$$0000000E)
    _printf_llu                              0x08000281   Thumb Code     0  _printf_llu.o(.ARM.Collect$$_printf_percent$$0000000F)
    _printf_llo                              0x08000287   Thumb Code     0  _printf_llo.o(.ARM.Collect$$_printf_percent$$00000010)
    _printf_llx                              0x0800028d   Thumb Code     0  _printf_llx.o(.ARM.Collect$$_printf_percent$$00000011)
    _printf_l                                0x08000293   Thumb Code     0  _printf_l.o(.ARM.Collect$$_printf_percent$$00000012)
    _printf_c                                0x0800029d   Thumb Code     0  _printf_c.o(.ARM.Collect$$_printf_percent$$00000013)
    _printf_s                                0x080002a3   Thumb Code     0  _printf_s.o(.ARM.Collect$$_printf_percent$$00000014)
    _printf_lc                               0x080002a9   Thumb Code     0  _printf_lc.o(.ARM.Collect$$_printf_percent$$00000015)
    _printf_ls                               0x080002af   Thumb Code     0  _printf_ls.o(.ARM.Collect$$_printf_percent$$00000016)
    _printf_percent_end                      0x080002b5   Thumb Code     0  _printf_percent_end.o(.ARM.Collect$$_printf_percent$$00000017)
    __rt_lib_init                            0x080002b9   Thumb Code     0  libinit.o(.ARM.Collect$$libinit$$00000000)
    __rt_lib_init_fp_1                       0x080002bb   Thumb Code     0  libinit2.o(.ARM.Collect$$libinit$$00000001)
    __rt_lib_init_heap_1                     0x080002bf   Thumb Code     0  libinit2.o(.ARM.Collect$$libinit$$0000000C)
    __rt_lib_init_lc_common                  0x080002bf   Thumb Code     0  libinit2.o(.ARM.Collect$$libinit$$00000011)
    __rt_lib_init_preinit_1                  0x080002bf   Thumb Code     0  libinit2.o(.ARM.Collect$$libinit$$00000006)
    __rt_lib_init_rand_1                     0x080002bf   Thumb Code     0  libinit2.o(.ARM.Collect$$libinit$$00000010)
    __rt_lib_init_relocate_pie_1             0x080002bf   Thumb Code     0  libinit2.o(.ARM.Collect$$libinit$$00000004)
    __rt_lib_init_user_alloc_1               0x080002bf   Thumb Code     0  libinit2.o(.ARM.Collect$$libinit$$0000000E)
    __rt_lib_init_lc_collate_1               0x080002c5   Thumb Code     0  libinit2.o(.ARM.Collect$$libinit$$00000013)
    __rt_lib_init_lc_ctype_2                 0x080002c5   Thumb Code     0  libinit2.o(.ARM.Collect$$libinit$$00000014)
    __rt_lib_init_lc_ctype_1                 0x080002d1   Thumb Code     0  libinit2.o(.ARM.Collect$$libinit$$00000015)
    __rt_lib_init_lc_monetary_1              0x080002d1   Thumb Code     0  libinit2.o(.ARM.Collect$$libinit$$00000017)
    __rt_lib_init_lc_numeric_2               0x080002d1   Thumb Code     0  libinit2.o(.ARM.Collect$$libinit$$00000018)
    __rt_lib_init_alloca_1                   0x080002db   Thumb Code     0  libinit2.o(.ARM.Collect$$libinit$$00000030)
    __rt_lib_init_argv_1                     0x080002db   Thumb Code     0  libinit2.o(.ARM.Collect$$libinit$$0000002E)
    __rt_lib_init_atexit_1                   0x080002db   Thumb Code     0  libinit2.o(.ARM.Collect$$libinit$$0000001D)
    __rt_lib_init_clock_1                    0x080002db   Thumb Code     0  libinit2.o(.ARM.Collect$$libinit$$00000023)
    __rt_lib_init_cpp_1                      0x080002db   Thumb Code     0  libinit2.o(.ARM.Collect$$libinit$$00000034)
    __rt_lib_init_exceptions_1               0x080002db   Thumb Code     0  libinit2.o(.ARM.Collect$$libinit$$00000032)
    __rt_lib_init_fp_trap_1                  0x080002db   Thumb Code     0  libinit2.o(.ARM.Collect$$libinit$$00000021)
    __rt_lib_init_getenv_1                   0x080002db   Thumb Code     0  libinit2.o(.ARM.Collect$$libinit$$00000025)
    __rt_lib_init_lc_numeric_1               0x080002db   Thumb Code     0  libinit2.o(.ARM.Collect$$libinit$$00000019)
    __rt_lib_init_lc_time_1                  0x080002db   Thumb Code     0  libinit2.o(.ARM.Collect$$libinit$$0000001B)
    __rt_lib_init_return                     0x080002db   Thumb Code     0  libinit2.o(.ARM.Collect$$libinit$$00000035)
    __rt_lib_init_signal_1                   0x080002db   Thumb Code     0  libinit2.o(.ARM.Collect$$libinit$$0000001F)
    __rt_lib_init_stdio_1                    0x080002db   Thumb Code     0  libinit2.o(.ARM.Collect$$libinit$$00000027)
    __rt_lib_shutdown                        0x080002dd   Thumb Code     0  libshutdown.o(.ARM.Collect$$libshutdown$$00000000)
    __rt_lib_shutdown_cpp_1                  0x080002df   Thumb Code     0  libshutdown2.o(.ARM.Collect$$libshutdown$$00000002)
    __rt_lib_shutdown_fp_trap_1              0x080002df   Thumb Code     0  libshutdown2.o(.ARM.Collect$$libshutdown$$00000007)
    __rt_lib_shutdown_heap_1                 0x080002df   Thumb Code     0  libshutdown2.o(.ARM.Collect$$libshutdown$$0000000F)
    __rt_lib_shutdown_return                 0x080002df   Thumb Code     0  libshutdown2.o(.ARM.Collect$$libshutdown$$00000010)
    __rt_lib_shutdown_signal_1               0x080002df   Thumb Code     0  libshutdown2.o(.ARM.Collect$$libshutdown$$0000000A)
    __rt_lib_shutdown_stdio_1                0x080002df   Thumb Code     0  libshutdown2.o(.ARM.Collect$$libshutdown$$00000004)
    __rt_lib_shutdown_user_alloc_1           0x080002df   Thumb Code     0  libshutdown2.o(.ARM.Collect$$libshutdown$$0000000C)
    __rt_entry                               0x080002e1   Thumb Code     0  __rtentry.o(.ARM.Collect$$rtentry$$00000000)
    __rt_entry_presh_1                       0x080002e1   Thumb Code     0  __rtentry2.o(.ARM.Collect$$rtentry$$00000002)
    __rt_entry_sh                            0x080002e1   Thumb Code     0  __rtentry4.o(.ARM.Collect$$rtentry$$00000004)
    __rt_entry_li                            0x080002e7   Thumb Code     0  __rtentry2.o(.ARM.Collect$$rtentry$$0000000A)
    __rt_entry_postsh_1                      0x080002e7   Thumb Code     0  __rtentry2.o(.ARM.Collect$$rtentry$$00000009)
    __rt_entry_main                          0x080002eb   Thumb Code     0  __rtentry2.o(.ARM.Collect$$rtentry$$0000000D)
    __rt_entry_postli_1                      0x080002eb   Thumb Code     0  __rtentry2.o(.ARM.Collect$$rtentry$$0000000C)
    __rt_exit                                0x080002f3   Thumb Code     0  rtexit.o(.ARM.Collect$$rtexit$$00000000)
    __rt_exit_ls                             0x080002f5   Thumb Code     0  rtexit2.o(.ARM.Collect$$rtexit$$00000003)
    __rt_exit_prels_1                        0x080002f5   Thumb Code     0  rtexit2.o(.ARM.Collect$$rtexit$$00000002)
    __rt_exit_exit                           0x080002f9   Thumb Code     0  rtexit2.o(.ARM.Collect$$rtexit$$00000004)
    Reset_Handler                            0x08000301   Thumb Code     8  startup_stm32f407xx.o(.text)
    ADC_IRQHandler                           0x0800031b   Thumb Code     0  startup_stm32f407xx.o(.text)
    CAN1_RX0_IRQHandler                      0x0800031b   Thumb Code     0  startup_stm32f407xx.o(.text)
    CAN1_RX1_IRQHandler                      0x0800031b   Thumb Code     0  startup_stm32f407xx.o(.text)
    CAN1_SCE_IRQHandler                      0x0800031b   Thumb Code     0  startup_stm32f407xx.o(.text)
    CAN1_TX_IRQHandler                       0x0800031b   Thumb Code     0  startup_stm32f407xx.o(.text)
    CAN2_RX0_IRQHandler                      0x0800031b   Thumb Code     0  startup_stm32f407xx.o(.text)
    CAN2_RX1_IRQHandler                      0x0800031b   Thumb Code     0  startup_stm32f407xx.o(.text)
    CAN2_SCE_IRQHandler                      0x0800031b   Thumb Code     0  startup_stm32f407xx.o(.text)
    CAN2_TX_IRQHandler                       0x0800031b   Thumb Code     0  startup_stm32f407xx.o(.text)
    DCMI_IRQHandler                          0x0800031b   Thumb Code     0  startup_stm32f407xx.o(.text)
    DMA1_Stream0_IRQHandler                  0x0800031b   Thumb Code     0  startup_stm32f407xx.o(.text)
    DMA1_Stream2_IRQHandler                  0x0800031b   Thumb Code     0  startup_stm32f407xx.o(.text)
    DMA1_Stream4_IRQHandler                  0x0800031b   Thumb Code     0  startup_stm32f407xx.o(.text)
    DMA1_Stream5_IRQHandler                  0x0800031b   Thumb Code     0  startup_stm32f407xx.o(.text)
    DMA1_Stream6_IRQHandler                  0x0800031b   Thumb Code     0  startup_stm32f407xx.o(.text)
    DMA1_Stream7_IRQHandler                  0x0800031b   Thumb Code     0  startup_stm32f407xx.o(.text)
    DMA2_Stream0_IRQHandler                  0x0800031b   Thumb Code     0  startup_stm32f407xx.o(.text)
    DMA2_Stream1_IRQHandler                  0x0800031b   Thumb Code     0  startup_stm32f407xx.o(.text)
    DMA2_Stream2_IRQHandler                  0x0800031b   Thumb Code     0  startup_stm32f407xx.o(.text)
    DMA2_Stream3_IRQHandler                  0x0800031b   Thumb Code     0  startup_stm32f407xx.o(.text)
    DMA2_Stream4_IRQHandler                  0x0800031b   Thumb Code     0  startup_stm32f407xx.o(.text)
    DMA2_Stream5_IRQHandler                  0x0800031b   Thumb Code     0  startup_stm32f407xx.o(.text)
    DMA2_Stream6_IRQHandler                  0x0800031b   Thumb Code     0  startup_stm32f407xx.o(.text)
    DMA2_Stream7_IRQHandler                  0x0800031b   Thumb Code     0  startup_stm32f407xx.o(.text)
    ETH_IRQHandler                           0x0800031b   Thumb Code     0  startup_stm32f407xx.o(.text)
    ETH_WKUP_IRQHandler                      0x0800031b   Thumb Code     0  startup_stm32f407xx.o(.text)
    EXTI0_IRQHandler                         0x0800031b   Thumb Code     0  startup_stm32f407xx.o(.text)
    EXTI15_10_IRQHandler                     0x0800031b   Thumb Code     0  startup_stm32f407xx.o(.text)
    EXTI1_IRQHandler                         0x0800031b   Thumb Code     0  startup_stm32f407xx.o(.text)
    EXTI2_IRQHandler                         0x0800031b   Thumb Code     0  startup_stm32f407xx.o(.text)
    EXTI3_IRQHandler                         0x0800031b   Thumb Code     0  startup_stm32f407xx.o(.text)
    EXTI4_IRQHandler                         0x0800031b   Thumb Code     0  startup_stm32f407xx.o(.text)
    EXTI9_5_IRQHandler                       0x0800031b   Thumb Code     0  startup_stm32f407xx.o(.text)
    FLASH_IRQHandler                         0x0800031b   Thumb Code     0  startup_stm32f407xx.o(.text)
    FMC_IRQHandler                           0x0800031b   Thumb Code     0  startup_stm32f407xx.o(.text)
    FPU_IRQHandler                           0x0800031b   Thumb Code     0  startup_stm32f407xx.o(.text)
    HASH_RNG_IRQHandler                      0x0800031b   Thumb Code     0  startup_stm32f407xx.o(.text)
    I2C1_ER_IRQHandler                       0x0800031b   Thumb Code     0  startup_stm32f407xx.o(.text)
    I2C1_EV_IRQHandler                       0x0800031b   Thumb Code     0  startup_stm32f407xx.o(.text)
    I2C2_ER_IRQHandler                       0x0800031b   Thumb Code     0  startup_stm32f407xx.o(.text)
    I2C2_EV_IRQHandler                       0x0800031b   Thumb Code     0  startup_stm32f407xx.o(.text)
    I2C3_ER_IRQHandler                       0x0800031b   Thumb Code     0  startup_stm32f407xx.o(.text)
    I2C3_EV_IRQHandler                       0x0800031b   Thumb Code     0  startup_stm32f407xx.o(.text)
    OTG_FS_IRQHandler                        0x0800031b   Thumb Code     0  startup_stm32f407xx.o(.text)
    OTG_FS_WKUP_IRQHandler                   0x0800031b   Thumb Code     0  startup_stm32f407xx.o(.text)
    OTG_HS_EP1_IN_IRQHandler                 0x0800031b   Thumb Code     0  startup_stm32f407xx.o(.text)
    OTG_HS_EP1_OUT_IRQHandler                0x0800031b   Thumb Code     0  startup_stm32f407xx.o(.text)
    OTG_HS_IRQHandler                        0x0800031b   Thumb Code     0  startup_stm32f407xx.o(.text)
    OTG_HS_WKUP_IRQHandler                   0x0800031b   Thumb Code     0  startup_stm32f407xx.o(.text)
    PVD_IRQHandler                           0x0800031b   Thumb Code     0  startup_stm32f407xx.o(.text)
    RCC_IRQHandler                           0x0800031b   Thumb Code     0  startup_stm32f407xx.o(.text)
    RTC_Alarm_IRQHandler                     0x0800031b   Thumb Code     0  startup_stm32f407xx.o(.text)
    RTC_WKUP_IRQHandler                      0x0800031b   Thumb Code     0  startup_stm32f407xx.o(.text)
    SDIO_IRQHandler                          0x0800031b   Thumb Code     0  startup_stm32f407xx.o(.text)
    SPI1_IRQHandler                          0x0800031b   Thumb Code     0  startup_stm32f407xx.o(.text)
    SPI2_IRQHandler                          0x0800031b   Thumb Code     0  startup_stm32f407xx.o(.text)
    SPI3_IRQHandler                          0x0800031b   Thumb Code     0  startup_stm32f407xx.o(.text)
    TAMP_STAMP_IRQHandler                    0x0800031b   Thumb Code     0  startup_stm32f407xx.o(.text)
    TIM1_BRK_TIM9_IRQHandler                 0x0800031b   Thumb Code     0  startup_stm32f407xx.o(.text)
    TIM1_CC_IRQHandler                       0x0800031b   Thumb Code     0  startup_stm32f407xx.o(.text)
    TIM1_TRG_COM_TIM11_IRQHandler            0x0800031b   Thumb Code     0  startup_stm32f407xx.o(.text)
    TIM1_UP_TIM10_IRQHandler                 0x0800031b   Thumb Code     0  startup_stm32f407xx.o(.text)
    TIM2_IRQHandler                          0x0800031b   Thumb Code     0  startup_stm32f407xx.o(.text)
    TIM4_IRQHandler                          0x0800031b   Thumb Code     0  startup_stm32f407xx.o(.text)
    TIM5_IRQHandler                          0x0800031b   Thumb Code     0  startup_stm32f407xx.o(.text)
    TIM6_DAC_IRQHandler                      0x0800031b   Thumb Code     0  startup_stm32f407xx.o(.text)
    TIM7_IRQHandler                          0x0800031b   Thumb Code     0  startup_stm32f407xx.o(.text)
    TIM8_BRK_TIM12_IRQHandler                0x0800031b   Thumb Code     0  startup_stm32f407xx.o(.text)
    TIM8_CC_IRQHandler                       0x0800031b   Thumb Code     0  startup_stm32f407xx.o(.text)
    TIM8_UP_TIM13_IRQHandler                 0x0800031b   Thumb Code     0  startup_stm32f407xx.o(.text)
    UART4_IRQHandler                         0x0800031b   Thumb Code     0  startup_stm32f407xx.o(.text)
    UART5_IRQHandler                         0x0800031b   Thumb Code     0  startup_stm32f407xx.o(.text)
    USART2_IRQHandler                        0x0800031b   Thumb Code     0  startup_stm32f407xx.o(.text)
    USART6_IRQHandler                        0x0800031b   Thumb Code     0  startup_stm32f407xx.o(.text)
    WWDG_IRQHandler                          0x0800031b   Thumb Code     0  startup_stm32f407xx.o(.text)
    __user_initial_stackheap                 0x0800031d   Thumb Code     0  startup_stm32f407xx.o(.text)
    __aeabi_uldivmod                         0x08000341   Thumb Code     0  lludivv7m.o(.text)
    _ll_udiv                                 0x08000341   Thumb Code   240  lludivv7m.o(.text)
    vsprintf                                 0x08000431   Thumb Code    32  vsprintf.o(.text)
    __aeabi_memcpy                           0x08000455   Thumb Code     0  rt_memcpy_v6.o(.text)
    __rt_memcpy                              0x08000455   Thumb Code   138  rt_memcpy_v6.o(.text)
    _memcpy_lastbytes                        0x080004bb   Thumb Code     0  rt_memcpy_v6.o(.text)
    __aeabi_memset4                          0x080004df   Thumb Code    16  aeabi_memset4.o(.text)
    __aeabi_memset8                          0x080004df   Thumb Code     0  aeabi_memset4.o(.text)
    __aeabi_memclr4                          0x080004ef   Thumb Code     0  rt_memclr_w.o(.text)
    __aeabi_memclr8                          0x080004ef   Thumb Code     0  rt_memclr_w.o(.text)
    __rt_memclr_w                            0x080004ef   Thumb Code     0  rt_memclr_w.o(.text)
    _memset_w                                0x080004f3   Thumb Code    74  rt_memclr_w.o(.text)
    __use_two_region_memory                  0x0800053d   Thumb Code     2  heapauxi.o(.text)
    __rt_heap_escrow$2region                 0x0800053f   Thumb Code     2  heapauxi.o(.text)
    __rt_heap_expand$2region                 0x08000541   Thumb Code     2  heapauxi.o(.text)
    _printf_pre_padding                      0x08000543   Thumb Code    44  _printf_pad.o(.text)
    _printf_post_padding                     0x0800056f   Thumb Code    34  _printf_pad.o(.text)
    _printf_truncate_signed                  0x08000591   Thumb Code    18  _printf_truncate.o(.text)
    _printf_truncate_unsigned                0x080005a3   Thumb Code    18  _printf_truncate.o(.text)
    _printf_str                              0x080005b5   Thumb Code    82  _printf_str.o(.text)
    _printf_int_dec                          0x08000609   Thumb Code   104  _printf_dec.o(.text)
    _printf_charcount                        0x08000681   Thumb Code    40  _printf_charcount.o(.text)
    _printf_char_common                      0x080006b3   Thumb Code    32  _printf_char_common.o(.text)
    _sputc                                   0x080006d9   Thumb Code    10  _sputc.o(.text)
    _printf_wctomb                           0x080006e5   Thumb Code   182  _printf_wctomb.o(.text)
    _printf_longlong_dec                     0x080007a1   Thumb Code   108  _printf_longlong_dec.o(.text)
    _printf_longlong_oct                     0x0800081d   Thumb Code    68  _printf_oct_int_ll.o(.text)
    _printf_int_oct                          0x08000861   Thumb Code    24  _printf_oct_int_ll.o(.text)
    _printf_ll_oct                           0x08000879   Thumb Code    12  _printf_oct_int_ll.o(.text)
    _printf_longlong_hex                     0x0800088d   Thumb Code    86  _printf_hex_int_ll_ptr.o(.text)
    _printf_int_hex                          0x080008e3   Thumb Code    28  _printf_hex_int_ll_ptr.o(.text)
    _printf_ll_hex                           0x080008ff   Thumb Code    12  _printf_hex_int_ll_ptr.o(.text)
    _printf_hex_ptr                          0x0800090b   Thumb Code    18  _printf_hex_int_ll_ptr.o(.text)
    __printf                                 0x08000921   Thumb Code   388  __printf_flags_ss_wp.o(.text)
    __aeabi_memcpy4                          0x08000aa9   Thumb Code     0  rt_memcpy_w.o(.text)
    __aeabi_memcpy8                          0x08000aa9   Thumb Code     0  rt_memcpy_w.o(.text)
    __rt_memcpy_w                            0x08000aa9   Thumb Code   100  rt_memcpy_w.o(.text)
    _memcpy_lastbytes_aligned                0x08000af1   Thumb Code     0  rt_memcpy_w.o(.text)
    _ll_udiv10                               0x08000b0d   Thumb Code   138  lludiv10.o(.text)
    _printf_int_common                       0x08000b97   Thumb Code   178  _printf_intcommon.o(.text)
    _printf_fp_dec_real                      0x08000df9   Thumb Code   620  _printf_fp_dec.o(.text)
    _printf_fp_hex_real                      0x08001065   Thumb Code   756  _printf_fp_hex.o(.text)
    _printf_cs_common                        0x08001361   Thumb Code    20  _printf_char.o(.text)
    _printf_char                             0x08001375   Thumb Code    16  _printf_char.o(.text)
    _printf_string                           0x08001385   Thumb Code     8  _printf_char.o(.text)
    _printf_lcs_common                       0x0800138d   Thumb Code    20  _printf_wchar.o(.text)
    _printf_wchar                            0x080013a1   Thumb Code    16  _printf_wchar.o(.text)
    _printf_wstring                          0x080013b1   Thumb Code     8  _printf_wchar.o(.text)
    _c16rtomb                                0x080013b9   Thumb Code    72  _c16rtomb.o(.text)
    _wcrtomb                                 0x080013b9   Thumb Code     0  _c16rtomb.o(.text)
    __user_setup_stackheap                   0x08001401   Thumb Code    74  sys_stackheap_outer.o(.text)
    __rt_ctype_table                         0x0800144d   Thumb Code    16  rt_ctype_table.o(.text)
    __rt_locale                              0x0800145d   Thumb Code     8  rt_locale_intlibspace.o(.text)
    _printf_fp_infnan                        0x08001465   Thumb Code   112  _printf_fp_infnan.o(.text)
    _btod_etento                             0x080014e5   Thumb Code   224  bigflt0.o(.text)
    exit                                     0x080015c9   Thumb Code    18  exit.o(.text)
    __user_libspace                          0x080015dd   Thumb Code     8  libspace.o(.text)
    __user_perproc_libspace                  0x080015dd   Thumb Code     0  libspace.o(.text)
    __user_perthread_libspace                0x080015dd   Thumb Code     0  libspace.o(.text)
    strcmp                                   0x080015e9   Thumb Code   124  strcmpv7em.o(.text)
    _sys_exit                                0x08001665   Thumb Code     8  sys_exit.o(.text)
    __I$use$semihosting                      0x08001671   Thumb Code     0  use_no_semi.o(.text)
    __use_no_semihosting_swi                 0x08001671   Thumb Code     2  use_no_semi.o(.text)
    __semihosting_library_function           0x08001673   Thumb Code     0  indicate_semi.o(.text)
    BusFault_Handler                         0x08001675   Thumb Code     2  stm32f4xx_it.o(.text.BusFault_Handler)
    Control_Init                             0x08001679   Thumb Code     2  control.o(.text.Control_Init)
    Control_PID_Loop                         0x0800167d   Thumb Code   180  control.o(.text.Control_PID_Loop)
    DMA1_Stream1_IRQHandler                  0x080017a1   Thumb Code    12  stm32f4xx_it.o(.text.DMA1_Stream1_IRQHandler)
    DMA1_Stream3_IRQHandler                  0x080017ad   Thumb Code    12  stm32f4xx_it.o(.text.DMA1_Stream3_IRQHandler)
    DebugMon_Handler                         0x080017b9   Thumb Code     2  stm32f4xx_it.o(.text.DebugMon_Handler)
    Encoder_Init                             0x080017bd   Thumb Code    62  encoder.o(.text.Encoder_Init)
    Error_Handler                            0x080017fd   Thumb Code     6  main.o(.text.Error_Handler)
    HAL_DMA_Abort                            0x08001805   Thumb Code   142  stm32f4xx_hal_dma.o(.text.HAL_DMA_Abort)
    HAL_DMA_Abort_IT                         0x08001895   Thumb Code    36  stm32f4xx_hal_dma.o(.text.HAL_DMA_Abort_IT)
    HAL_DMA_IRQHandler                       0x080018b9   Thumb Code   452  stm32f4xx_hal_dma.o(.text.HAL_DMA_IRQHandler)
    HAL_DMA_Init                             0x08001a7d   Thumb Code   354  stm32f4xx_hal_dma.o(.text.HAL_DMA_Init)
    HAL_GPIO_Init                            0x08001be1   Thumb Code   414  stm32f4xx_hal_gpio.o(.text.HAL_GPIO_Init)
    HAL_GPIO_TogglePin                       0x08001d81   Thumb Code    16  stm32f4xx_hal_gpio.o(.text.HAL_GPIO_TogglePin)
    HAL_GPIO_WritePin                        0x08001d91   Thumb Code    10  stm32f4xx_hal_gpio.o(.text.HAL_GPIO_WritePin)
    HAL_GetTick                              0x08001d9d   Thumb Code    12  stm32f4xx_hal.o(.text.HAL_GetTick)
    HAL_IncTick                              0x08001da9   Thumb Code    26  stm32f4xx_hal.o(.text.HAL_IncTick)
    HAL_Init                                 0x08001dc5   Thumb Code    54  stm32f4xx_hal.o(.text.HAL_Init)
    HAL_InitTick                             0x08001dfd   Thumb Code   178  stm32f4xx_hal_timebase_tim.o(.text.HAL_InitTick)
    HAL_MspInit                              0x08001eb1   Thumb Code    66  stm32f4xx_hal_msp.o(.text.HAL_MspInit)
    HAL_NVIC_EnableIRQ                       0x08001ef5   Thumb Code    34  stm32f4xx_hal_cortex.o(.text.HAL_NVIC_EnableIRQ)
    HAL_NVIC_SetPriority                     0x08001f19   Thumb Code    86  stm32f4xx_hal_cortex.o(.text.HAL_NVIC_SetPriority)
    HAL_NVIC_SetPriorityGrouping             0x08001f71   Thumb Code    32  stm32f4xx_hal_cortex.o(.text.HAL_NVIC_SetPriorityGrouping)
    HAL_RCC_ClockConfig                      0x08001f91   Thumb Code   356  stm32f4xx_hal_rcc.o(.text.HAL_RCC_ClockConfig)
    HAL_RCC_GetClockConfig                   0x080020f5   Thumb Code    62  stm32f4xx_hal_rcc.o(.text.HAL_RCC_GetClockConfig)
    HAL_RCC_GetPCLK1Freq                     0x08002135   Thumb Code    38  stm32f4xx_hal_rcc.o(.text.HAL_RCC_GetPCLK1Freq)
    HAL_RCC_GetPCLK2Freq                     0x0800215d   Thumb Code    38  stm32f4xx_hal_rcc.o(.text.HAL_RCC_GetPCLK2Freq)
    HAL_RCC_GetSysClockFreq                  0x08002185   Thumb Code   108  stm32f4xx_hal_rcc.o(.text.HAL_RCC_GetSysClockFreq)
    HAL_RCC_OscConfig                        0x080021f1   Thumb Code   940  stm32f4xx_hal_rcc.o(.text.HAL_RCC_OscConfig)
    HAL_TIMEx_BreakCallback                  0x0800259d   Thumb Code     2  stm32f4xx_hal_tim_ex.o(.text.HAL_TIMEx_BreakCallback)
    HAL_TIMEx_CommutCallback                 0x080025a1   Thumb Code     2  stm32f4xx_hal_tim_ex.o(.text.HAL_TIMEx_CommutCallback)
    HAL_TIMEx_MasterConfigSynchronization    0x080025a5   Thumb Code   186  stm32f4xx_hal_tim_ex.o(.text.HAL_TIMEx_MasterConfigSynchronization)
    HAL_TIM_Base_Init                        0x08002661   Thumb Code    90  stm32f4xx_hal_tim.o(.text.HAL_TIM_Base_Init)
    HAL_TIM_Base_MspInit                     0x080026bd   Thumb Code     2  stm32f4xx_hal_tim.o(.text.HAL_TIM_Base_MspInit)
    HAL_TIM_Base_Start_IT                    0x080026c1   Thumb Code   170  stm32f4xx_hal_tim.o(.text.HAL_TIM_Base_Start_IT)
    HAL_TIM_Encoder_Init                     0x0800276d   Thumb Code   178  stm32f4xx_hal_tim.o(.text.HAL_TIM_Encoder_Init)
    HAL_TIM_Encoder_MspInit                  0x08002821   Thumb Code   432  tim.o(.text.HAL_TIM_Encoder_MspInit)
    HAL_TIM_Encoder_Start                    0x080029d1   Thumb Code   188  stm32f4xx_hal_tim.o(.text.HAL_TIM_Encoder_Start)
    HAL_TIM_IC_CaptureCallback               0x08002a8d   Thumb Code     2  stm32f4xx_hal_tim.o(.text.HAL_TIM_IC_CaptureCallback)
    HAL_TIM_IRQHandler                       0x08002a91   Thumb Code   334  stm32f4xx_hal_tim.o(.text.HAL_TIM_IRQHandler)
    HAL_TIM_OC_DelayElapsedCallback          0x08002be1   Thumb Code     2  stm32f4xx_hal_tim.o(.text.HAL_TIM_OC_DelayElapsedCallback)
    HAL_TIM_PWM_ConfigChannel                0x08002be5   Thumb Code   544  stm32f4xx_hal_tim.o(.text.HAL_TIM_PWM_ConfigChannel)
    HAL_TIM_PWM_Init                         0x08002e05   Thumb Code    90  stm32f4xx_hal_tim.o(.text.HAL_TIM_PWM_Init)
    HAL_TIM_PWM_MspInit                      0x08002e61   Thumb Code    72  tim.o(.text.HAL_TIM_PWM_MspInit)
    HAL_TIM_PWM_PulseFinishedCallback        0x08002ea9   Thumb Code     2  stm32f4xx_hal_tim.o(.text.HAL_TIM_PWM_PulseFinishedCallback)
    HAL_TIM_PWM_Start                        0x08002ead   Thumb Code   270  stm32f4xx_hal_tim.o(.text.HAL_TIM_PWM_Start)
    HAL_TIM_PeriodElapsedCallback            0x08002fbd   Thumb Code    20  main.o(.text.HAL_TIM_PeriodElapsedCallback)
    HAL_TIM_TriggerCallback                  0x08002fd1   Thumb Code     2  stm32f4xx_hal_tim.o(.text.HAL_TIM_TriggerCallback)
    HAL_UARTEx_RxEventCallback               0x08002fd5   Thumb Code     2  stm32f4xx_hal_uart.o(.text.HAL_UARTEx_RxEventCallback)
    HAL_UART_ErrorCallback                   0x08002fd9   Thumb Code     2  stm32f4xx_hal_uart.o(.text.HAL_UART_ErrorCallback)
    HAL_UART_IRQHandler                      0x08002fdd   Thumb Code  1428  stm32f4xx_hal_uart.o(.text.HAL_UART_IRQHandler)
    HAL_UART_Init                            0x08003571   Thumb Code    96  stm32f4xx_hal_uart.o(.text.HAL_UART_Init)
    HAL_UART_MspInit                         0x080035d1   Thumb Code   366  usart.o(.text.HAL_UART_MspInit)
    HAL_UART_Receive_IT                      0x08003741   Thumb Code    84  stm32f4xx_hal_uart.o(.text.HAL_UART_Receive_IT)
    HAL_UART_RxCpltCallback                  0x08003795   Thumb Code    42  serial.o(.text.HAL_UART_RxCpltCallback)
    HAL_UART_Transmit                        0x080037c1   Thumb Code   402  stm32f4xx_hal_uart.o(.text.HAL_UART_Transmit)
    HAL_UART_TxCpltCallback                  0x08003955   Thumb Code     2  serial.o(.text.HAL_UART_TxCpltCallback)
    HardFault_Handler                        0x08003959   Thumb Code     2  stm32f4xx_it.o(.text.HardFault_Handler)
    MX_DMA_Init                              0x0800395d   Thumb Code    72  dma.o(.text.MX_DMA_Init)
    MX_FREERTOS_Init                         0x080039a5   Thumb Code   200  freertos.o(.text.MX_FREERTOS_Init)
    MX_GPIO_Init                             0x08003aed   Thumb Code   342  gpio.o(.text.MX_GPIO_Init)
    MX_TIM1_Init                             0x08003c45   Thumb Code   108  tim.o(.text.MX_TIM1_Init)
    MX_TIM2_Init                             0x08003cb1   Thumb Code   100  tim.o(.text.MX_TIM2_Init)
    MX_TIM3_Init                             0x08003d15   Thumb Code   316  tim.o(.text.MX_TIM3_Init)
    MX_TIM4_Init                             0x08003e51   Thumb Code   104  tim.o(.text.MX_TIM4_Init)
    MX_TIM5_Init                             0x08003eb9   Thumb Code   104  tim.o(.text.MX_TIM5_Init)
    MX_USART1_UART_Init                      0x08003f21   Thumb Code    60  usart.o(.text.MX_USART1_UART_Init)
    MX_USART3_UART_Init                      0x08003f5d   Thumb Code    60  usart.o(.text.MX_USART3_UART_Init)
    MemManage_Handler                        0x08003f99   Thumb Code     2  stm32f4xx_it.o(.text.MemManage_Handler)
    Motor_Init                               0x08003f9d   Thumb Code   102  motor.o(.text.Motor_Init)
    Motor_SetSpeed                           0x08004005   Thumb Code   274  motor.o(.text.Motor_SetSpeed)
    NMI_Handler                              0x08004119   Thumb Code     2  stm32f4xx_it.o(.text.NMI_Handler)
    PendSV_Handler                           0x08004121   Thumb Code   100  port.o(.text.PendSV_Handler)
    SVC_Handler                              0x08004191   Thumb Code    36  port.o(.text.SVC_Handler)
    Serial_Init                              0x080041b5   Thumb Code    22  serial.o(.text.Serial_Init)
    Serial_Printf                            0x080041cd   Thumb Code   100  serial.o(.text.Serial_Printf)
    StartControlTask                         0x08004231   Thumb Code    26  freertos.o(.text.StartControlTask)
    StartDefaultTask                         0x0800424d   Thumb Code    28  freertos.o(.text.StartDefaultTask)
    StartTelemetryTask                       0x08004269   Thumb Code     2  freertos.o(.text.StartTelemetryTask)
    StartVisionTask                          0x0800426d   Thumb Code    10  freertos.o(.text.StartVisionTask)
    SysTick_Handler                          0x08004279   Thumb Code    46  port.o(.text.SysTick_Handler)
    SystemClock_Config                       0x080042a9   Thumb Code   172  main.o(.text.SystemClock_Config)
    SystemInit                               0x08004355   Thumb Code    18  system_stm32f4xx.o(.text.SystemInit)
    TIM3_IRQHandler                          0x08004369   Thumb Code    12  stm32f4xx_it.o(.text.TIM3_IRQHandler)
    TIM8_TRG_COM_TIM14_IRQHandler            0x08004375   Thumb Code    12  stm32f4xx_it.o(.text.TIM8_TRG_COM_TIM14_IRQHandler)
    TIM_Base_SetConfig                       0x08004381   Thumb Code   314  stm32f4xx_hal_tim.o(.text.TIM_Base_SetConfig)
    USART1_IRQHandler                        0x080046b1   Thumb Code    12  stm32f4xx_it.o(.text.USART1_IRQHandler)
    USART3_IRQHandler                        0x080046bd   Thumb Code    46  stm32f4xx_it.o(.text.USART3_IRQHandler)
    UsageFault_Handler                       0x080046ed   Thumb Code     2  stm32f4xx_it.o(.text.UsageFault_Handler)
    main                                     0x080046f1   Thumb Code    80  main.o(.text.main)
    osDelay                                  0x08004775   Thumb Code    16  cmsis_os.o(.text.osDelay)
    osKernelStart                            0x08004785   Thumb Code    10  cmsis_os.o(.text.osKernelStart)
    osMessageCreate                          0x08004791   Thumb Code    42  cmsis_os.o(.text.osMessageCreate)
    osMutexCreate                            0x080047bd   Thumb Code    16  cmsis_os.o(.text.osMutexCreate)
    osThreadCreate                           0x080047cd   Thumb Code    92  cmsis_os.o(.text.osThreadCreate)
    pvPortMalloc                             0x08004c0d   Thumb Code   496  heap_4.o(.text.pvPortMalloc)
    pxPortInitialiseStack                    0x08004dfd   Thumb Code    36  port.o(.text.pxPortInitialiseStack)
    uxListRemove                             0x08004e21   Thumb Code    34  list.o(.text.uxListRemove)
    vApplicationGetIdleTaskMemory            0x08004e45   Thumb Code    26  freertos.o(.text.vApplicationGetIdleTaskMemory)
    vApplicationStackOverflowHook            0x08004e61   Thumb Code     2  freertos.o(.text.vApplicationStackOverflowHook)
    vListInitialise                          0x08004e65   Thumb Code    22  list.o(.text.vListInitialise)
    vListInitialiseItem                      0x08004e7d   Thumb Code     6  list.o(.text.vListInitialiseItem)
    vListInsert                              0x08004e85   Thumb Code    98  list.o(.text.vListInsert)
    vListInsertEnd                           0x08004ee9   Thumb Code    26  list.o(.text.vListInsertEnd)
    vPortEnterCritical                       0x08004f19   Thumb Code    70  port.o(.text.vPortEnterCritical)
    vPortExitCritical                        0x08004f61   Thumb Code    46  port.o(.text.vPortExitCritical)
    vPortFree                                0x08004f91   Thumb Code   212  heap_4.o(.text.vPortFree)
    vPortSetupTimerInterrupt                 0x08005065   Thumb Code    52  port.o(.text.vPortSetupTimerInterrupt)
    vTaskDelay                               0x08005099   Thumb Code   158  tasks.o(.text.vTaskDelay)
    vTaskDelayUntil                          0x08005139   Thumb Code   224  tasks.o(.text.vTaskDelayUntil)
    vTaskInternalSetTimeOutState             0x08005219   Thumb Code    18  tasks.o(.text.vTaskInternalSetTimeOutState)
    vTaskMissedYield                         0x0800522d   Thumb Code    14  tasks.o(.text.vTaskMissedYield)
    vTaskPlaceOnEventList                    0x0800523d   Thumb Code    54  tasks.o(.text.vTaskPlaceOnEventList)
    vTaskStartScheduler                      0x08005275   Thumb Code   196  tasks.o(.text.vTaskStartScheduler)
    vTaskSuspendAll                          0x08005341   Thumb Code    16  tasks.o(.text.vTaskSuspendAll)
    vTaskSwitchContext                       0x08005351   Thumb Code   154  tasks.o(.text.vTaskSwitchContext)
    xPortStartScheduler                      0x080053ed   Thumb Code   392  port.o(.text.xPortStartScheduler)
    xQueueCreateMutex                        0x08005575   Thumb Code   106  queue.o(.text.xQueueCreateMutex)
    xQueueCreateMutexStatic                  0x080055e1   Thumb Code   154  queue.o(.text.xQueueCreateMutexStatic)
    xQueueGenericCreate                      0x0800567d   Thumb Code   126  queue.o(.text.xQueueGenericCreate)
    xQueueGenericCreateStatic                0x080056fd   Thumb Code   214  queue.o(.text.xQueueGenericCreateStatic)
    xQueueGenericSend                        0x080057d5   Thumb Code   704  queue.o(.text.xQueueGenericSend)
    xTaskCheckForTimeOut                     0x08005a95   Thumb Code   154  tasks.o(.text.xTaskCheckForTimeOut)
    xTaskCreate                              0x08005b31   Thumb Code    96  tasks.o(.text.xTaskCreate)
    xTaskCreateStatic                        0x08005b91   Thumb Code   118  tasks.o(.text.xTaskCreateStatic)
    xTaskGetSchedulerState                   0x08005c09   Thumb Code    30  tasks.o(.text.xTaskGetSchedulerState)
    xTaskGetTickCount                        0x08005c29   Thumb Code    12  tasks.o(.text.xTaskGetTickCount)
    xTaskIncrementTick                       0x08005c35   Thumb Code   262  tasks.o(.text.xTaskIncrementTick)
    xTaskPriorityDisinherit                  0x08005d3d   Thumb Code   174  tasks.o(.text.xTaskPriorityDisinherit)
    xTaskRemoveFromEventList                 0x08005ded   Thumb Code   116  tasks.o(.text.xTaskRemoveFromEventList)
    xTaskResumeAll                           0x08005e61   Thumb Code   234  tasks.o(.text.xTaskResumeAll)
    _btod_d2e                                0x08005f4b   Thumb Code    62  btod.o(CL$$btod_d2e)
    _d2e_denorm_low                          0x08005f89   Thumb Code    70  btod.o(CL$$btod_d2e_denorm_low)
    _d2e_norm_op1                            0x08005fcf   Thumb Code    96  btod.o(CL$$btod_d2e_norm_op1)
    __btod_div_common                        0x08006031   Thumb Code   696  btod.o(CL$$btod_div_common)
    _e2e                                     0x08006369   Thumb Code   220  btod.o(CL$$btod_e2e)
    _btod_ediv                               0x08006445   Thumb Code    42  btod.o(CL$$btod_ediv)
    _btod_emul                               0x0800646f   Thumb Code    42  btod.o(CL$$btod_emul)
    __btod_mult_common                       0x08006499   Thumb Code   580  btod.o(CL$$btod_mult_common)
    __ARM_fpclassify                         0x080066dd   Thumb Code    48  fpclassify.o(i.__ARM_fpclassify)
    _is_digit                                0x0800670d   Thumb Code    14  __printf_wp.o(i._is_digit)
    _get_lc_numeric                          0x0800671d   Thumb Code    44  lc_numeric_c.o(locale$$code)
    _get_lc_ctype                            0x08006749   Thumb Code    44  lc_ctype_c.o(locale$$code)
    _fp_init                                 0x08006775   Thumb Code    26  fpinit.o(x$fpl$fpinit)
    __fplib_config_fpu_vfp                   0x0800678d   Thumb Code     0  fpinit.o(x$fpl$fpinit)
    __fplib_config_pureend_doubles           0x0800678d   Thumb Code     0  fpinit.o(x$fpl$fpinit)
    _printf_fp_dec                           0x0800678f   Thumb Code     4  printf1.o(x$fpl$printf1)
    _printf_fp_hex                           0x08006793   Thumb Code     4  printf2.o(x$fpl$printf2)
    __I$use$fp                               0x08006796   Number         0  usenofp.o(x$fpl$usenofp)
    AHBPrescTable                            0x08006894   Data          16  system_stm32f4xx.o(.rodata.AHBPrescTable)
    APBPrescTable                            0x080068a4   Data           8  system_stm32f4xx.o(.rodata.APBPrescTable)
    Region$$Table$$Base                      0x080068e8   Number         0  anon$$obj.o(Region$$Table)
    Region$$Table$$Limit                     0x08006908   Number         0  anon$$obj.o(Region$$Table)
    __ctype                                  0x08006931   Data           0  lc_ctype_c.o(locale$$data)
    uwTickFreq                               0x20000000   Data           1  stm32f4xx_hal.o(.data..L_MergedGlobals)
    uwTickPrio                               0x20000004   Data           4  stm32f4xx_hal.o(.data..L_MergedGlobals)
    SystemCoreClock                          0x20000008   Data           4  system_stm32f4xx.o(.data.SystemCoreClock)
    TEST_PWM                                 0x2000000c   Data           2  control.o(.data.TEST_PWM)
    __libspace_start                         0x20000018   Data          96  libspace.o(.bss)
    Serial_RxData                            0x20000078   Data           1  serial.o(.bss..L_MergedGlobals)
    __temporary_stack_top$libspace           0x20000078   Data           0  libspace.o(.bss)
    Serial_RxFlag                            0x20000079   Data           1  serial.o(.bss..L_MergedGlobals)
    telemetryDataMutexHandle                 0x2000007c   Data           4  freertos.o(.bss..L_MergedGlobals)
    targetCoordQueueHandle                   0x20000080   Data           4  freertos.o(.bss..L_MergedGlobals)
    defaultTaskHandle                        0x20000084   Data           4  freertos.o(.bss..L_MergedGlobals)
    controlTaskHandle                        0x20000088   Data           4  freertos.o(.bss..L_MergedGlobals)
    visionTaskHandle                         0x2000008c   Data           4  freertos.o(.bss..L_MergedGlobals)
    telemetryTaskHandle                      0x20000090   Data           4  freertos.o(.bss..L_MergedGlobals)
    pxCurrentTCB                             0x20000094   Data           4  tasks.o(.bss..L_MergedGlobals)
    current_motor                            0x2000015c   Data           1  control.o(.bss.current_motor)
    g_test_motor_index                       0x2000015d   Data           1  main.o(.bss.g_test_motor_index)
    hdma_usart3_rx                           0x20000160   Data          96  usart.o(.bss.hdma_usart3_rx)
    hdma_usart3_tx                           0x200001c0   Data          96  usart.o(.bss.hdma_usart3_tx)
    htim1                                    0x20000220   Data          72  tim.o(.bss.htim1)
    htim14                                   0x20000268   Data          72  stm32f4xx_hal_timebase_tim.o(.bss.htim14)
    htim2                                    0x200002b0   Data          72  tim.o(.bss.htim2)
    htim3                                    0x200002f8   Data          72  tim.o(.bss.htim3)
    htim4                                    0x20000340   Data          72  tim.o(.bss.htim4)
    htim5                                    0x20000388   Data          72  tim.o(.bss.htim5)
    huart1                                   0x200003d0   Data          72  usart.o(.bss.huart1)
    huart3                                   0x20000418   Data          72  usart.o(.bss.huart3)
    uwTick                                   0x200104ec   Data           4  stm32f4xx_hal.o(.bss.uwTick)



==============================================================================

Memory Map of the image

  Image Entry point : 0x08000189

  Load Region LR_IROM1 (Base: 0x08000000, Size: 0x00006a50, Max: 0x00100000, ABSOLUTE)

    Execution Region ER_IROM1 (Exec base: 0x08000000, Load base: 0x08000000, Size: 0x00006a34, Max: 0x00100000, ABSOLUTE)

    Exec Addr    Load Addr    Size         Type   Attr      Idx    E Section Name        Object

    0x08000000   0x08000000   0x00000188   Data   RO            3    RESET               startup_stm32f407xx.o
    0x08000188   0x08000188   0x00000008   Code   RO         1616  * !!!main             c_w.l(__main.o)
    0x08000190   0x08000190   0x0000005c   Code   RO         1983    !!!scatter          c_w.l(__scatter.o)
    0x080001ec   0x080001ec   0x0000001a   Code   RO         1987    !!handler_copy      c_w.l(__scatter_copy.o)
    0x08000206   0x08000206   0x00000002   PAD
    0x08000208   0x08000208   0x00000002   Code   RO         1984    !!handler_null      c_w.l(__scatter.o)
    0x0800020a   0x0800020a   0x00000002   PAD
    0x0800020c   0x0800020c   0x0000001c   Code   RO         1989    !!handler_zi        c_w.l(__scatter_zi.o)
    0x08000228   0x08000228   0x00000000   Code   RO         1716    .ARM.Collect$$_printf_percent$$00000000  c_w.l(_printf_percent.o)
    0x08000228   0x08000228   0x00000006   Code   RO         1705    .ARM.Collect$$_printf_percent$$00000001  c_w.l(_printf_n.o)
    0x0800022e   0x0800022e   0x00000006   Code   RO         1707    .ARM.Collect$$_printf_percent$$00000002  c_w.l(_printf_p.o)
    0x08000234   0x08000234   0x00000006   Code   RO         1712    .ARM.Collect$$_printf_percent$$00000003  c_w.l(_printf_f.o)
    0x0800023a   0x0800023a   0x00000006   Code   RO         1713    .ARM.Collect$$_printf_percent$$00000004  c_w.l(_printf_e.o)
    0x08000240   0x08000240   0x00000006   Code   RO         1714    .ARM.Collect$$_printf_percent$$00000005  c_w.l(_printf_g.o)
    0x08000246   0x08000246   0x00000006   Code   RO         1715    .ARM.Collect$$_printf_percent$$00000006  c_w.l(_printf_a.o)
    0x0800024c   0x0800024c   0x0000000a   Code   RO         1720    .ARM.Collect$$_printf_percent$$00000007  c_w.l(_printf_ll.o)
    0x08000256   0x08000256   0x00000006   Code   RO         1709    .ARM.Collect$$_printf_percent$$00000008  c_w.l(_printf_i.o)
    0x0800025c   0x0800025c   0x00000006   Code   RO         1710    .ARM.Collect$$_printf_percent$$00000009  c_w.l(_printf_d.o)
    0x08000262   0x08000262   0x00000006   Code   RO         1711    .ARM.Collect$$_printf_percent$$0000000A  c_w.l(_printf_u.o)
    0x08000268   0x08000268   0x00000006   Code   RO         1708    .ARM.Collect$$_printf_percent$$0000000B  c_w.l(_printf_o.o)
    0x0800026e   0x0800026e   0x00000006   Code   RO         1706    .ARM.Collect$$_printf_percent$$0000000C  c_w.l(_printf_x.o)
    0x08000274   0x08000274   0x00000006   Code   RO         1717    .ARM.Collect$$_printf_percent$$0000000D  c_w.l(_printf_lli.o)
    0x0800027a   0x0800027a   0x00000006   Code   RO         1718    .ARM.Collect$$_printf_percent$$0000000E  c_w.l(_printf_lld.o)
    0x08000280   0x08000280   0x00000006   Code   RO         1719    .ARM.Collect$$_printf_percent$$0000000F  c_w.l(_printf_llu.o)
    0x08000286   0x08000286   0x00000006   Code   RO         1724    .ARM.Collect$$_printf_percent$$00000010  c_w.l(_printf_llo.o)
    0x0800028c   0x0800028c   0x00000006   Code   RO         1725    .ARM.Collect$$_printf_percent$$00000011  c_w.l(_printf_llx.o)
    0x08000292   0x08000292   0x0000000a   Code   RO         1721    .ARM.Collect$$_printf_percent$$00000012  c_w.l(_printf_l.o)
    0x0800029c   0x0800029c   0x00000006   Code   RO         1703    .ARM.Collect$$_printf_percent$$00000013  c_w.l(_printf_c.o)
    0x080002a2   0x080002a2   0x00000006   Code   RO         1704    .ARM.Collect$$_printf_percent$$00000014  c_w.l(_printf_s.o)
    0x080002a8   0x080002a8   0x00000006   Code   RO         1722    .ARM.Collect$$_printf_percent$$00000015  c_w.l(_printf_lc.o)
    0x080002ae   0x080002ae   0x00000006   Code   RO         1723    .ARM.Collect$$_printf_percent$$00000016  c_w.l(_printf_ls.o)
    0x080002b4   0x080002b4   0x00000004   Code   RO         1777    .ARM.Collect$$_printf_percent$$00000017  c_w.l(_printf_percent_end.o)
    0x080002b8   0x080002b8   0x00000002   Code   RO         1832    .ARM.Collect$$libinit$$00000000  c_w.l(libinit.o)
    0x080002ba   0x080002ba   0x00000004   Code   RO         1855    .ARM.Collect$$libinit$$00000001  c_w.l(libinit2.o)
    0x080002be   0x080002be   0x00000000   Code   RO         1858    .ARM.Collect$$libinit$$00000004  c_w.l(libinit2.o)
    0x080002be   0x080002be   0x00000000   Code   RO         1860    .ARM.Collect$$libinit$$00000006  c_w.l(libinit2.o)
    0x080002be   0x080002be   0x00000000   Code   RO         1863    .ARM.Collect$$libinit$$0000000C  c_w.l(libinit2.o)
    0x080002be   0x080002be   0x00000000   Code   RO         1865    .ARM.Collect$$libinit$$0000000E  c_w.l(libinit2.o)
    0x080002be   0x080002be   0x00000000   Code   RO         1867    .ARM.Collect$$libinit$$00000010  c_w.l(libinit2.o)
    0x080002be   0x080002be   0x00000006   Code   RO         1868    .ARM.Collect$$libinit$$00000011  c_w.l(libinit2.o)
    0x080002c4   0x080002c4   0x00000000   Code   RO         1870    .ARM.Collect$$libinit$$00000013  c_w.l(libinit2.o)
    0x080002c4   0x080002c4   0x0000000c   Code   RO         1871    .ARM.Collect$$libinit$$00000014  c_w.l(libinit2.o)
    0x080002d0   0x080002d0   0x00000000   Code   RO         1872    .ARM.Collect$$libinit$$00000015  c_w.l(libinit2.o)
    0x080002d0   0x080002d0   0x00000000   Code   RO         1874    .ARM.Collect$$libinit$$00000017  c_w.l(libinit2.o)
    0x080002d0   0x080002d0   0x0000000a   Code   RO         1875    .ARM.Collect$$libinit$$00000018  c_w.l(libinit2.o)
    0x080002da   0x080002da   0x00000000   Code   RO         1876    .ARM.Collect$$libinit$$00000019  c_w.l(libinit2.o)
    0x080002da   0x080002da   0x00000000   Code   RO         1878    .ARM.Collect$$libinit$$0000001B  c_w.l(libinit2.o)
    0x080002da   0x080002da   0x00000000   Code   RO         1880    .ARM.Collect$$libinit$$0000001D  c_w.l(libinit2.o)
    0x080002da   0x080002da   0x00000000   Code   RO         1882    .ARM.Collect$$libinit$$0000001F  c_w.l(libinit2.o)
    0x080002da   0x080002da   0x00000000   Code   RO         1884    .ARM.Collect$$libinit$$00000021  c_w.l(libinit2.o)
    0x080002da   0x080002da   0x00000000   Code   RO         1886    .ARM.Collect$$libinit$$00000023  c_w.l(libinit2.o)
    0x080002da   0x080002da   0x00000000   Code   RO         1888    .ARM.Collect$$libinit$$00000025  c_w.l(libinit2.o)
    0x080002da   0x080002da   0x00000000   Code   RO         1890    .ARM.Collect$$libinit$$00000027  c_w.l(libinit2.o)
    0x080002da   0x080002da   0x00000000   Code   RO         1894    .ARM.Collect$$libinit$$0000002E  c_w.l(libinit2.o)
    0x080002da   0x080002da   0x00000000   Code   RO         1896    .ARM.Collect$$libinit$$00000030  c_w.l(libinit2.o)
    0x080002da   0x080002da   0x00000000   Code   RO         1898    .ARM.Collect$$libinit$$00000032  c_w.l(libinit2.o)
    0x080002da   0x080002da   0x00000000   Code   RO         1900    .ARM.Collect$$libinit$$00000034  c_w.l(libinit2.o)
    0x080002da   0x080002da   0x00000002   Code   RO         1901    .ARM.Collect$$libinit$$00000035  c_w.l(libinit2.o)
    0x080002dc   0x080002dc   0x00000002   Code   RO         1938    .ARM.Collect$$libshutdown$$00000000  c_w.l(libshutdown.o)
    0x080002de   0x080002de   0x00000000   Code   RO         1966    .ARM.Collect$$libshutdown$$00000002  c_w.l(libshutdown2.o)
    0x080002de   0x080002de   0x00000000   Code   RO         1968    .ARM.Collect$$libshutdown$$00000004  c_w.l(libshutdown2.o)
    0x080002de   0x080002de   0x00000000   Code   RO         1971    .ARM.Collect$$libshutdown$$00000007  c_w.l(libshutdown2.o)
    0x080002de   0x080002de   0x00000000   Code   RO         1974    .ARM.Collect$$libshutdown$$0000000A  c_w.l(libshutdown2.o)
    0x080002de   0x080002de   0x00000000   Code   RO         1976    .ARM.Collect$$libshutdown$$0000000C  c_w.l(libshutdown2.o)
    0x080002de   0x080002de   0x00000000   Code   RO         1979    .ARM.Collect$$libshutdown$$0000000F  c_w.l(libshutdown2.o)
    0x080002de   0x080002de   0x00000002   Code   RO         1980    .ARM.Collect$$libshutdown$$00000010  c_w.l(libshutdown2.o)
    0x080002e0   0x080002e0   0x00000000   Code   RO         1630    .ARM.Collect$$rtentry$$00000000  c_w.l(__rtentry.o)
    0x080002e0   0x080002e0   0x00000000   Code   RO         1744    .ARM.Collect$$rtentry$$00000002  c_w.l(__rtentry2.o)
    0x080002e0   0x080002e0   0x00000006   Code   RO         1756    .ARM.Collect$$rtentry$$00000004  c_w.l(__rtentry4.o)
    0x080002e6   0x080002e6   0x00000000   Code   RO         1746    .ARM.Collect$$rtentry$$00000009  c_w.l(__rtentry2.o)
    0x080002e6   0x080002e6   0x00000004   Code   RO         1747    .ARM.Collect$$rtentry$$0000000A  c_w.l(__rtentry2.o)
    0x080002ea   0x080002ea   0x00000000   Code   RO         1749    .ARM.Collect$$rtentry$$0000000C  c_w.l(__rtentry2.o)
    0x080002ea   0x080002ea   0x00000008   Code   RO         1750    .ARM.Collect$$rtentry$$0000000D  c_w.l(__rtentry2.o)
    0x080002f2   0x080002f2   0x00000002   Code   RO         1840    .ARM.Collect$$rtexit$$00000000  c_w.l(rtexit.o)
    0x080002f4   0x080002f4   0x00000000   Code   RO         1907    .ARM.Collect$$rtexit$$00000002  c_w.l(rtexit2.o)
    0x080002f4   0x080002f4   0x00000004   Code   RO         1908    .ARM.Collect$$rtexit$$00000003  c_w.l(rtexit2.o)
    0x080002f8   0x080002f8   0x00000006   Code   RO         1909    .ARM.Collect$$rtexit$$00000004  c_w.l(rtexit2.o)
    0x080002fe   0x080002fe   0x00000002   PAD
    0x08000300   0x08000300   0x00000040   Code   RO            4    .text               startup_stm32f407xx.o
    0x08000340   0x08000340   0x000000f0   Code   RO         1602    .text               c_w.l(lludivv7m.o)
    0x08000430   0x08000430   0x00000024   Code   RO         1604    .text               c_w.l(vsprintf.o)
    0x08000454   0x08000454   0x0000008a   Code   RO         1606    .text               c_w.l(rt_memcpy_v6.o)
    0x080004de   0x080004de   0x00000010   Code   RO         1610    .text               c_w.l(aeabi_memset4.o)
    0x080004ee   0x080004ee   0x0000004e   Code   RO         1612    .text               c_w.l(rt_memclr_w.o)
    0x0800053c   0x0800053c   0x00000006   Code   RO         1614    .text               c_w.l(heapauxi.o)
    0x08000542   0x08000542   0x0000004e   Code   RO         1637    .text               c_w.l(_printf_pad.o)
    0x08000590   0x08000590   0x00000024   Code   RO         1639    .text               c_w.l(_printf_truncate.o)
    0x080005b4   0x080005b4   0x00000052   Code   RO         1641    .text               c_w.l(_printf_str.o)
    0x08000606   0x08000606   0x00000002   PAD
    0x08000608   0x08000608   0x00000078   Code   RO         1643    .text               c_w.l(_printf_dec.o)
    0x08000680   0x08000680   0x00000028   Code   RO         1645    .text               c_w.l(_printf_charcount.o)
    0x080006a8   0x080006a8   0x00000030   Code   RO         1647    .text               c_w.l(_printf_char_common.o)
    0x080006d8   0x080006d8   0x0000000a   Code   RO         1649    .text               c_w.l(_sputc.o)
    0x080006e2   0x080006e2   0x00000002   PAD
    0x080006e4   0x080006e4   0x000000bc   Code   RO         1651    .text               c_w.l(_printf_wctomb.o)
    0x080007a0   0x080007a0   0x0000007c   Code   RO         1654    .text               c_w.l(_printf_longlong_dec.o)
    0x0800081c   0x0800081c   0x00000070   Code   RO         1660    .text               c_w.l(_printf_oct_int_ll.o)
    0x0800088c   0x0800088c   0x00000094   Code   RO         1680    .text               c_w.l(_printf_hex_int_ll_ptr.o)
    0x08000920   0x08000920   0x00000188   Code   RO         1700    .text               c_w.l(__printf_flags_ss_wp.o)
    0x08000aa8   0x08000aa8   0x00000064   Code   RO         1726    .text               c_w.l(rt_memcpy_w.o)
    0x08000b0c   0x08000b0c   0x0000008a   Code   RO         1760    .text               c_w.l(lludiv10.o)
    0x08000b96   0x08000b96   0x000000b2   Code   RO         1762    .text               c_w.l(_printf_intcommon.o)
    0x08000c48   0x08000c48   0x0000041c   Code   RO         1764    .text               c_w.l(_printf_fp_dec.o)
    0x08001064   0x08001064   0x000002fc   Code   RO         1768    .text               c_w.l(_printf_fp_hex.o)
    0x08001360   0x08001360   0x0000002c   Code   RO         1773    .text               c_w.l(_printf_char.o)
    0x0800138c   0x0800138c   0x0000002c   Code   RO         1775    .text               c_w.l(_printf_wchar.o)
    0x080013b8   0x080013b8   0x00000048   Code   RO         1778    .text               c_w.l(_c16rtomb.o)
    0x08001400   0x08001400   0x0000004a   Code   RO         1780    .text               c_w.l(sys_stackheap_outer.o)
    0x0800144a   0x0800144a   0x00000002   PAD
    0x0800144c   0x0800144c   0x00000010   Code   RO         1782    .text               c_w.l(rt_ctype_table.o)
    0x0800145c   0x0800145c   0x00000008   Code   RO         1787    .text               c_w.l(rt_locale_intlibspace.o)
    0x08001464   0x08001464   0x00000080   Code   RO         1789    .text               c_w.l(_printf_fp_infnan.o)
    0x080014e4   0x080014e4   0x000000e4   Code   RO         1791    .text               c_w.l(bigflt0.o)
    0x080015c8   0x080015c8   0x00000012   Code   RO         1821    .text               c_w.l(exit.o)
    0x080015da   0x080015da   0x00000002   PAD
    0x080015dc   0x080015dc   0x00000008   Code   RO         1837    .text               c_w.l(libspace.o)
    0x080015e4   0x080015e4   0x00000004   PAD
    0x080015e8   0x080015e8   0x0000007c   Code   RO         1853    .text               c_w.l(strcmpv7em.o)
    0x08001664   0x08001664   0x0000000c   Code   RO         1902    .text               c_w.l(sys_exit.o)
    0x08001670   0x08001670   0x00000002   Code   RO         1927    .text               c_w.l(use_no_semi.o)
    0x08001672   0x08001672   0x00000000   Code   RO         1929    .text               c_w.l(indicate_semi.o)
    0x08001672   0x08001672   0x00000002   PAD
    0x08001674   0x08001674   0x00000002   Code   RO          287    .text.BusFault_Handler  stm32f4xx_it.o
    0x08001676   0x08001676   0x00000002   PAD
    0x08001678   0x08001678   0x00000002   Code   RO           11    .text.Control_Init  control.o
    0x0800167a   0x0800167a   0x00000002   PAD
    0x0800167c   0x0800167c   0x00000124   Code   RO           15    .text.Control_PID_Loop  control.o
    0x080017a0   0x080017a0   0x0000000c   Code   RO          293    .text.DMA1_Stream1_IRQHandler  stm32f4xx_it.o
    0x080017ac   0x080017ac   0x0000000c   Code   RO          295    .text.DMA1_Stream3_IRQHandler  stm32f4xx_it.o
    0x080017b8   0x080017b8   0x00000002   Code   RO          291    .text.DebugMon_Handler  stm32f4xx_it.o
    0x080017ba   0x080017ba   0x00000002   PAD
    0x080017bc   0x080017bc   0x0000003e   Code   RO           49    .text.Encoder_Init  encoder.o
    0x080017fa   0x080017fa   0x00000002   PAD
    0x080017fc   0x080017fc   0x00000006   Code   RO          169    .text.Error_Handler  main.o
    0x08001802   0x08001802   0x00000002   PAD
    0x08001804   0x08001804   0x0000008e   Code   RO          811    .text.HAL_DMA_Abort  stm32f4xx_hal_dma.o
    0x08001892   0x08001892   0x00000002   PAD
    0x08001894   0x08001894   0x00000024   Code   RO          813    .text.HAL_DMA_Abort_IT  stm32f4xx_hal_dma.o
    0x080018b8   0x080018b8   0x000001c4   Code   RO          817    .text.HAL_DMA_IRQHandler  stm32f4xx_hal_dma.o
    0x08001a7c   0x08001a7c   0x00000162   Code   RO          803    .text.HAL_DMA_Init  stm32f4xx_hal_dma.o
    0x08001bde   0x08001bde   0x00000002   PAD
    0x08001be0   0x08001be0   0x0000019e   Code   RO          765    .text.HAL_GPIO_Init  stm32f4xx_hal_gpio.o
    0x08001d7e   0x08001d7e   0x00000002   PAD
    0x08001d80   0x08001d80   0x00000010   Code   RO          773    .text.HAL_GPIO_TogglePin  stm32f4xx_hal_gpio.o
    0x08001d90   0x08001d90   0x0000000a   Code   RO          771    .text.HAL_GPIO_WritePin  stm32f4xx_hal_gpio.o
    0x08001d9a   0x08001d9a   0x00000002   PAD
    0x08001d9c   0x08001d9c   0x0000000c   Code   RO          962    .text.HAL_GetTick   stm32f4xx_hal.o
    0x08001da8   0x08001da8   0x0000001a   Code   RO          960    .text.HAL_IncTick   stm32f4xx_hal.o
    0x08001dc2   0x08001dc2   0x00000002   PAD
    0x08001dc4   0x08001dc4   0x00000036   Code   RO          950    .text.HAL_Init      stm32f4xx_hal.o
    0x08001dfa   0x08001dfa   0x00000002   PAD
    0x08001dfc   0x08001dfc   0x000000b2   Code   RO          321    .text.HAL_InitTick  stm32f4xx_hal_timebase_tim.o
    0x08001eae   0x08001eae   0x00000002   PAD
    0x08001eb0   0x08001eb0   0x00000042   Code   RO          312    .text.HAL_MspInit   stm32f4xx_hal_msp.o
    0x08001ef2   0x08001ef2   0x00000002   PAD
    0x08001ef4   0x08001ef4   0x00000022   Code   RO          902    .text.HAL_NVIC_EnableIRQ  stm32f4xx_hal_cortex.o
    0x08001f16   0x08001f16   0x00000002   PAD
    0x08001f18   0x08001f18   0x00000056   Code   RO          900    .text.HAL_NVIC_SetPriority  stm32f4xx_hal_cortex.o
    0x08001f6e   0x08001f6e   0x00000002   PAD
    0x08001f70   0x08001f70   0x00000020   Code   RO          898    .text.HAL_NVIC_SetPriorityGrouping  stm32f4xx_hal_cortex.o
    0x08001f90   0x08001f90   0x00000164   Code   RO          659    .text.HAL_RCC_ClockConfig  stm32f4xx_hal_rcc.o
    0x080020f4   0x080020f4   0x0000003e   Code   RO          677    .text.HAL_RCC_GetClockConfig  stm32f4xx_hal_rcc.o
    0x08002132   0x08002132   0x00000002   PAD
    0x08002134   0x08002134   0x00000026   Code   RO          671    .text.HAL_RCC_GetPCLK1Freq  stm32f4xx_hal_rcc.o
    0x0800215a   0x0800215a   0x00000002   PAD
    0x0800215c   0x0800215c   0x00000026   Code   RO          673    .text.HAL_RCC_GetPCLK2Freq  stm32f4xx_hal_rcc.o
    0x08002182   0x08002182   0x00000002   PAD
    0x08002184   0x08002184   0x0000006c   Code   RO          661    .text.HAL_RCC_GetSysClockFreq  stm32f4xx_hal_rcc.o
    0x080021f0   0x080021f0   0x000003ac   Code   RO          657    .text.HAL_RCC_OscConfig  stm32f4xx_hal_rcc.o
    0x0800259c   0x0800259c   0x00000002   Code   RO          641    .text.HAL_TIMEx_BreakCallback  stm32f4xx_hal_tim_ex.o
    0x0800259e   0x0800259e   0x00000002   PAD
    0x080025a0   0x080025a0   0x00000002   Code   RO          637    .text.HAL_TIMEx_CommutCallback  stm32f4xx_hal_tim_ex.o
    0x080025a2   0x080025a2   0x00000002   PAD
    0x080025a4   0x080025a4   0x000000ba   Code   RO          631    .text.HAL_TIMEx_MasterConfigSynchronization  stm32f4xx_hal_tim_ex.o
    0x0800265e   0x0800265e   0x00000002   PAD
    0x08002660   0x08002660   0x0000005a   Code   RO          336    .text.HAL_TIM_Base_Init  stm32f4xx_hal_tim.o
    0x080026ba   0x080026ba   0x00000002   PAD
    0x080026bc   0x080026bc   0x00000002   Code   RO          338    .text.HAL_TIM_Base_MspInit  stm32f4xx_hal_tim.o
    0x080026be   0x080026be   0x00000002   PAD
    0x080026c0   0x080026c0   0x000000aa   Code   RO          350    .text.HAL_TIM_Base_Start_IT  stm32f4xx_hal_tim.o
    0x0800276a   0x0800276a   0x00000002   PAD
    0x0800276c   0x0800276c   0x000000b2   Code   RO          450    .text.HAL_TIM_Encoder_Init  stm32f4xx_hal_tim.o
    0x0800281e   0x0800281e   0x00000002   PAD
    0x08002820   0x08002820   0x000001b0   Code   RO          240    .text.HAL_TIM_Encoder_MspInit  tim.o
    0x080029d0   0x080029d0   0x000000bc   Code   RO          458    .text.HAL_TIM_Encoder_Start  stm32f4xx_hal_tim.o
    0x08002a8c   0x08002a8c   0x00000002   Code   RO          472    .text.HAL_TIM_IC_CaptureCallback  stm32f4xx_hal_tim.o
    0x08002a8e   0x08002a8e   0x00000002   PAD
    0x08002a90   0x08002a90   0x0000014e   Code   RO          470    .text.HAL_TIM_IRQHandler  stm32f4xx_hal_tim.o
    0x08002bde   0x08002bde   0x00000002   PAD
    0x08002be0   0x08002be0   0x00000002   Code   RO          474    .text.HAL_TIM_OC_DelayElapsedCallback  stm32f4xx_hal_tim.o
    0x08002be2   0x08002be2   0x00000002   PAD
    0x08002be4   0x08002be4   0x00000220   Code   RO          490    .text.HAL_TIM_PWM_ConfigChannel  stm32f4xx_hal_tim.o
    0x08002e04   0x08002e04   0x0000005a   Code   RO          390    .text.HAL_TIM_PWM_Init  stm32f4xx_hal_tim.o
    0x08002e5e   0x08002e5e   0x00000002   PAD
    0x08002e60   0x08002e60   0x00000048   Code   RO          242    .text.HAL_TIM_PWM_MspInit  tim.o
    0x08002ea8   0x08002ea8   0x00000002   Code   RO          476    .text.HAL_TIM_PWM_PulseFinishedCallback  stm32f4xx_hal_tim.o
    0x08002eaa   0x08002eaa   0x00000002   PAD
    0x08002eac   0x08002eac   0x0000010e   Code   RO          398    .text.HAL_TIM_PWM_Start  stm32f4xx_hal_tim.o
    0x08002fba   0x08002fba   0x00000002   PAD
    0x08002fbc   0x08002fbc   0x00000014   Code   RO          171    .text.HAL_TIM_PeriodElapsedCallback  main.o
    0x08002fd0   0x08002fd0   0x00000002   Code   RO          480    .text.HAL_TIM_TriggerCallback  stm32f4xx_hal_tim.o
    0x08002fd2   0x08002fd2   0x00000002   PAD
    0x08002fd4   0x08002fd4   0x00000002   Code   RO         1126    .text.HAL_UARTEx_RxEventCallback  stm32f4xx_hal_uart.o
    0x08002fd6   0x08002fd6   0x00000002   PAD
    0x08002fd8   0x08002fd8   0x00000002   Code   RO         1124    .text.HAL_UART_ErrorCallback  stm32f4xx_hal_uart.o
    0x08002fda   0x08002fda   0x00000002   PAD
    0x08002fdc   0x08002fdc   0x00000594   Code   RO         1118    .text.HAL_UART_IRQHandler  stm32f4xx_hal_uart.o
    0x08003570   0x08003570   0x00000060   Code   RO         1040    .text.HAL_UART_Init  stm32f4xx_hal_uart.o
    0x080035d0   0x080035d0   0x0000016e   Code   RO          265    .text.HAL_UART_MspInit  usart.o
    0x0800373e   0x0800373e   0x00000002   PAD
    0x08003740   0x08003740   0x00000054   Code   RO         1062    .text.HAL_UART_Receive_IT  stm32f4xx_hal_uart.o
    0x08003794   0x08003794   0x0000002a   Code   RO          118    .text.HAL_UART_RxCpltCallback  serial.o
    0x080037be   0x080037be   0x00000002   PAD
    0x080037c0   0x080037c0   0x00000192   Code   RO         1056    .text.HAL_UART_Transmit  stm32f4xx_hal_uart.o
    0x08003952   0x08003952   0x00000002   PAD
    0x08003954   0x08003954   0x00000002   Code   RO          120    .text.HAL_UART_TxCpltCallback  serial.o
    0x08003956   0x08003956   0x00000002   PAD
    0x08003958   0x08003958   0x00000002   Code   RO          283    .text.HardFault_Handler  stm32f4xx_it.o
    0x0800395a   0x0800395a   0x00000002   PAD
    0x0800395c   0x0800395c   0x00000048   Code   RO          219    .text.MX_DMA_Init   dma.o
    0x080039a4   0x080039a4   0x00000148   Code   RO          197    .text.MX_FREERTOS_Init  freertos.o
    0x08003aec   0x08003aec   0x00000156   Code   RO          184    .text.MX_GPIO_Init  gpio.o
    0x08003c42   0x08003c42   0x00000002   PAD
    0x08003c44   0x08003c44   0x0000006c   Code   RO          228    .text.MX_TIM1_Init  tim.o
    0x08003cb0   0x08003cb0   0x00000064   Code   RO          230    .text.MX_TIM2_Init  tim.o
    0x08003d14   0x08003d14   0x0000013c   Code   RO          232    .text.MX_TIM3_Init  tim.o
    0x08003e50   0x08003e50   0x00000068   Code   RO          236    .text.MX_TIM4_Init  tim.o
    0x08003eb8   0x08003eb8   0x00000068   Code   RO          238    .text.MX_TIM5_Init  tim.o
    0x08003f20   0x08003f20   0x0000003c   Code   RO          261    .text.MX_USART1_UART_Init  usart.o
    0x08003f5c   0x08003f5c   0x0000003c   Code   RO          263    .text.MX_USART3_UART_Init  usart.o
    0x08003f98   0x08003f98   0x00000002   Code   RO          285    .text.MemManage_Handler  stm32f4xx_it.o
    0x08003f9a   0x08003f9a   0x00000002   PAD
    0x08003f9c   0x08003f9c   0x00000066   Code   RO           74    .text.Motor_Init    motor.o
    0x08004002   0x08004002   0x00000002   PAD
    0x08004004   0x08004004   0x00000112   Code   RO           76    .text.Motor_SetSpeed  motor.o
    0x08004116   0x08004116   0x00000002   PAD
    0x08004118   0x08004118   0x00000002   Code   RO          281    .text.NMI_Handler   stm32f4xx_it.o
    0x0800411a   0x0800411a   0x00000006   PAD
    0x08004120   0x08004120   0x00000064   Code   RO         1585    .text.PendSV_Handler  port.o
    0x08004184   0x08004184   0x0000000c   PAD
    0x08004190   0x08004190   0x00000024   Code   RO         1569    .text.SVC_Handler   port.o
    0x080041b4   0x080041b4   0x00000016   Code   RO          100    .text.Serial_Init   serial.o
    0x080041ca   0x080041ca   0x00000002   PAD
    0x080041cc   0x080041cc   0x00000064   Code   RO          112    .text.Serial_Printf  serial.o
    0x08004230   0x08004230   0x0000001a   Code   RO          201    .text.StartControlTask  freertos.o
    0x0800424a   0x0800424a   0x00000002   PAD
    0x0800424c   0x0800424c   0x0000001c   Code   RO          199    .text.StartDefaultTask  freertos.o
    0x08004268   0x08004268   0x00000002   Code   RO          205    .text.StartTelemetryTask  freertos.o
    0x0800426a   0x0800426a   0x00000002   PAD
    0x0800426c   0x0800426c   0x0000000a   Code   RO          203    .text.StartVisionTask  freertos.o
    0x08004276   0x08004276   0x00000002   PAD
    0x08004278   0x08004278   0x0000002e   Code   RO         1587    .text.SysTick_Handler  port.o
    0x080042a6   0x080042a6   0x00000002   PAD
    0x080042a8   0x080042a8   0x000000ac   Code   RO          167    .text.SystemClock_Config  main.o
    0x08004354   0x08004354   0x00000012   Code   RO         1162    .text.SystemInit    system_stm32f4xx.o
    0x08004366   0x08004366   0x00000002   PAD
    0x08004368   0x08004368   0x0000000c   Code   RO          297    .text.TIM3_IRQHandler  stm32f4xx_it.o
    0x08004374   0x08004374   0x0000000c   Code   RO          303    .text.TIM8_TRG_COM_TIM14_IRQHandler  stm32f4xx_it.o
    0x08004380   0x08004380   0x0000013a   Code   RO          340    .text.TIM_Base_SetConfig  stm32f4xx_hal_tim.o
    0x080044ba   0x080044ba   0x00000002   PAD
    0x080044bc   0x080044bc   0x0000000a   Code   RO         1122    .text.UART_DMAAbortOnError  stm32f4xx_hal_uart.o
    0x080044c6   0x080044c6   0x00000002   PAD
    0x080044c8   0x080044c8   0x000000fe   Code   RO         1120    .text.UART_Receive_IT  stm32f4xx_hal_uart.o
    0x080045c6   0x080045c6   0x00000002   PAD
    0x080045c8   0x080045c8   0x000000e6   Code   RO         1044    .text.UART_SetConfig  stm32f4xx_hal_uart.o
    0x080046ae   0x080046ae   0x00000002   PAD
    0x080046b0   0x080046b0   0x0000000c   Code   RO          299    .text.USART1_IRQHandler  stm32f4xx_it.o
    0x080046bc   0x080046bc   0x0000002e   Code   RO          301    .text.USART3_IRQHandler  stm32f4xx_it.o
    0x080046ea   0x080046ea   0x00000002   PAD
    0x080046ec   0x080046ec   0x00000002   Code   RO          289    .text.UsageFault_Handler  stm32f4xx_it.o
    0x080046ee   0x080046ee   0x00000002   PAD
    0x080046f0   0x080046f0   0x00000084   Code   RO          165    .text.main          main.o
    0x08004774   0x08004774   0x00000010   Code   RO         1447    .text.osDelay       cmsis_os.o
    0x08004784   0x08004784   0x0000000a   Code   RO         1429    .text.osKernelStart  cmsis_os.o
    0x0800478e   0x0800478e   0x00000002   PAD
    0x08004790   0x08004790   0x0000002a   Code   RO         1485    .text.osMessageCreate  cmsis_os.o
    0x080047ba   0x080047ba   0x00000002   PAD
    0x080047bc   0x080047bc   0x00000010   Code   RO         1461    .text.osMutexCreate  cmsis_os.o
    0x080047cc   0x080047cc   0x0000005c   Code   RO         1435    .text.osThreadCreate  cmsis_os.o
    0x08004828   0x08004828   0x0000007e   Code   RO         1335    .text.prvAddCurrentTaskToDelayedList  tasks.o
    0x080048a6   0x080048a6   0x00000002   PAD
    0x080048a8   0x080048a8   0x000000fc   Code   RO         1325    .text.prvAddNewTaskToReadyList  tasks.o
    0x080049a4   0x080049a4   0x00000086   Code   RO         1357    .text.prvIdleTask   tasks.o
    0x08004a2a   0x08004a2a   0x00000002   PAD
    0x08004a2c   0x08004a2c   0x00000104   Code   RO         1323    .text.prvInitialiseNewTask  tasks.o
    0x08004b30   0x08004b30   0x00000028   Code   RO         1577    .text.prvPortStartFirstTask  port.o
    0x08004b58   0x08004b58   0x0000003e   Code   RO         1567    .text.prvTaskExitError  port.o
    0x08004b96   0x08004b96   0x00000002   PAD
    0x08004b98   0x08004b98   0x00000074   Code   RO         1236    .text.prvUnlockQueue  queue.o
    0x08004c0c   0x08004c0c   0x000001f0   Code   RO         1543    .text.pvPortMalloc  heap_4.o
    0x08004dfc   0x08004dfc   0x00000024   Code   RO         1565    .text.pxPortInitialiseStack  port.o
    0x08004e20   0x08004e20   0x00000022   Code   RO         1214    .text.uxListRemove  list.o
    0x08004e42   0x08004e42   0x00000002   PAD
    0x08004e44   0x08004e44   0x0000001a   Code   RO          195    .text.vApplicationGetIdleTaskMemory  freertos.o
    0x08004e5e   0x08004e5e   0x00000002   PAD
    0x08004e60   0x08004e60   0x00000002   Code   RO          193    .text.vApplicationStackOverflowHook  freertos.o
    0x08004e62   0x08004e62   0x00000002   PAD
    0x08004e64   0x08004e64   0x00000016   Code   RO         1206    .text.vListInitialise  list.o
    0x08004e7a   0x08004e7a   0x00000002   PAD
    0x08004e7c   0x08004e7c   0x00000006   Code   RO         1208    .text.vListInitialiseItem  list.o
    0x08004e82   0x08004e82   0x00000002   PAD
    0x08004e84   0x08004e84   0x00000062   Code   RO         1212    .text.vListInsert   list.o
    0x08004ee6   0x08004ee6   0x00000002   PAD
    0x08004ee8   0x08004ee8   0x0000001a   Code   RO         1210    .text.vListInsertEnd  list.o
    0x08004f02   0x08004f02   0x00000002   PAD
    0x08004f04   0x08004f04   0x00000014   Code   RO         1575    .text.vPortEnableVFP  port.o
    0x08004f18   0x08004f18   0x00000046   Code   RO         1581    .text.vPortEnterCritical  port.o
    0x08004f5e   0x08004f5e   0x00000002   PAD
    0x08004f60   0x08004f60   0x0000002e   Code   RO         1583    .text.vPortExitCritical  port.o
    0x08004f8e   0x08004f8e   0x00000002   PAD
    0x08004f90   0x08004f90   0x000000d4   Code   RO         1545    .text.vPortFree     heap_4.o
    0x08005064   0x08005064   0x00000034   Code   RO         1573    .text.vPortSetupTimerInterrupt  port.o
    0x08005098   0x08005098   0x0000009e   Code   RO         1339    .text.vTaskDelay    tasks.o
    0x08005136   0x08005136   0x00000002   PAD
    0x08005138   0x08005138   0x000000e0   Code   RO         1331    .text.vTaskDelayUntil  tasks.o
    0x08005218   0x08005218   0x00000012   Code   RO         1383    .text.vTaskInternalSetTimeOutState  tasks.o
    0x0800522a   0x0800522a   0x00000002   PAD
    0x0800522c   0x0800522c   0x0000000e   Code   RO         1387    .text.vTaskMissedYield  tasks.o
    0x0800523a   0x0800523a   0x00000002   PAD
    0x0800523c   0x0800523c   0x00000036   Code   RO         1373    .text.vTaskPlaceOnEventList  tasks.o
    0x08005272   0x08005272   0x00000002   PAD
    0x08005274   0x08005274   0x000000cc   Code   RO         1355    .text.vTaskStartScheduler  tasks.o
    0x08005340   0x08005340   0x00000010   Code   RO         1333    .text.vTaskSuspendAll  tasks.o
    0x08005350   0x08005350   0x0000009a   Code   RO         1349    .text.vTaskSwitchContext  tasks.o
    0x080053ea   0x080053ea   0x00000002   PAD
    0x080053ec   0x080053ec   0x00000188   Code   RO         1571    .text.xPortStartScheduler  port.o
    0x08005574   0x08005574   0x0000006a   Code   RO         1230    .text.xQueueCreateMutex  queue.o
    0x080055de   0x080055de   0x00000002   PAD
    0x080055e0   0x080055e0   0x0000009a   Code   RO         1232    .text.xQueueCreateMutexStatic  queue.o
    0x0800567a   0x0800567a   0x00000002   PAD
    0x0800567c   0x0800567c   0x0000007e   Code   RO         1228    .text.xQueueGenericCreate  queue.o
    0x080056fa   0x080056fa   0x00000002   PAD
    0x080056fc   0x080056fc   0x000000d6   Code   RO         1226    .text.xQueueGenericCreateStatic  queue.o
    0x080057d2   0x080057d2   0x00000002   PAD
    0x080057d4   0x080057d4   0x000002c0   Code   RO         1234    .text.xQueueGenericSend  queue.o
    0x08005a94   0x08005a94   0x0000009a   Code   RO         1385    .text.xTaskCheckForTimeOut  tasks.o
    0x08005b2e   0x08005b2e   0x00000002   PAD
    0x08005b30   0x08005b30   0x00000060   Code   RO         1327    .text.xTaskCreate   tasks.o
    0x08005b90   0x08005b90   0x00000076   Code   RO         1321    .text.xTaskCreateStatic  tasks.o
    0x08005c06   0x08005c06   0x00000002   PAD
    0x08005c08   0x08005c08   0x0000001e   Code   RO         1391    .text.xTaskGetSchedulerState  tasks.o
    0x08005c26   0x08005c26   0x00000002   PAD
    0x08005c28   0x08005c28   0x0000000c   Code   RO         1363    .text.xTaskGetTickCount  tasks.o
    0x08005c34   0x08005c34   0x00000106   Code   RO         1361    .text.xTaskIncrementTick  tasks.o
    0x08005d3a   0x08005d3a   0x00000002   PAD
    0x08005d3c   0x08005d3c   0x000000ae   Code   RO         1395    .text.xTaskPriorityDisinherit  tasks.o
    0x08005dea   0x08005dea   0x00000002   PAD
    0x08005dec   0x08005dec   0x00000074   Code   RO         1377    .text.xTaskRemoveFromEventList  tasks.o
    0x08005e60   0x08005e60   0x000000ea   Code   RO         1337    .text.xTaskResumeAll  tasks.o
    0x08005f4a   0x08005f4a   0x0000003e   Code   RO         1794    CL$$btod_d2e        c_w.l(btod.o)
    0x08005f88   0x08005f88   0x00000046   Code   RO         1796    CL$$btod_d2e_denorm_low  c_w.l(btod.o)
    0x08005fce   0x08005fce   0x00000060   Code   RO         1795    CL$$btod_d2e_norm_op1  c_w.l(btod.o)
    0x0800602e   0x0800602e   0x00000002   PAD
    0x08006030   0x08006030   0x00000338   Code   RO         1804    CL$$btod_div_common  c_w.l(btod.o)
    0x08006368   0x08006368   0x000000dc   Code   RO         1801    CL$$btod_e2e        c_w.l(btod.o)
    0x08006444   0x08006444   0x0000002a   Code   RO         1798    CL$$btod_ediv       c_w.l(btod.o)
    0x0800646e   0x0800646e   0x0000002a   Code   RO         1797    CL$$btod_emul       c_w.l(btod.o)
    0x08006498   0x08006498   0x00000244   Code   RO         1803    CL$$btod_mult_common  c_w.l(btod.o)
    0x080066dc   0x080066dc   0x00000030   Code   RO         1835    i.__ARM_fpclassify  m_wm.l(fpclassify.o)
    0x0800670c   0x0800670c   0x0000000e   Code   RO         1693    i._is_digit         c_w.l(__printf_wp.o)
    0x0800671a   0x0800671a   0x00000002   PAD
    0x0800671c   0x0800671c   0x0000002c   Code   RO         1819    locale$$code        c_w.l(lc_numeric_c.o)
    0x08006748   0x08006748   0x0000002c   Code   RO         1847    locale$$code        c_w.l(lc_ctype_c.o)
    0x08006774   0x08006774   0x0000001a   Code   RO         1921    x$fpl$fpinit        fz_wm.l(fpinit.o)
    0x0800678e   0x0800678e   0x00000004   Code   RO         1734    x$fpl$printf1       fz_wm.l(printf1.o)
    0x08006792   0x08006792   0x00000004   Code   RO         1736    x$fpl$printf2       fz_wm.l(printf2.o)
    0x08006796   0x08006796   0x00000000   Code   RO         1742    x$fpl$usenofp       fz_wm.l(usenofp.o)
    0x08006796   0x08006796   0x00000002   PAD
    0x08006798   0x08006798   0x00000008   Data   RO         1652    .constdata          c_w.l(_printf_wctomb.o)
    0x080067a0   0x080067a0   0x00000028   Data   RO         1681    .constdata          c_w.l(_printf_hex_int_ll_ptr.o)
    0x080067c8   0x080067c8   0x00000011   Data   RO         1701    .constdata          c_w.l(__printf_flags_ss_wp.o)
    0x080067d9   0x080067d9   0x00000026   Data   RO         1769    .constdata          c_w.l(_printf_fp_hex.o)
    0x080067ff   0x080067ff   0x00000001   PAD
    0x08006800   0x08006800   0x00000094   Data   RO         1792    .constdata          c_w.l(bigflt0.o)
    0x08006894   0x08006894   0x00000010   Data   RO         1167    .rodata.AHBPrescTable  system_stm32f4xx.o
    0x080068a4   0x080068a4   0x00000008   Data   RO         1168    .rodata.APBPrescTable  system_stm32f4xx.o
    0x080068ac   0x080068ac   0x00000008   Data   RO          827    .rodata.cst8        stm32f4xx_hal_dma.o
    0x080068b4   0x080068b4   0x00000031   Data   RO          209    .rodata.str1.1      freertos.o
    0x080068e5   0x080068e5   0x00000003   PAD
    0x080068e8   0x080068e8   0x00000020   Data   RO         1982    Region$$Table       anon$$obj.o
    0x08006908   0x08006908   0x0000001c   Data   RO         1818    locale$$data        c_w.l(lc_numeric_c.o)
    0x08006924   0x08006924   0x00000110   Data   RO         1846    locale$$data        c_w.l(lc_ctype_c.o)


    Execution Region RW_IRAM1 (Exec base: 0x20000000, Load base: 0x08006a38, Size: 0x00011b48, Max: 0x0001c000, ABSOLUTE)

    Exec Addr    Load Addr    Size         Type   Attr      Idx    E Section Name        Object

    0x20000000   0x08006a38   0x00000008   Data   RW         1005    .data..L_MergedGlobals  stm32f4xx_hal.o
    0x20000008   0x08006a40   0x00000004   Data   RW         1166    .data.SystemCoreClock  system_stm32f4xx.o
    0x2000000c   0x08006a44   0x00000002   Data   RW           32    .data.TEST_PWM      control.o
    0x2000000e   0x08006a46   0x00000002   PAD
    0x20000010   0x08006a48   0x00000004   Data   RW         1591    .data.uxCriticalNesting  port.o
    0x20000014   0x08006a4c   0x00000004   PAD
    0x20000018        -       0x00000060   Zero   RW         1838    .bss                c_w.l(libspace.o)
    0x20000078        -       0x00000002   Zero   RW          122    .bss..L_MergedGlobals  serial.o
    0x2000007a   0x08006a4c   0x00000002   PAD
    0x2000007c        -       0x00000018   Zero   RW          210    .bss..L_MergedGlobals  freertos.o
    0x20000094        -       0x00000078   Zero   RW         1418    .bss..L_MergedGlobals  tasks.o
    0x2000010c        -       0x00000020   Zero   RW         1556    .bss..L_MergedGlobals  heap_4.o
    0x2000012c        -       0x00000008   Zero   RW         1592    .bss..L_MergedGlobals  port.o
    0x20000134        -       0x00000028   Zero   RW         1419    .bss..L_MergedGlobals.2  tasks.o
    0x2000015c        -       0x00000001   Zero   RW           34    .bss.current_motor  control.o
    0x2000015d        -       0x00000001   Zero   RW          173    .bss.g_test_motor_index  main.o
    0x2000015e   0x08006a4c   0x00000002   PAD
    0x20000160        -       0x00000060   Zero   RW          271    .bss.hdma_usart3_rx  usart.o
    0x200001c0        -       0x00000060   Zero   RW          272    .bss.hdma_usart3_tx  usart.o
    0x20000220        -       0x00000048   Zero   RW          248    .bss.htim1          tim.o
    0x20000268        -       0x00000048   Zero   RW          327    .bss.htim14         stm32f4xx_hal_timebase_tim.o
    0x200002b0        -       0x00000048   Zero   RW          249    .bss.htim2          tim.o
    0x200002f8        -       0x00000048   Zero   RW          250    .bss.htim3          tim.o
    0x20000340        -       0x00000048   Zero   RW          251    .bss.htim4          tim.o
    0x20000388        -       0x00000048   Zero   RW          252    .bss.htim5          tim.o
    0x200003d0        -       0x00000048   Zero   RW          269    .bss.huart1         usart.o
    0x20000418        -       0x00000048   Zero   RW          270    .bss.huart3         usart.o
    0x20000460        -       0x0000008c   Zero   RW         1417    .bss.pxReadyTasksLists  tasks.o
    0x200004ec        -       0x00010000   Zero   RW         1555    .bss.ucHeap         heap_4.o
    0x200104ec        -       0x00000004   Zero   RW         1004    .bss.uwTick         stm32f4xx_hal.o
    0x200104f0        -       0x00000200   Zero   RW          208    .bss.xIdleStack     freertos.o
    0x200106f0        -       0x00000054   Zero   RW          207    .bss.xIdleTaskTCBBuffer  freertos.o
    0x20010744   0x08006a4c   0x00000004   PAD
    0x20010748        -       0x00000400   Zero   RW            2    HEAP                startup_stm32f407xx.o
    0x20010b48        -       0x00001000   Zero   RW            1    STACK               startup_stm32f407xx.o


    Execution Region RW_IRAM2 (Exec base: 0x2001c000, Load base: 0x08006a50, Size: 0x00000000, Max: 0x00004000, ABSOLUTE)

    **** No section assigned to this execution region ****


==============================================================================

Image component sizes


      Code (inc. data)   RO Data    RW Data    ZI Data      Debug   Object Name

       176          0          0          0          0      24940   cmsis_os.o
       294        112          0          2          1       3427   control.o
        72          0          0          0          0       3460   dma.o
        62          0          0          0          0       4098   encoder.o
       422        128         49          0        620       5441   freertos.o
       342          0          0          0          0       2292   gpio.o
       708          0          0          0      65568       5750   heap_4.o
       186          0          0          0          0       2303   list.o
       330         52          0          0          1       6471   main.o
       376          4          0          0          0       5196   motor.o
       900         16          0          4          8       4334   port.o
      1420          0          0          0          0      24669   queue.o
       166          0          0          0          2       6499   serial.o
        64         26        392          0       5120        840   startup_stm32f407xx.o
        92          0          0          8          4       7293   stm32f4xx_hal.o
       152          0          0          0          0      10710   stm32f4xx_hal_cortex.o
       984          6          8          0          0      10522   stm32f4xx_hal_dma.o
       440          0          0          0          0       5340   stm32f4xx_hal_gpio.o
        66          0          0          0          0       3524   stm32f4xx_hal_msp.o
      1542          0          0          0          0       7464   stm32f4xx_hal_rcc.o
      2188          6          0          0          0      57418   stm32f4xx_hal_tim.o
       190          0          0          0          0      21475   stm32f4xx_hal_tim_ex.o
       178          0          0          0         72       7242   stm32f4xx_hal_timebase_tim.o
      2508          0          0          0          0      32233   stm32f4xx_hal_uart.o
       118          0          0          0          0       5970   stm32f4xx_it.o
        18          0         24          4          0       2577   system_stm32f4xx.o
      2810          8          0          0        300      29647   tasks.o
      1236          0          0          0        360      12061   tim.o
       486          0          0          0        336       7434   usart.o

    ----------------------------------------------------------------------
     18710        370        508         20      72404     320630   Object Totals
         0          0         32          0          0          0   (incl. Generated)
       184         12          3          2         12          0   (incl. Padding)

    ----------------------------------------------------------------------

      Code (inc. data)   RO Data    RW Data    ZI Data      Debug   Library Member Name

         8          0          0          0          0         68   __main.o
       392          4         17          0          0         92   __printf_flags_ss_wp.o
        14          0          0          0          0         68   __printf_wp.o
         0          0          0          0          0          0   __rtentry.o
        12          0          0          0          0          0   __rtentry2.o
         6          0          0          0          0          0   __rtentry4.o
        94          8          0          0          0          0   __scatter.o
        26          0          0          0          0          0   __scatter_copy.o
        28          0          0          0          0          0   __scatter_zi.o
        72          0          0          0          0         96   _c16rtomb.o
         6          0          0          0          0          0   _printf_a.o
         6          0          0          0          0          0   _printf_c.o
        44          0          0          0          0        108   _printf_char.o
        48          6          0          0          0         96   _printf_char_common.o
        40          0          0          0          0         68   _printf_charcount.o
         6          0          0          0          0          0   _printf_d.o
       120         16          0          0          0         92   _printf_dec.o
         6          0          0          0          0          0   _printf_e.o
         6          0          0          0          0          0   _printf_f.o
      1052          0          0          0          0        148   _printf_fp_dec.o
       764          8         38          0          0        100   _printf_fp_hex.o
       128         16          0          0          0         84   _printf_fp_infnan.o
         6          0          0          0          0          0   _printf_g.o
       148          4         40          0          0        160   _printf_hex_int_ll_ptr.o
         6          0          0          0          0          0   _printf_i.o
       178          0          0          0          0         88   _printf_intcommon.o
        10          0          0          0          0          0   _printf_l.o
         6          0          0          0          0          0   _printf_lc.o
        10          0          0          0          0          0   _printf_ll.o
         6          0          0          0          0          0   _printf_lld.o
         6          0          0          0          0          0   _printf_lli.o
         6          0          0          0          0          0   _printf_llo.o
         6          0          0          0          0          0   _printf_llu.o
         6          0          0          0          0          0   _printf_llx.o
       124         16          0          0          0         92   _printf_longlong_dec.o
         6          0          0          0          0          0   _printf_ls.o
         6          0          0          0          0          0   _printf_n.o
         6          0          0          0          0          0   _printf_o.o
       112          8          0          0          0        124   _printf_oct_int_ll.o
         6          0          0          0          0          0   _printf_p.o
        78          0          0          0          0        108   _printf_pad.o
         0          0          0          0          0          0   _printf_percent.o
         4          0          0          0          0          0   _printf_percent_end.o
         6          0          0          0          0          0   _printf_s.o
        82          0          0          0          0         80   _printf_str.o
        36          0          0          0          0         84   _printf_truncate.o
         6          0          0          0          0          0   _printf_u.o
        44          0          0          0          0        108   _printf_wchar.o
       188          6          8          0          0         92   _printf_wctomb.o
         6          0          0          0          0          0   _printf_x.o
        10          0          0          0          0         68   _sputc.o
        16          0          0          0          0         68   aeabi_memset4.o
       228          4        148          0          0         96   bigflt0.o
      1936        128          0          0          0        668   btod.o
        18          0          0          0          0         80   exit.o
         6          0          0          0          0        152   heapauxi.o
         0          0          0          0          0          0   indicate_semi.o
        44         10        272          0          0         76   lc_ctype_c.o
        44         10         28          0          0         76   lc_numeric_c.o
         2          0          0          0          0          0   libinit.o
        34          0          0          0          0          0   libinit2.o
         2          0          0          0          0          0   libshutdown.o
         2          0          0          0          0          0   libshutdown2.o
         8          4          0          0         96         68   libspace.o
       138          0          0          0          0         80   lludiv10.o
       240          0          0          0          0        100   lludivv7m.o
        16          4          0          0          0         76   rt_ctype_table.o
         8          4          0          0          0         68   rt_locale_intlibspace.o
        78          0          0          0          0         80   rt_memclr_w.o
       138          0          0          0          0         68   rt_memcpy_v6.o
       100          0          0          0          0         80   rt_memcpy_w.o
         2          0          0          0          0          0   rtexit.o
        10          0          0          0          0          0   rtexit2.o
       124          0          0          0          0         88   strcmpv7em.o
        12          4          0          0          0         68   sys_exit.o
        74          0          0          0          0         80   sys_stackheap_outer.o
         2          0          0          0          0         68   use_no_semi.o
        36          4          0          0          0         76   vsprintf.o
        26          0          0          0          0        116   fpinit.o
         4          0          0          0          0        116   printf1.o
         4          0          0          0          0        116   printf2.o
         0          0          0          0          0          0   usenofp.o
        48          0          0          0          0        124   fpclassify.o

    ----------------------------------------------------------------------
      7418        268        552          0         96       4712   Library Totals
        26          4          1          0          0          0   (incl. Padding)

    ----------------------------------------------------------------------

      Code (inc. data)   RO Data    RW Data    ZI Data      Debug   Library Name

      7310        264        551          0         96       4240   c_w.l
        34          0          0          0          0        348   fz_wm.l
        48          0          0          0          0        124   m_wm.l

    ----------------------------------------------------------------------
      7418        268        552          0         96       4712   Library Totals

    ----------------------------------------------------------------------

==============================================================================


      Code (inc. data)   RO Data    RW Data    ZI Data      Debug   

     26128        638       1060         20      72500     322382   Grand Totals
     26128        638       1060         20      72500     322382   ELF Image Totals
     26128        638       1060         20          0          0   ROM Totals

==============================================================================

    Total RO  Size (Code + RO Data)                27188 (  26.55kB)
    Total RW  Size (RW Data + ZI Data)             72520 (  70.82kB)
    Total ROM Size (Code + RO Data + RW Data)      27208 (  26.57kB)

==============================================================================

