Component: Arm Compiler for Embedded 6.22 Tool: armlink [5ee90200]

==============================================================================

Section Cross References

    startup_stm32f407xx.o(STACK) refers (Special) to heapauxi.o(.text) for __use_two_region_memory
    startup_stm32f407xx.o(HEAP) refers (Special) to heapauxi.o(.text) for __use_two_region_memory
    startup_stm32f407xx.o(RESET) refers (Special) to heapauxi.o(.text) for __use_two_region_memory
    startup_stm32f407xx.o(RESET) refers to startup_stm32f407xx.o(STACK) for __initial_sp
    startup_stm32f407xx.o(RESET) refers to startup_stm32f407xx.o(.text) for Reset_Handler
    startup_stm32f407xx.o(RESET) refers to stm32f4xx_it.o(.text.NMI_Handler) for NMI_Handler
    startup_stm32f407xx.o(RESET) refers to stm32f4xx_it.o(.text.HardFault_Handler) for HardFault_Handler
    startup_stm32f407xx.o(RESET) refers to stm32f4xx_it.o(.text.MemManage_Handler) for MemManage_Handler
    startup_stm32f407xx.o(RESET) refers to stm32f4xx_it.o(.text.BusFault_Handler) for BusFault_Handler
    startup_stm32f407xx.o(RESET) refers to stm32f4xx_it.o(.text.UsageFault_Handler) for UsageFault_Handler
    startup_stm32f407xx.o(RESET) refers to port.o(.text.SVC_Handler) for SVC_Handler
    startup_stm32f407xx.o(RESET) refers to stm32f4xx_it.o(.text.DebugMon_Handler) for DebugMon_Handler
    startup_stm32f407xx.o(RESET) refers to port.o(.text.PendSV_Handler) for PendSV_Handler
    startup_stm32f407xx.o(RESET) refers to port.o(.text.SysTick_Handler) for SysTick_Handler
    startup_stm32f407xx.o(RESET) refers to stm32f4xx_it.o(.text.DMA1_Stream1_IRQHandler) for DMA1_Stream1_IRQHandler
    startup_stm32f407xx.o(RESET) refers to stm32f4xx_it.o(.text.DMA1_Stream3_IRQHandler) for DMA1_Stream3_IRQHandler
    startup_stm32f407xx.o(RESET) refers to stm32f4xx_it.o(.text.TIM3_IRQHandler) for TIM3_IRQHandler
    startup_stm32f407xx.o(RESET) refers to stm32f4xx_it.o(.text.USART1_IRQHandler) for USART1_IRQHandler
    startup_stm32f407xx.o(RESET) refers to stm32f4xx_it.o(.text.USART3_IRQHandler) for USART3_IRQHandler
    startup_stm32f407xx.o(RESET) refers to stm32f4xx_it.o(.text.TIM8_TRG_COM_TIM14_IRQHandler) for TIM8_TRG_COM_TIM14_IRQHandler
    startup_stm32f407xx.o(.text) refers (Special) to heapauxi.o(.text) for __use_two_region_memory
    startup_stm32f407xx.o(.text) refers to system_stm32f4xx.o(.text.SystemInit) for SystemInit
    startup_stm32f407xx.o(.text) refers to __main.o(!!!main) for __main
    startup_stm32f407xx.o(.text) refers to startup_stm32f407xx.o(HEAP) for Heap_Mem
    startup_stm32f407xx.o(.text) refers to startup_stm32f407xx.o(STACK) for Stack_Mem
    control.o(.text.Control_Init) refers to control.o(.bss.pid_speed) for pid_speed
    control.o(.text.Control_Init) refers to pid.o(.text.PID_Init) for PID_Init
    control.o(.ARM.exidx.text.Control_Init) refers to control.o(.text.Control_Init) for [Anonymous Symbol]
    control.o(.text.Vision_ReceiveAndParse) refers to control.o(.bss.Vision_ReceiveAndParse.fake_counter) for Vision_ReceiveAndParse.fake_counter
    control.o(.text.Vision_ReceiveAndParse) refers to freertos.o(.bss..L_MergedGlobals) for targetCoordQueueHandle
    control.o(.text.Vision_ReceiveAndParse) refers to cmsis_os.o(.text.osMessagePut) for osMessagePut
    control.o(.ARM.exidx.text.Vision_ReceiveAndParse) refers to control.o(.text.Vision_ReceiveAndParse) for [Anonymous Symbol]
    control.o(.text.Control_PID_Loop) refers to freertos.o(.bss..L_MergedGlobals) for targetCoordQueueHandle
    control.o(.text.Control_PID_Loop) refers to cmsis_os.o(.text.osMessageGet) for osMessageGet
    control.o(.text.Control_PID_Loop) refers to control.o(.data..L_MergedGlobals) for .L_MergedGlobals
    control.o(.text.Control_PID_Loop) refers to control.o(.bss..L_MergedGlobals.1) for .L_MergedGlobals.1
    control.o(.text.Control_PID_Loop) refers to cmsis_os.o(.text.osKernelSysTick) for osKernelSysTick
    control.o(.text.Control_PID_Loop) refers to cmsis_os.o(.text.osMutexWait) for osMutexWait
    control.o(.text.Control_PID_Loop) refers to cmsis_os.o(.text.osMutexRelease) for osMutexRelease
    control.o(.text.Control_PID_Loop) refers to encoder.o(.text.Encoder_Get_Increment) for Encoder_Get_Increment
    control.o(.text.Control_PID_Loop) refers to control.o(.bss.pid_speed) for pid_speed
    control.o(.text.Control_PID_Loop) refers to pid.o(.text.PID_Update) for PID_Update
    control.o(.text.Control_PID_Loop) refers to motor.o(.text.Motor_SetSpeed) for Motor_SetSpeed
    control.o(.ARM.exidx.text.Control_PID_Loop) refers to control.o(.text.Control_PID_Loop) for [Anonymous Symbol]
    control.o(.text.Control_Telemetry_Loop) refers to freertos.o(.bss..L_MergedGlobals) for telemetryDataMutexHandle
    control.o(.text.Control_Telemetry_Loop) refers to cmsis_os.o(.text.osMutexWait) for osMutexWait
    control.o(.text.Control_Telemetry_Loop) refers to control.o(.data..L_MergedGlobals) for .L_MergedGlobals
[...]
    DMA2_Stream2_IRQHandler                  0x0800031b   Thumb Code     0  startup_stm32f407xx.o(.text)
    DMA2_Stream3_IRQHandler                  0x0800031b   Thumb Code     0  startup_stm32f407xx.o(.text)
    DMA2_Stream4_IRQHandler                  0x0800031b   Thumb Code     0  startup_stm32f407xx.o(.text)
    DMA2_Stream5_IRQHandler                  0x0800031b   Thumb Code     0  startup_stm32f407xx.o(.text)
    DMA2_Stream6_IRQHandler                  0x0800031b   Thumb Code     0  startup_stm32f407xx.o(.text)
    DMA2_Stream7_IRQHandler                  0x0800031b   Thumb Code     0  startup_stm32f407xx.o(.text)
    ETH_IRQHandler                           0x0800031b   Thumb Code     0  startup_stm32f407xx.o(.text)
    ETH_WKUP_IRQHandler                      0x0800031b   Thumb Code     0  startup_stm32f407xx.o(.text)
    EXTI0_IRQHandler                         0x0800031b   Thumb Code     0  startup_stm32f407xx.o(.text)
    EXTI15_10_IRQHandler                     0x0800031b   Thumb Code     0  startup_stm32f407xx.o(.text)
    EXTI1_IRQHandler                         0x0800031b   Thumb Code     0  startup_stm32f407xx.o(.text)
    EXTI2_IRQHandler                         0x0800031b   Thumb Code     0  startup_stm32f407xx.o(.text)
    EXTI3_IRQHandler                         0x0800031b   Thumb Code     0  startup_stm32f407xx.o(.text)
    EXTI4_IRQHandler                         0x0800031b   Thumb Code     0  startup_stm32f407xx.o(.text)
    EXTI9_5_IRQHandler                       0x0800031b   Thumb Code     0  startup_stm32f407xx.o(.text)
    FLASH_IRQHandler                         0x0800031b   Thumb Code     0  startup_stm32f407xx.o(.text)
    FMC_IRQHandler                           0x0800031b   Thumb Code     0  startup_stm32f407xx.o(.text)
    FPU_IRQHandler                           0x0800031b   Thumb Code     0  startup_stm32f407xx.o(.text)
    HASH_RNG_IRQHandler                      0x0800031b   Thumb Code     0  startup_stm32f407xx.o(.text)
    I2C1_ER_IRQHandler                       0x0800031b   Thumb Code     0  startup_stm32f407xx.o(.text)
    I2C1_EV_IRQHandler                       0x0800031b   Thumb Code     0  startup_stm32f407xx.o(.text)
    I2C2_ER_IRQHandler                       0x0800031b   Thumb Code     0  startup_stm32f407xx.o(.text)
    I2C2_EV_IRQHandler                       0x0800031b   Thumb Code     0  startup_stm32f407xx.o(.text)
    I2C3_ER_IRQHandler                       0x0800031b   Thumb Code     0  startup_stm32f407xx.o(.text)
    I2C3_EV_IRQHandler                       0x0800031b   Thumb Code     0  startup_stm32f407xx.o(.text)
    OTG_FS_IRQHandler                        0x0800031b   Thumb Code     0  startup_stm32f407xx.o(.text)
    OTG_FS_WKUP_IRQHandler                   0x0800031b   Thumb Code     0  startup_stm32f407xx.o(.text)
    OTG_HS_EP1_IN_IRQHandler                 0x0800031b   Thumb Code     0  startup_stm32f407xx.o(.text)
    OTG_HS_EP1_OUT_IRQHandler                0x0800031b   Thumb Code     0  startup_stm32f407xx.o(.text)
    OTG_HS_IRQHandler                        0x0800031b   Thumb Code     0  startup_stm32f407xx.o(.text)
    OTG_HS_WKUP_IRQHandler                   0x0800031b   Thumb Code     0  startup_stm32f407xx.o(.text)
    PVD_IRQHandler                           0x0800031b   Thumb Code     0  startup_stm32f407xx.o(.text)
    RCC_IRQHandler                           0x0800031b   Thumb Code     0  startup_stm32f407xx.o(.text)
    RTC_Alarm_IRQHandler                     0x0800031b   Thumb Code     0  startup_stm32f407xx.o(.text)
    RTC_WKUP_IRQHandler                      0x0800031b   Thumb Code     0  startup_stm32f407xx.o(.text)
    SDIO_IRQHandler                          0x0800031b   Thumb Code     0  startup_stm32f407xx.o(.text)
    SPI1_IRQHandler                          0x0800031b   Thumb Code     0  startup_stm32f407xx.o(.text)
    SPI2_IRQHandler                          0x0800031b   Thumb Code     0  startup_stm32f407xx.o(.text)
    SPI3_IRQHandler                          0x0800031b   Thumb Code     0  startup_stm32f407xx.o(.text)
    TAMP_STAMP_IRQHandler                    0x0800031b   Thumb Code     0  startup_stm32f407xx.o(.text)
    TIM1_BRK_TIM9_IRQHandler                 0x0800031b   Thumb Code     0  startup_stm32f407xx.o(.text)
    TIM1_CC_IRQHandler                       0x0800031b   Thumb Code     0  startup_stm32f407xx.o(.text)
    TIM1_TRG_COM_TIM11_IRQHandler            0x0800031b   Thumb Code     0  startup_stm32f407xx.o(.text)
    TIM1_UP_TIM10_IRQHandler                 0x0800031b   Thumb Code     0  startup_stm32f407xx.o(.text)
    TIM2_IRQHandler                          0x0800031b   Thumb Code     0  startup_stm32f407xx.o(.text)
    TIM4_IRQHandler                          0x0800031b   Thumb Code     0  startup_stm32f407xx.o(.text)
    TIM5_IRQHandler                          0x0800031b   Thumb Code     0  startup_stm32f407xx.o(.text)
    TIM6_DAC_IRQHandler                      0x0800031b   Thumb Code     0  startup_stm32f407xx.o(.text)
    TIM7_IRQHandler                          0x0800031b   Thumb Code     0  startup_stm32f407xx.o(.text)
    TIM8_BRK_TIM12_IRQHandler                0x0800031b   Thumb Code     0  startup_stm32f407xx.o(.text)
    TIM8_CC_IRQHandler                       0x0800031b   Thumb Code     0  startup_stm32f407xx.o(.text)
    TIM8_UP_TIM13_IRQHandler                 0x0800031b   Thumb Code     0  startup_stm32f407xx.o(.text)
    UART4_IRQHandler                         0x0800031b   Thumb Code     0  startup_stm32f407xx.o(.text)
    UART5_IRQHandler                         0x0800031b   Thumb Code     0  startup_stm32f407xx.o(.text)
    USART2_IRQHandler                        0x0800031b   Thumb Code     0  startup_stm32f407xx.o(.text)
    USART6_IRQHandler                        0x0800031b   Thumb Code     0  startup_stm32f407xx.o(.text)
    WWDG_IRQHandler                          0x0800031b   Thumb Code     0  startup_stm32f407xx.o(.text)
    __user_initial_stackheap                 0x0800031d   Thumb Code     0  startup_stm32f407xx.o(.text)
    __aeabi_uldivmod                         0x08000341   Thumb Code     0  lludivv7m.o(.text)
    _ll_udiv                                 0x08000341   Thumb Code   240  lludivv7m.o(.text)
    vsprintf                                 0x08000431   Thumb Code    32  vsprintf.o(.text)
    __0sscanf                                0x08000455   Thumb Code    52  __0sscanf.o(.text)
    _scanf_int                               0x08000491   Thumb Code   332  _scanf_int.o(.text)
    __aeabi_memcpy                           0x080005dd   Thumb Code     0  rt_memcpy_v6.o(.text)
    __rt_memcpy                              0x080005dd   Thumb Code   138  rt_memcpy_v6.o(.text)
    _memcpy_lastbytes                        0x08000643   Thumb Code     0  rt_memcpy_v6.o(.text)
    __aeabi_memset4                          0x08000667   Thumb Code    16  aeabi_memset4.o(.text)
    __aeabi_memset8                          0x08000667   Thumb Code     0  aeabi_memset4.o(.text)
    __aeabi_memclr4                          0x08000677   Thumb Code     0  rt_memclr_w.o(.text)
    __aeabi_memclr8                          0x08000677   Thumb Code     0  rt_memclr_w.o(.text)
    __rt_memclr_w                            0x08000677   Thumb Code     0  rt_memclr_w.o(.text)
    _memset_w                                0x0800067b   Thumb Code    74  rt_memclr_w.o(.text)
    __use_two_region_memory                  0x080006c5   Thumb Code     2  heapauxi.o(.text)
    __rt_heap_escrow$2region                 0x080006c7   Thumb Code     2  heapauxi.o(.text)
    __rt_heap_expand$2region                 0x080006c9   Thumb Code     2  heapauxi.o(.text)
    _printf_pre_padding                      0x080006cb   Thumb Code    44  _printf_pad.o(.text)
    _printf_post_padding                     0x080006f7   Thumb Code    34  _printf_pad.o(.text)
    _printf_truncate_signed                  0x08000719   Thumb Code    18  _printf_truncate.o(.text)
    _printf_truncate_unsigned                0x0800072b   Thumb Code    18  _printf_truncate.o(.text)
    _printf_str                              0x0800073d   Thumb Code    82  _printf_str.o(.text)
    _printf_int_dec                          0x08000791   Thumb Code   104  _printf_dec.o(.text)
    _printf_charcount                        0x08000809   Thumb Code    40  _printf_charcount.o(.text)
    _printf_char_common                      0x0800083b   Thumb Code    32  _printf_char_common.o(.text)
    _sputc                                   0x08000861   Thumb Code    10  _sputc.o(.text)
    _printf_wctomb                           0x0800086d   Thumb Code   182  _printf_wctomb.o(.text)
    _printf_longlong_dec                     0x08000929   Thumb Code   108  _printf_longlong_dec.o(.text)
    _printf_longlong_oct                     0x080009a5   Thumb Code    68  _printf_oct_int_ll.o(.text)
    _printf_int_oct                          0x080009e9   Thumb Code    24  _printf_oct_int_ll.o(.text)
    _printf_ll_oct                           0x08000a01   Thumb Code    12  _printf_oct_int_ll.o(.text)
    _printf_longlong_hex                     0x08000a15   Thumb Code    86  _printf_hex_int_ll_ptr.o(.text)
    _printf_int_hex                          0x08000a6b   Thumb Code    28  _printf_hex_int_ll_ptr.o(.text)
    _printf_ll_hex                           0x08000a87   Thumb Code    12  _printf_hex_int_ll_ptr.o(.text)
    _printf_hex_ptr                          0x08000a93   Thumb Code    18  _printf_hex_int_ll_ptr.o(.text)
    __printf                                 0x08000aa9   Thumb Code   388  __printf_flags_ss_wp.o(.text)
    _chval                                   0x08000c31   Thumb Code    28  _chval.o(.text)
    __vfscanf_char                           0x08000c59   Thumb Code    24  scanf_char.o(.text)
    _sgetc                                   0x08000c79   Thumb Code    30  _sgetc.o(.text)
    _sbackspace                              0x08000c97   Thumb Code    34  _sgetc.o(.text)
    __aeabi_memcpy4                          0x08000cb9   Thumb Code     0  rt_memcpy_w.o(.text)
    __aeabi_memcpy8                          0x08000cb9   Thumb Code     0  rt_memcpy_w.o(.text)
    __rt_memcpy_w                            0x08000cb9   Thumb Code   100  rt_memcpy_w.o(.text)
    _memcpy_lastbytes_aligned                0x08000d01   Thumb Code     0  rt_memcpy_w.o(.text)
    _ll_udiv10                               0x08000d1d   Thumb Code   138  lludiv10.o(.text)
    isspace                                  0x08000da7   Thumb Code    18  isspace.o(.text)
    _printf_int_common                       0x08000db9   Thumb Code   178  _printf_intcommon.o(.text)
    _printf_fp_dec_real                      0x0800101b   Thumb Code   620  _printf_fp_dec.o(.text)
    _printf_fp_hex_real                      0x08001289   Thumb Code   756  _printf_fp_hex.o(.text)
    _printf_cs_common                        0x08001585   Thumb Code    20  _printf_char.o(.text)
    _printf_char                             0x08001599   Thumb Code    16  _printf_char.o(.text)
    _printf_string                           0x080015a9   Thumb Code     8  _printf_char.o(.text)
    _printf_lcs_common                       0x080015b1   Thumb Code    20  _printf_wchar.o(.text)
    _printf_wchar                            0x080015c5   Thumb Code    16  _printf_wchar.o(.text)
    _printf_wstring                          0x080015d5   Thumb Code     8  _printf_wchar.o(.text)
    __vfscanf                                0x080015dd   Thumb Code   878  _scanf.o(.text)
    _c16rtomb                                0x08001951   Thumb Code    72  _c16rtomb.o(.text)
    _wcrtomb                                 0x08001951   Thumb Code     0  _c16rtomb.o(.text)
    __user_setup_stackheap                   0x08001999   Thumb Code    74  sys_stackheap_outer.o(.text)
    __rt_ctype_table                         0x080019e5   Thumb Code    16  rt_ctype_table.o(.text)
    __rt_locale                              0x080019f5   Thumb Code     8  rt_locale_intlibspace.o(.text)
    _printf_fp_infnan                        0x080019fd   Thumb Code   112  _printf_fp_infnan.o(.text)
    _btod_etento                             0x08001a7d   Thumb Code   224  bigflt0.o(.text)
    exit                                     0x08001b61   Thumb Code    18  exit.o(.text)
    __user_libspace                          0x08001b75   Thumb Code     8  libspace.o(.text)
    __user_perproc_libspace                  0x08001b75   Thumb Code     0  libspace.o(.text)
    __user_perthread_libspace                0x08001b75   Thumb Code     0  libspace.o(.text)
    strcmp                                   0x08001b81   Thumb Code   124  strcmpv7em.o(.text)
    _sys_exit                                0x08001bfd   Thumb Code     8  sys_exit.o(.text)
    __I$use$semihosting                      0x08001c09   Thumb Code     0  use_no_semi.o(.text)
    __use_no_semihosting_swi                 0x08001c09   Thumb Code     2  use_no_semi.o(.text)
    __semihosting_library_function           0x08001c0b   Thumb Code     0  indicate_semi.o(.text)
    BusFault_Handler                         0x08001c0d   Thumb Code     2  stm32f4xx_it.o(.text.BusFault_Handler)
    Control_Init                             0x08001c11   Thumb Code   152  control.o(.text.Control_Init)
    Control_PID_Loop                         0x08001cb9   Thumb Code   576  control.o(.text.Control_PID_Loop)
    Control_Telemetry_Loop                   0x08001f19   Thumb Code    60  control.o(.text.Control_Telemetry_Loop)
    DMA1_Stream1_IRQHandler                  0x08001f79   Thumb Code    12  stm32f4xx_it.o(.text.DMA1_Stream1_IRQHandler)
    DMA1_Stream3_IRQHandler                  0x08001f85   Thumb Code    12  stm32f4xx_it.o(.text.DMA1_Stream3_IRQHandler)
    DebugMon_Handler                         0x08001f91   Thumb Code     2  stm32f4xx_it.o(.text.DebugMon_Handler)
    Encoder_Get_Increment                    0x08001f95   Thumb Code    28  encoder.o(.text.Encoder_Get_Increment)
    Encoder_Init                             0x08001fc1   Thumb Code    62  encoder.o(.text.Encoder_Init)
    Error_Handler                            0x08002001   Thumb Code     6  main.o(.text.Error_Handler)
    HAL_DMA_Abort                            0x08002009   Thumb Code   142  stm32f4xx_hal_dma.o(.text.HAL_DMA_Abort)
    HAL_DMA_Abort_IT                         0x08002099   Thumb Code    36  stm32f4xx_hal_dma.o(.text.HAL_DMA_Abort_IT)
    HAL_DMA_IRQHandler                       0x080020bd   Thumb Code   452  stm32f4xx_hal_dma.o(.text.HAL_DMA_IRQHandler)
    HAL_DMA_Init                             0x08002281   Thumb Code   354  stm32f4xx_hal_dma.o(.text.HAL_DMA_Init)
    HAL_GPIO_Init                            0x080023e5   Thumb Code   414  stm32f4xx_hal_gpio.o(.text.HAL_GPIO_Init)
    HAL_GPIO_TogglePin                       0x08002585   Thumb Code    16  stm32f4xx_hal_gpio.o(.text.HAL_GPIO_TogglePin)
    HAL_GPIO_WritePin                        0x08002595   Thumb Code    10  stm32f4xx_hal_gpio.o(.text.HAL_GPIO_WritePin)
    HAL_GetTick                              0x080025a1   Thumb Code    12  stm32f4xx_hal.o(.text.HAL_GetTick)
    HAL_IncTick                              0x080025ad   Thumb Code    26  stm32f4xx_hal.o(.text.HAL_IncTick)
    HAL_Init                                 0x080025c9   Thumb Code    54  stm32f4xx_hal.o(.text.HAL_Init)
    HAL_InitTick                             0x08002601   Thumb Code   178  stm32f4xx_hal_timebase_tim.o(.text.HAL_InitTick)
    HAL_MspInit                              0x080026b5   Thumb Code    66  stm32f4xx_hal_msp.o(.text.HAL_MspInit)
    HAL_NVIC_EnableIRQ                       0x080026f9   Thumb Code    34  stm32f4xx_hal_cortex.o(.text.HAL_NVIC_EnableIRQ)
    HAL_NVIC_SetPriority                     0x0800271d   Thumb Code    86  stm32f4xx_hal_cortex.o(.text.HAL_NVIC_SetPriority)
    HAL_NVIC_SetPriorityGrouping             0x08002775   Thumb Code    32  stm32f4xx_hal_cortex.o(.text.HAL_NVIC_SetPriorityGrouping)
    HAL_RCC_ClockConfig                      0x08002795   Thumb Code   356  stm32f4xx_hal_rcc.o(.text.HAL_RCC_ClockConfig)
    HAL_RCC_GetClockConfig                   0x080028f9   Thumb Code    62  stm32f4xx_hal_rcc.o(.text.HAL_RCC_GetClockConfig)
    HAL_RCC_GetPCLK1Freq                     0x08002939   Thumb Code    38  stm32f4xx_hal_rcc.o(.text.HAL_RCC_GetPCLK1Freq)
    HAL_RCC_GetPCLK2Freq                     0x08002961   Thumb Code    38  stm32f4xx_hal_rcc.o(.text.HAL_RCC_GetPCLK2Freq)
    HAL_RCC_GetSysClockFreq                  0x08002989   Thumb Code   108  stm32f4xx_hal_rcc.o(.text.HAL_RCC_GetSysClockFreq)
    HAL_RCC_OscConfig                        0x080029f5   Thumb Code   940  stm32f4xx_hal_rcc.o(.text.HAL_RCC_OscConfig)
    HAL_TIMEx_BreakCallback                  0x08002da1   Thumb Code     2  stm32f4xx_hal_tim_ex.o(.text.HAL_TIMEx_BreakCallback)
    HAL_TIMEx_CommutCallback                 0x08002da5   Thumb Code     2  stm32f4xx_hal_tim_ex.o(.text.HAL_TIMEx_CommutCallback)
    HAL_TIMEx_MasterConfigSynchronization    0x08002da9   Thumb Code   186  stm32f4xx_hal_tim_ex.o(.text.HAL_TIMEx_MasterConfigSynchronization)
    HAL_TIM_Base_Init                        0x08002e65   Thumb Code    90  stm32f4xx_hal_tim.o(.text.HAL_TIM_Base_Init)
    HAL_TIM_Base_MspInit                     0x08002ec1   Thumb Code     2  stm32f4xx_hal_tim.o(.text.HAL_TIM_Base_MspInit)
    HAL_TIM_Base_Start_IT                    0x08002ec5   Thumb Code   170  stm32f4xx_hal_tim.o(.text.HAL_TIM_Base_Start_IT)
    HAL_TIM_Encoder_Init                     0x08002f71   Thumb Code   178  stm32f4xx_hal_tim.o(.text.HAL_TIM_Encoder_Init)
    HAL_TIM_Encoder_MspInit                  0x08003025   Thumb Code   432  tim.o(.text.HAL_TIM_Encoder_MspInit)
    HAL_TIM_Encoder_Start                    0x080031d5   Thumb Code   188  stm32f4xx_hal_tim.o(.text.HAL_TIM_Encoder_Start)
    HAL_TIM_IC_CaptureCallback               0x08003291   Thumb Code     2  stm32f4xx_hal_tim.o(.text.HAL_TIM_IC_CaptureCallback)
    HAL_TIM_IRQHandler                       0x08003295   Thumb Code   334  stm32f4xx_hal_tim.o(.text.HAL_TIM_IRQHandler)
    HAL_TIM_OC_DelayElapsedCallback          0x080033e5   Thumb Code     2  stm32f4xx_hal_tim.o(.text.HAL_TIM_OC_DelayElapsedCallback)
    HAL_TIM_PWM_ConfigChannel                0x080033e9   Thumb Code   544  stm32f4xx_hal_tim.o(.text.HAL_TIM_PWM_ConfigChannel)
    HAL_TIM_PWM_Init                         0x08003609   Thumb Code    90  stm32f4xx_hal_tim.o(.text.HAL_TIM_PWM_Init)
    HAL_TIM_PWM_MspInit                      0x08003665   Thumb Code    72  tim.o(.text.HAL_TIM_PWM_MspInit)
    HAL_TIM_PWM_PulseFinishedCallback        0x080036ad   Thumb Code     2  stm32f4xx_hal_tim.o(.text.HAL_TIM_PWM_PulseFinishedCallback)
    HAL_TIM_PWM_Start                        0x080036b1   Thumb Code   270  stm32f4xx_hal_tim.o(.text.HAL_TIM_PWM_Start)
    HAL_TIM_PeriodElapsedCallback            0x080037c1   Thumb Code    20  main.o(.text.HAL_TIM_PeriodElapsedCallback)
    HAL_TIM_TriggerCallback                  0x080037d5   Thumb Code     2  stm32f4xx_hal_tim.o(.text.HAL_TIM_TriggerCallback)
    HAL_UARTEx_RxEventCallback               0x080037d9   Thumb Code     2  stm32f4xx_hal_uart.o(.text.HAL_UARTEx_RxEventCallback)
    HAL_UART_ErrorCallback                   0x080037dd   Thumb Code     2  stm32f4xx_hal_uart.o(.text.HAL_UART_ErrorCallback)
    HAL_UART_IRQHandler                      0x080037e1   Thumb Code  1428  stm32f4xx_hal_uart.o(.text.HAL_UART_IRQHandler)
    HAL_UART_Init                            0x08003d75   Thumb Code    96  stm32f4xx_hal_uart.o(.text.HAL_UART_Init)
    HAL_UART_MspInit                         0x08003dd5   Thumb Code   390  usart.o(.text.HAL_UART_MspInit)
    HAL_UART_Receive_IT                      0x08003f5d   Thumb Code    84  stm32f4xx_hal_uart.o(.text.HAL_UART_Receive_IT)
    HAL_UART_RxCpltCallback                  0x08003fb1   Thumb Code    18  stm32f4xx_it.o(.text.HAL_UART_RxCpltCallback)
    HAL_UART_Transmit                        0x08003fc5   Thumb Code   402  stm32f4xx_hal_uart.o(.text.HAL_UART_Transmit)
    HAL_UART_TxCpltCallback                  0x08004159   Thumb Code     2  stm32f4xx_hal_uart.o(.text.HAL_UART_TxCpltCallback)
    HardFault_Handler                        0x0800415d   Thumb Code     2  stm32f4xx_it.o(.text.HardFault_Handler)
    MX_DMA_Init                              0x08004161   Thumb Code    72  dma.o(.text.MX_DMA_Init)
    MX_FREERTOS_Init                         0x080041a9   Thumb Code   216  freertos.o(.text.MX_FREERTOS_Init)
    MX_GPIO_Init                             0x08004301   Thumb Code   342  gpio.o(.text.MX_GPIO_Init)
    MX_TIM1_Init                             0x08004459   Thumb Code   108  tim.o(.text.MX_TIM1_Init)
    MX_TIM2_Init                             0x080044c5   Thumb Code   100  tim.o(.text.MX_TIM2_Init)
    MX_TIM3_Init                             0x08004529   Thumb Code   316  tim.o(.text.MX_TIM3_Init)
    MX_TIM4_Init                             0x08004665   Thumb Code   104  tim.o(.text.MX_TIM4_Init)
    MX_TIM5_Init                             0x080046cd   Thumb Code   106  tim.o(.text.MX_TIM5_Init)
    MX_USART1_UART_Init                      0x08004739   Thumb Code    60  usart.o(.text.MX_USART1_UART_Init)
    MX_USART3_UART_Init                      0x08004775   Thumb Code    60  usart.o(.text.MX_USART3_UART_Init)
    MemManage_Handler                        0x080047b1   Thumb Code     2  stm32f4xx_it.o(.text.MemManage_Handler)
    Motor_Init                               0x080047b5   Thumb Code   102  motor.o(.text.Motor_Init)
    Motor_SetSpeed                           0x0800481d   Thumb Code   300  motor.o(.text.Motor_SetSpeed)
    NMI_Handler                              0x08004949   Thumb Code     2  stm32f4xx_it.o(.text.NMI_Handler)
    PID_Init                                 0x0800494d   Thumb Code    32  pid.o(.text.PID_Init)
    PID_Update                               0x0800496d   Thumb Code   190  pid.o(.text.PID_Update)
    PendSV_Handler                           0x08004a31   Thumb Code   100  port.o(.text.PendSV_Handler)
    RingBuffer_Init                          0x08004a95   Thumb Code    10  ring_buffer.o(.text.RingBuffer_Init)
    RingBuffer_Read                          0x08004aa1   Thumb Code    50  ring_buffer.o(.text.RingBuffer_Read)
    RingBuffer_Write                         0x08004ad5   Thumb Code    48  ring_buffer.o(.text.RingBuffer_Write)
    SVC_Handler                              0x08004b11   Thumb Code    36  port.o(.text.SVC_Handler)
    Serial_Init                              0x08004b35   Thumb Code    22  serial.o(.text.Serial_Init)
    Serial_Printf                            0x08004b4d   Thumb Code   100  serial.o(.text.Serial_Printf)
    Serial_UART_RxCpltCallback               0x08004bb1   Thumb Code    42  serial.o(.text.Serial_UART_RxCpltCallback)
    StartControlTask                         0x08004bdd   Thumb Code    26  freertos.o(.text.StartControlTask)
    StartDefaultTask                         0x08004bf9   Thumb Code    28  freertos.o(.text.StartDefaultTask)
    StartTelemetryTask                       0x08004c15   Thumb Code    12  freertos.o(.text.StartTelemetryTask)
    StartVisionTask                          0x08004c21   Thumb Code    28  freertos.o(.text.StartVisionTask)
    SysTick_Handler                          0x08004c3d   Thumb Code    46  port.o(.text.SysTick_Handler)
    SystemClock_Config                       0x08004c6d   Thumb Code   172  main.o(.text.SystemClock_Config)
    SystemInit                               0x08004d19   Thumb Code    18  system_stm32f4xx.o(.text.SystemInit)
    TIM3_IRQHandler                          0x08004d2d   Thumb Code    12  stm32f4xx_it.o(.text.TIM3_IRQHandler)
    TIM8_TRG_COM_TIM14_IRQHandler            0x08004d39   Thumb Code    12  stm32f4xx_it.o(.text.TIM8_TRG_COM_TIM14_IRQHandler)
    TIM_Base_SetConfig                       0x08004d45   Thumb Code   314  stm32f4xx_hal_tim.o(.text.TIM_Base_SetConfig)
    USART1_IRQHandler                        0x08005075   Thumb Code    12  stm32f4xx_it.o(.text.USART1_IRQHandler)
    USART3_IRQHandler                        0x08005081   Thumb Code    12  stm32f4xx_it.o(.text.USART3_IRQHandler)
    UsageFault_Handler                       0x0800508d   Thumb Code     2  stm32f4xx_it.o(.text.UsageFault_Handler)
    Vision_Init                              0x08005091   Thumb Code    50  vision.o(.text.Vision_Init)
    Vision_ProcessData                       0x080050c5   Thumb Code   156  vision.o(.text.Vision_ProcessData)
    Vision_UART_RxCpltCallback               0x0800516d   Thumb Code    76  vision.o(.text.Vision_UART_RxCpltCallback)
    main                                     0x080051b9   Thumb Code    84  main.o(.text.main)
    osDelay                                  0x08005241   Thumb Code    16  cmsis_os.o(.text.osDelay)
    osKernelStart                            0x08005251   Thumb Code    10  cmsis_os.o(.text.osKernelStart)
    osKernelSysTick                          0x0800525d   Thumb Code    16  cmsis_os.o(.text.osKernelSysTick)
    osMessageCreate                          0x0800526d   Thumb Code    42  cmsis_os.o(.text.osMessageCreate)
    osMessageGet                             0x08005299   Thumb Code   118  cmsis_os.o(.text.osMessageGet)
    osMessagePut                             0x08005311   Thumb Code    94  cmsis_os.o(.text.osMessagePut)
    osMutexCreate                            0x08005371   Thumb Code    16  cmsis_os.o(.text.osMutexCreate)
    osMutexRelease                           0x08005381   Thumb Code    82  cmsis_os.o(.text.osMutexRelease)
    osMutexWait                              0x080053d5   Thumb Code    90  cmsis_os.o(.text.osMutexWait)
    osSemaphoreCreate                        0x08005431   Thumb Code    74  cmsis_os.o(.text.osSemaphoreCreate)
    osSemaphoreRelease                       0x0800547d   Thumb Code    82  cmsis_os.o(.text.osSemaphoreRelease)
    osSemaphoreWait                          0x080054d1   Thumb Code    90  cmsis_os.o(.text.osSemaphoreWait)
    osThreadCreate                           0x0800552d   Thumb Code    92  cmsis_os.o(.text.osThreadCreate)
    pvPortMalloc                             0x0800596d   Thumb Code   496  heap_4.o(.text.pvPortMalloc)
    pvTaskIncrementMutexHeldCount            0x08005b5d   Thumb Code    24  tasks.o(.text.pvTaskIncrementMutexHeldCount)
    pxPortInitialiseStack                    0x08005b75   Thumb Code    36  port.o(.text.pxPortInitialiseStack)
    uxListRemove                             0x08005b99   Thumb Code    34  list.o(.text.uxListRemove)
    vApplicationGetIdleTaskMemory            0x08005bbd   Thumb Code    26  freertos.o(.text.vApplicationGetIdleTaskMemory)
    vApplicationStackOverflowHook            0x08005bd9   Thumb Code    12  freertos.o(.text.vApplicationStackOverflowHook)
    vListInitialise                          0x08005c11   Thumb Code    22  list.o(.text.vListInitialise)
    vListInitialiseItem                      0x08005c29   Thumb Code     6  list.o(.text.vListInitialiseItem)
    vListInsert                              0x08005c31   Thumb Code    98  list.o(.text.vListInsert)
    vListInsertEnd                           0x08005c95   Thumb Code    26  list.o(.text.vListInsertEnd)
    vPortEnterCritical                       0x08005cc5   Thumb Code    70  port.o(.text.vPortEnterCritical)
    vPortExitCritical                        0x08005d0d   Thumb Code    46  port.o(.text.vPortExitCritical)
    vPortFree                                0x08005d3d   Thumb Code   212  heap_4.o(.text.vPortFree)
    vPortSetupTimerInterrupt                 0x08005e11   Thumb Code    52  port.o(.text.vPortSetupTimerInterrupt)
    vPortValidateInterruptPriority           0x08005e45   Thumb Code    94  port.o(.text.vPortValidateInterruptPriority)
    vTaskDelay                               0x08005ea5   Thumb Code   158  tasks.o(.text.vTaskDelay)
    vTaskDelayUntil                          0x08005f45   Thumb Code   224  tasks.o(.text.vTaskDelayUntil)
    vTaskInternalSetTimeOutState             0x08006025   Thumb Code    18  tasks.o(.text.vTaskInternalSetTimeOutState)
    vTaskMissedYield                         0x08006039   Thumb Code    14  tasks.o(.text.vTaskMissedYield)
    vTaskPlaceOnEventList                    0x08006049   Thumb Code    54  tasks.o(.text.vTaskPlaceOnEventList)
    vTaskPriorityDisinheritAfterTimeout      0x08006081   Thumb Code   178  tasks.o(.text.vTaskPriorityDisinheritAfterTimeout)
    vTaskStartScheduler                      0x08006135   Thumb Code   196  tasks.o(.text.vTaskStartScheduler)
    vTaskSuspendAll                          0x08006201   Thumb Code    16  tasks.o(.text.vTaskSuspendAll)
    vTaskSwitchContext                       0x08006211   Thumb Code   154  tasks.o(.text.vTaskSwitchContext)
    xPortStartScheduler                      0x080062ad   Thumb Code   392  port.o(.text.xPortStartScheduler)
    xQueueCreateMutex                        0x08006435   Thumb Code   106  queue.o(.text.xQueueCreateMutex)
    xQueueCreateMutexStatic                  0x080064a1   Thumb Code   154  queue.o(.text.xQueueCreateMutexStatic)
    xQueueGenericCreate                      0x0800653d   Thumb Code   126  queue.o(.text.xQueueGenericCreate)
    xQueueGenericCreateStatic                0x080065bd   Thumb Code   214  queue.o(.text.xQueueGenericCreateStatic)
    xQueueGenericSend                        0x08006695   Thumb Code   704  queue.o(.text.xQueueGenericSend)
    xQueueGenericSendFromISR                 0x08006955   Thumb Code   328  queue.o(.text.xQueueGenericSendFromISR)
    xQueueGiveFromISR                        0x08006a9d   Thumb Code   186  queue.o(.text.xQueueGiveFromISR)
    xQueueReceive                            0x08006b59   Thumb Code   574  queue.o(.text.xQueueReceive)
    xQueueReceiveFromISR                     0x08006d99   Thumb Code   210  queue.o(.text.xQueueReceiveFromISR)
    xQueueSemaphoreTake                      0x08006e6d   Thumb Code   650  queue.o(.text.xQueueSemaphoreTake)
    xTaskCheckForTimeOut                     0x080070f9   Thumb Code   154  tasks.o(.text.xTaskCheckForTimeOut)
    xTaskCreate                              0x08007195   Thumb Code    96  tasks.o(.text.xTaskCreate)
    xTaskCreateStatic                        0x080071f5   Thumb Code   118  tasks.o(.text.xTaskCreateStatic)
    xTaskGetSchedulerState                   0x0800726d   Thumb Code    30  tasks.o(.text.xTaskGetSchedulerState)
    xTaskGetTickCount                        0x0800728d   Thumb Code    12  tasks.o(.text.xTaskGetTickCount)
    xTaskGetTickCountFromISR                 0x08007299   Thumb Code    18  tasks.o(.text.xTaskGetTickCountFromISR)
    xTaskIncrementTick                       0x080072ad   Thumb Code   262  tasks.o(.text.xTaskIncrementTick)
    xTaskPriorityDisinherit                  0x080073b5   Thumb Code   174  tasks.o(.text.xTaskPriorityDisinherit)
    xTaskPriorityInherit                     0x08007465   Thumb Code   166  tasks.o(.text.xTaskPriorityInherit)
    xTaskRemoveFromEventList                 0x0800750d   Thumb Code   116  tasks.o(.text.xTaskRemoveFromEventList)
    xTaskResumeAll                           0x08007581   Thumb Code   234  tasks.o(.text.xTaskResumeAll)
    _btod_d2e                                0x0800766b   Thumb Code    62  btod.o(CL$$btod_d2e)
    _d2e_denorm_low                          0x080076a9   Thumb Code    70  btod.o(CL$$btod_d2e_denorm_low)
    _d2e_norm_op1                            0x080076ef   Thumb Code    96  btod.o(CL$$btod_d2e_norm_op1)
    __btod_div_common                        0x08007751   Thumb Code   696  btod.o(CL$$btod_div_common)
    _e2e                                     0x08007a89   Thumb Code   220  btod.o(CL$$btod_e2e)
    _btod_ediv                               0x08007b65   Thumb Code    42  btod.o(CL$$btod_ediv)
    _btod_emul                               0x08007b8f   Thumb Code    42  btod.o(CL$$btod_emul)
    __btod_mult_common                       0x08007bb9   Thumb Code   580  btod.o(CL$$btod_mult_common)
    __ARM_fpclassify                         0x08007dfd   Thumb Code    48  fpclassify.o(i.__ARM_fpclassify)
    _is_digit                                0x08007e2d   Thumb Code    14  __printf_wp.o(i._is_digit)
    _get_lc_numeric                          0x08007e3d   Thumb Code    44  lc_numeric_c.o(locale$$code)
    _get_lc_ctype                            0x08007e69   Thumb Code    44  lc_ctype_c.o(locale$$code)
    _fp_init                                 0x08007e95   Thumb Code    26  fpinit.o(x$fpl$fpinit)
    __fplib_config_fpu_vfp                   0x08007ead   Thumb Code     0  fpinit.o(x$fpl$fpinit)
    __fplib_config_pureend_doubles           0x08007ead   Thumb Code     0  fpinit.o(x$fpl$fpinit)
    _printf_fp_dec                           0x08007eaf   Thumb Code     4  printf1.o(x$fpl$printf1)
    _printf_fp_hex                           0x08007eb3   Thumb Code     4  printf2.o(x$fpl$printf2)
    __I$use$fp                               0x08007eb6   Number         0  usenofp.o(x$fpl$usenofp)
    AHBPrescTable                            0x08007fb4   Data          16  system_stm32f4xx.o(.rodata.AHBPrescTable)
    APBPrescTable                            0x08007fc4   Data           8  system_stm32f4xx.o(.rodata.APBPrescTable)
    Region$$Table$$Base                      0x08008008   Number         0  anon$$obj.o(Region$$Table)
    Region$$Table$$Limit                     0x08008028   Number         0  anon$$obj.o(Region$$Table)
    __ctype                                  0x08008051   Data           0  lc_ctype_c.o(locale$$data)
    g_latest_coord_x                         0x20000000   Data           2  control.o(.data..L_MergedGlobals)
    g_latest_coord_y                         0x20000002   Data           2  control.o(.data..L_MergedGlobals)
    uwTickFreq                               0x20000008   Data           1  stm32f4xx_hal.o(.data..L_MergedGlobals)
    uwTickPrio                               0x2000000c   Data           4  stm32f4xx_hal.o(.data..L_MergedGlobals)
    SystemCoreClock                          0x20000010   Data           4  system_stm32f4xx.o(.data.SystemCoreClock)
    __libspace_start                         0x20000018   Data          96  libspace.o(.bss)
    Serial_RxData                            0x20000078   Data           1  serial.o(.bss..L_MergedGlobals)
    __temporary_stack_top$libspace           0x20000078   Data           0  libspace.o(.bss)
    Serial_RxFlag                            0x20000079   Data           1  serial.o(.bss..L_MergedGlobals)
    vision_dma_buffer                        0x2000008c   Data          64  vision.o(.bss..L_MergedGlobals)
    telemetryDataMutexHandle                 0x200000cc   Data           4  freertos.o(.bss..L_MergedGlobals)
    visionSemHandle                          0x200000d0   Data           4  freertos.o(.bss..L_MergedGlobals)
    targetCoordQueueHandle                   0x200000d4   Data           4  freertos.o(.bss..L_MergedGlobals)
    defaultTaskHandle                        0x200000d8   Data           4  freertos.o(.bss..L_MergedGlobals)
    controlTaskHandle                        0x200000dc   Data           4  freertos.o(.bss..L_MergedGlobals)
    visionTaskHandle                         0x200000e0   Data           4  freertos.o(.bss..L_MergedGlobals)
    telemetryTaskHandle                      0x200000e4   Data           4  freertos.o(.bss..L_MergedGlobals)
    pxCurrentTCB                             0x200000e8   Data           4  tasks.o(.bss..L_MergedGlobals)
    g_pwm_out                                0x20000190   Data           8  control.o(.bss..L_MergedGlobals.1)
    g_target_speeds_cmps                     0x20000198   Data          16  control.o(.bss..L_MergedGlobals.1)
    g_current_speeds_cmps                    0x200001a8   Data          16  control.o(.bss..L_MergedGlobals.1)
    hdma_usart3_rx                           0x20000260   Data          96  usart.o(.bss.hdma_usart3_rx)
    hdma_usart3_tx                           0x200002c0   Data          96  usart.o(.bss.hdma_usart3_tx)
    htim1                                    0x20000320   Data          72  tim.o(.bss.htim1)
    htim14                                   0x20000368   Data          72  stm32f4xx_hal_timebase_tim.o(.bss.htim14)
    htim2                                    0x200003b0   Data          72  tim.o(.bss.htim2)
    htim3                                    0x200003f8   Data          72  tim.o(.bss.htim3)
    htim4                                    0x20000440   Data          72  tim.o(.bss.htim4)
    htim5                                    0x20000488   Data          72  tim.o(.bss.htim5)
    huart1                                   0x200004d0   Data          72  usart.o(.bss.huart1)
    huart3                                   0x20000518   Data          72  usart.o(.bss.huart3)
    pid_speed                                0x20000560   Data         192  control.o(.bss.pid_speed)
    uwTick                                   0x200106ac   Data           4  stm32f4xx_hal.o(.bss.uwTick)



==============================================================================

Memory Map of the image

  Image Entry point : 0x08000189

  Load Region LR_IROM1 (Base: 0x08000000, Size: 0x00008170, Max: 0x00100000, ABSOLUTE)

    Execution Region ER_IROM1 (Exec base: 0x08000000, Load base: 0x08000000, Size: 0x00008154, Max: 0x00100000, ABSOLUTE)

    Exec Addr    Load Addr    Size         Type   Attr      Idx    E Section Name        Object

    0x08000000   0x08000000   0x00000188   Data   RO            3    RESET               startup_stm32f407xx.o
    0x08000188   0x08000188   0x00000008   Code   RO         1652  * !!!main             c_w.l(__main.o)
    0x08000190   0x08000190   0x0000005c   Code   RO         2029    !!!scatter          c_w.l(__scatter.o)
    0x080001ec   0x080001ec   0x0000001a   Code   RO         2033    !!handler_copy      c_w.l(__scatter_copy.o)
    0x08000206   0x08000206   0x00000002   PAD
    0x08000208   0x08000208   0x00000002   Code   RO         2030    !!handler_null      c_w.l(__scatter.o)
    0x0800020a   0x0800020a   0x00000002   PAD
    0x0800020c   0x0800020c   0x0000001c   Code   RO         2035    !!handler_zi        c_w.l(__scatter_zi.o)
    0x08000228   0x08000228   0x00000000   Code   RO         1752    .ARM.Collect$$_printf_percent$$00000000  c_w.l(_printf_percent.o)
    0x08000228   0x08000228   0x00000006   Code   RO         1741    .ARM.Collect$$_printf_percent$$00000001  c_w.l(_printf_n.o)
    0x0800022e   0x0800022e   0x00000006   Code   RO         1743    .ARM.Collect$$_printf_percent$$00000002  c_w.l(_printf_p.o)
    0x08000234   0x08000234   0x00000006   Code   RO         1748    .ARM.Collect$$_printf_percent$$00000003  c_w.l(_printf_f.o)
    0x0800023a   0x0800023a   0x00000006   Code   RO         1749    .ARM.Collect$$_printf_percent$$00000004  c_w.l(_printf_e.o)
    0x08000240   0x08000240   0x00000006   Code   RO         1750    .ARM.Collect$$_printf_percent$$00000005  c_w.l(_printf_g.o)
    0x08000246   0x08000246   0x00000006   Code   RO         1751    .ARM.Collect$$_printf_percent$$00000006  c_w.l(_printf_a.o)
    0x0800024c   0x0800024c   0x0000000a   Code   RO         1756    .ARM.Collect$$_printf_percent$$00000007  c_w.l(_printf_ll.o)
    0x08000256   0x08000256   0x00000006   Code   RO         1745    .ARM.Collect$$_printf_percent$$00000008  c_w.l(_printf_i.o)
    0x0800025c   0x0800025c   0x00000006   Code   RO         1746    .ARM.Collect$$_printf_percent$$00000009  c_w.l(_printf_d.o)
    0x08000262   0x08000262   0x00000006   Code   RO         1747    .ARM.Collect$$_printf_percent$$0000000A  c_w.l(_printf_u.o)
    0x08000268   0x08000268   0x00000006   Code   RO         1744    .ARM.Collect$$_printf_percent$$0000000B  c_w.l(_printf_o.o)
    0x0800026e   0x0800026e   0x00000006   Code   RO         1742    .ARM.Collect$$_printf_percent$$0000000C  c_w.l(_printf_x.o)
    0x08000274   0x08000274   0x00000006   Code   RO         1753    .ARM.Collect$$_printf_percent$$0000000D  c_w.l(_printf_lli.o)
    0x0800027a   0x0800027a   0x00000006   Code   RO         1754    .ARM.Collect$$_printf_percent$$0000000E  c_w.l(_printf_lld.o)
    0x08000280   0x08000280   0x00000006   Code   RO         1755    .ARM.Collect$$_printf_percent$$0000000F  c_w.l(_printf_llu.o)
    0x08000286   0x08000286   0x00000006   Code   RO         1760    .ARM.Collect$$_printf_percent$$00000010  c_w.l(_printf_llo.o)
    0x0800028c   0x0800028c   0x00000006   Code   RO         1761    .ARM.Collect$$_printf_percent$$00000011  c_w.l(_printf_llx.o)
    0x08000292   0x08000292   0x0000000a   Code   RO         1757    .ARM.Collect$$_printf_percent$$00000012  c_w.l(_printf_l.o)
    0x0800029c   0x0800029c   0x00000006   Code   RO         1739    .ARM.Collect$$_printf_percent$$00000013  c_w.l(_printf_c.o)
    0x080002a2   0x080002a2   0x00000006   Code   RO         1740    .ARM.Collect$$_printf_percent$$00000014  c_w.l(_printf_s.o)
    0x080002a8   0x080002a8   0x00000006   Code   RO         1758    .ARM.Collect$$_printf_percent$$00000015  c_w.l(_printf_lc.o)
    0x080002ae   0x080002ae   0x00000006   Code   RO         1759    .ARM.Collect$$_printf_percent$$00000016  c_w.l(_printf_ls.o)
    0x080002b4   0x080002b4   0x00000004   Code   RO         1821    .ARM.Collect$$_printf_percent$$00000017  c_w.l(_printf_percent_end.o)
    0x080002b8   0x080002b8   0x00000002   Code   RO         1878    .ARM.Collect$$libinit$$00000000  c_w.l(libinit.o)
    0x080002ba   0x080002ba   0x00000004   Code   RO         1901    .ARM.Collect$$libinit$$00000001  c_w.l(libinit2.o)
    0x080002be   0x080002be   0x00000000   Code   RO         1904    .ARM.Collect$$libinit$$00000004  c_w.l(libinit2.o)
    0x080002be   0x080002be   0x00000000   Code   RO         1906    .ARM.Collect$$libinit$$00000006  c_w.l(libinit2.o)
    0x080002be   0x080002be   0x00000000   Code   RO         1909    .ARM.Collect$$libinit$$0000000C  c_w.l(libinit2.o)
    0x080002be   0x080002be   0x00000000   Code   RO         1911    .ARM.Collect$$libinit$$0000000E  c_w.l(libinit2.o)
    0x080002be   0x080002be   0x00000000   Code   RO         1913    .ARM.Collect$$libinit$$00000010  c_w.l(libinit2.o)
    0x080002be   0x080002be   0x00000006   Code   RO         1914    .ARM.Collect$$libinit$$00000011  c_w.l(libinit2.o)
    0x080002c4   0x080002c4   0x00000000   Code   RO         1916    .ARM.Collect$$libinit$$00000013  c_w.l(libinit2.o)
    0x080002c4   0x080002c4   0x0000000c   Code   RO         1917    .ARM.Collect$$libinit$$00000014  c_w.l(libinit2.o)
    0x080002d0   0x080002d0   0x00000000   Code   RO         1918    .ARM.Collect$$libinit$$00000015  c_w.l(libinit2.o)
    0x080002d0   0x080002d0   0x00000000   Code   RO         1920    .ARM.Collect$$libinit$$00000017  c_w.l(libinit2.o)
    0x080002d0   0x080002d0   0x0000000a   Code   RO         1921    .ARM.Collect$$libinit$$00000018  c_w.l(libinit2.o)
    0x080002da   0x080002da   0x00000000   Code   RO         1922    .ARM.Collect$$libinit$$00000019  c_w.l(libinit2.o)
    0x080002da   0x080002da   0x00000000   Code   RO         1924    .ARM.Collect$$libinit$$0000001B  c_w.l(libinit2.o)
    0x080002da   0x080002da   0x00000000   Code   RO         1926    .ARM.Collect$$libinit$$0000001D  c_w.l(libinit2.o)
    0x080002da   0x080002da   0x00000000   Code   RO         1928    .ARM.Collect$$libinit$$0000001F  c_w.l(libinit2.o)
    0x080002da   0x080002da   0x00000000   Code   RO         1930    .ARM.Collect$$libinit$$00000021  c_w.l(libinit2.o)
    0x080002da   0x080002da   0x00000000   Code   RO         1932    .ARM.Collect$$libinit$$00000023  c_w.l(libinit2.o)
    0x080002da   0x080002da   0x00000000   Code   RO         1934    .ARM.Collect$$libinit$$00000025  c_w.l(libinit2.o)
    0x080002da   0x080002da   0x00000000   Code   RO         1936    .ARM.Collect$$libinit$$00000027  c_w.l(libinit2.o)
    0x080002da   0x080002da   0x00000000   Code   RO         1940    .ARM.Collect$$libinit$$0000002E  c_w.l(libinit2.o)
    0x080002da   0x080002da   0x00000000   Code   RO         1942    .ARM.Collect$$libinit$$00000030  c_w.l(libinit2.o)
    0x080002da   0x080002da   0x00000000   Code   RO         1944    .ARM.Collect$$libinit$$00000032  c_w.l(libinit2.o)
    0x080002da   0x080002da   0x00000000   Code   RO         1946    .ARM.Collect$$libinit$$00000034  c_w.l(libinit2.o)
    0x080002da   0x080002da   0x00000002   Code   RO         1947    .ARM.Collect$$libinit$$00000035  c_w.l(libinit2.o)
    0x080002dc   0x080002dc   0x00000002   Code   RO         1984    .ARM.Collect$$libshutdown$$00000000  c_w.l(libshutdown.o)
    0x080002de   0x080002de   0x00000000   Code   RO         2012    .ARM.Collect$$libshutdown$$00000002  c_w.l(libshutdown2.o)
    0x080002de   0x080002de   0x00000000   Code   RO         2014    .ARM.Collect$$libshutdown$$00000004  c_w.l(libshutdown2.o)
    0x080002de   0x080002de   0x00000000   Code   RO         2017    .ARM.Collect$$libshutdown$$00000007  c_w.l(libshutdown2.o)
    0x080002de   0x080002de   0x00000000   Code   RO         2020    .ARM.Collect$$libshutdown$$0000000A  c_w.l(libshutdown2.o)
    0x080002de   0x080002de   0x00000000   Code   RO         2022    .ARM.Collect$$libshutdown$$0000000C  c_w.l(libshutdown2.o)
    0x080002de   0x080002de   0x00000000   Code   RO         2025    .ARM.Collect$$libshutdown$$0000000F  c_w.l(libshutdown2.o)
    0x080002de   0x080002de   0x00000002   Code   RO         2026    .ARM.Collect$$libshutdown$$00000010  c_w.l(libshutdown2.o)
    0x080002e0   0x080002e0   0x00000000   Code   RO         1666    .ARM.Collect$$rtentry$$00000000  c_w.l(__rtentry.o)
    0x080002e0   0x080002e0   0x00000000   Code   RO         1786    .ARM.Collect$$rtentry$$00000002  c_w.l(__rtentry2.o)
    0x080002e0   0x080002e0   0x00000006   Code   RO         1798    .ARM.Collect$$rtentry$$00000004  c_w.l(__rtentry4.o)
    0x080002e6   0x080002e6   0x00000000   Code   RO         1788    .ARM.Collect$$rtentry$$00000009  c_w.l(__rtentry2.o)
    0x080002e6   0x080002e6   0x00000004   Code   RO         1789    .ARM.Collect$$rtentry$$0000000A  c_w.l(__rtentry2.o)
    0x080002ea   0x080002ea   0x00000000   Code   RO         1791    .ARM.Collect$$rtentry$$0000000C  c_w.l(__rtentry2.o)
    0x080002ea   0x080002ea   0x00000008   Code   RO         1792    .ARM.Collect$$rtentry$$0000000D  c_w.l(__rtentry2.o)
    0x080002f2   0x080002f2   0x00000002   Code   RO         1886    .ARM.Collect$$rtexit$$00000000  c_w.l(rtexit.o)
    0x080002f4   0x080002f4   0x00000000   Code   RO         1953    .ARM.Collect$$rtexit$$00000002  c_w.l(rtexit2.o)
    0x080002f4   0x080002f4   0x00000004   Code   RO         1954    .ARM.Collect$$rtexit$$00000003  c_w.l(rtexit2.o)
    0x080002f8   0x080002f8   0x00000006   Code   RO         1955    .ARM.Collect$$rtexit$$00000004  c_w.l(rtexit2.o)
    0x080002fe   0x080002fe   0x00000002   PAD
    0x08000300   0x08000300   0x00000040   Code   RO            4    .text               startup_stm32f407xx.o
    0x08000340   0x08000340   0x000000f0   Code   RO         1634    .text               c_w.l(lludivv7m.o)
    0x08000430   0x08000430   0x00000024   Code   RO         1636    .text               c_w.l(vsprintf.o)
    0x08000454   0x08000454   0x0000003c   Code   RO         1638    .text               c_w.l(__0sscanf.o)
    0x08000490   0x08000490   0x0000014c   Code   RO         1640    .text               c_w.l(_scanf_int.o)
    0x080005dc   0x080005dc   0x0000008a   Code   RO         1642    .text               c_w.l(rt_memcpy_v6.o)
    0x08000666   0x08000666   0x00000010   Code   RO         1646    .text               c_w.l(aeabi_memset4.o)
    0x08000676   0x08000676   0x0000004e   Code   RO         1648    .text               c_w.l(rt_memclr_w.o)
    0x080006c4   0x080006c4   0x00000006   Code   RO         1650    .text               c_w.l(heapauxi.o)
    0x080006ca   0x080006ca   0x0000004e   Code   RO         1673    .text               c_w.l(_printf_pad.o)
    0x08000718   0x08000718   0x00000024   Code   RO         1675    .text               c_w.l(_printf_truncate.o)
    0x0800073c   0x0800073c   0x00000052   Code   RO         1677    .text               c_w.l(_printf_str.o)
    0x0800078e   0x0800078e   0x00000002   PAD
    0x08000790   0x08000790   0x00000078   Code   RO         1679    .text               c_w.l(_printf_dec.o)
    0x08000808   0x08000808   0x00000028   Code   RO         1681    .text               c_w.l(_printf_charcount.o)
    0x08000830   0x08000830   0x00000030   Code   RO         1683    .text               c_w.l(_printf_char_common.o)
    0x08000860   0x08000860   0x0000000a   Code   RO         1685    .text               c_w.l(_sputc.o)
    0x0800086a   0x0800086a   0x00000002   PAD
    0x0800086c   0x0800086c   0x000000bc   Code   RO         1687    .text               c_w.l(_printf_wctomb.o)
    0x08000928   0x08000928   0x0000007c   Code   RO         1690    .text               c_w.l(_printf_longlong_dec.o)
    0x080009a4   0x080009a4   0x00000070   Code   RO         1696    .text               c_w.l(_printf_oct_int_ll.o)
    0x08000a14   0x08000a14   0x00000094   Code   RO         1716    .text               c_w.l(_printf_hex_int_ll_ptr.o)
    0x08000aa8   0x08000aa8   0x00000188   Code   RO         1736    .text               c_w.l(__printf_flags_ss_wp.o)
    0x08000c30   0x08000c30   0x0000001c   Code   RO         1762    .text               c_w.l(_chval.o)
    0x08000c4c   0x08000c4c   0x0000002c   Code   RO         1764    .text               c_w.l(scanf_char.o)
    0x08000c78   0x08000c78   0x00000040   Code   RO         1766    .text               c_w.l(_sgetc.o)
    0x08000cb8   0x08000cb8   0x00000064   Code   RO         1768    .text               c_w.l(rt_memcpy_w.o)
    0x08000d1c   0x08000d1c   0x0000008a   Code   RO         1802    .text               c_w.l(lludiv10.o)
    0x08000da6   0x08000da6   0x00000012   Code   RO         1804    .text               c_w.l(isspace.o)
    0x08000db8   0x08000db8   0x000000b2   Code   RO         1806    .text               c_w.l(_printf_intcommon.o)
    0x08000e6a   0x08000e6a   0x0000041c   Code   RO         1808    .text               c_w.l(_printf_fp_dec.o)
    0x08001286   0x08001286   0x00000002   PAD
    0x08001288   0x08001288   0x000002fc   Code   RO         1812    .text               c_w.l(_printf_fp_hex.o)
    0x08001584   0x08001584   0x0000002c   Code   RO         1817    .text               c_w.l(_printf_char.o)
    0x080015b0   0x080015b0   0x0000002c   Code   RO         1819    .text               c_w.l(_printf_wchar.o)
    0x080015dc   0x080015dc   0x00000374   Code   RO         1822    .text               c_w.l(_scanf.o)
    0x08001950   0x08001950   0x00000048   Code   RO         1824    .text               c_w.l(_c16rtomb.o)
    0x08001998   0x08001998   0x0000004a   Code   RO         1826    .text               c_w.l(sys_stackheap_outer.o)
    0x080019e2   0x080019e2   0x00000002   PAD
    0x080019e4   0x080019e4   0x00000010   Code   RO         1828    .text               c_w.l(rt_ctype_table.o)
    0x080019f4   0x080019f4   0x00000008   Code   RO         1833    .text               c_w.l(rt_locale_intlibspace.o)
    0x080019fc   0x080019fc   0x00000080   Code   RO         1835    .text               c_w.l(_printf_fp_infnan.o)
    0x08001a7c   0x08001a7c   0x000000e4   Code   RO         1837    .text               c_w.l(bigflt0.o)
    0x08001b60   0x08001b60   0x00000012   Code   RO         1867    .text               c_w.l(exit.o)
    0x08001b72   0x08001b72   0x00000002   PAD
    0x08001b74   0x08001b74   0x00000008   Code   RO         1883    .text               c_w.l(libspace.o)
    0x08001b7c   0x08001b7c   0x00000004   PAD
    0x08001b80   0x08001b80   0x0000007c   Code   RO         1899    .text               c_w.l(strcmpv7em.o)
    0x08001bfc   0x08001bfc   0x0000000c   Code   RO         1948    .text               c_w.l(sys_exit.o)
    0x08001c08   0x08001c08   0x00000002   Code   RO         1973    .text               c_w.l(use_no_semi.o)
    0x08001c0a   0x08001c0a   0x00000000   Code   RO         1975    .text               c_w.l(indicate_semi.o)
    0x08001c0a   0x08001c0a   0x00000002   PAD
    0x08001c0c   0x08001c0c   0x00000002   Code   RO          302    .text.BusFault_Handler  stm32f4xx_it.o
    0x08001c0e   0x08001c0e   0x00000002   PAD
    0x08001c10   0x08001c10   0x000000a8   Code   RO           11    .text.Control_Init  control.o
    0x08001cb8   0x08001cb8   0x00000260   Code   RO           15    .text.Control_PID_Loop  control.o
    0x08001f18   0x08001f18   0x00000060   Code   RO           17    .text.Control_Telemetry_Loop  control.o
    0x08001f78   0x08001f78   0x0000000c   Code   RO          308    .text.DMA1_Stream1_IRQHandler  stm32f4xx_it.o
    0x08001f84   0x08001f84   0x0000000c   Code   RO          310    .text.DMA1_Stream3_IRQHandler  stm32f4xx_it.o
    0x08001f90   0x08001f90   0x00000002   Code   RO          306    .text.DebugMon_Handler  stm32f4xx_it.o
    0x08001f92   0x08001f92   0x00000002   PAD
    0x08001f94   0x08001f94   0x0000002c   Code   RO           51    .text.Encoder_Get_Increment  encoder.o
    0x08001fc0   0x08001fc0   0x0000003e   Code   RO           49    .text.Encoder_Init  encoder.o
    0x08001ffe   0x08001ffe   0x00000002   PAD
    0x08002000   0x08002000   0x00000006   Code   RO          184    .text.Error_Handler  main.o
    0x08002006   0x08002006   0x00000002   PAD
    0x08002008   0x08002008   0x0000008e   Code   RO          843    .text.HAL_DMA_Abort  stm32f4xx_hal_dma.o
    0x08002096   0x08002096   0x00000002   PAD
    0x08002098   0x08002098   0x00000024   Code   RO          845    .text.HAL_DMA_Abort_IT  stm32f4xx_hal_dma.o
    0x080020bc   0x080020bc   0x000001c4   Code   RO          849    .text.HAL_DMA_IRQHandler  stm32f4xx_hal_dma.o
    0x08002280   0x08002280   0x00000162   Code   RO          835    .text.HAL_DMA_Init  stm32f4xx_hal_dma.o
    0x080023e2   0x080023e2   0x00000002   PAD
    0x080023e4   0x080023e4   0x0000019e   Code   RO          797    .text.HAL_GPIO_Init  stm32f4xx_hal_gpio.o
    0x08002582   0x08002582   0x00000002   PAD
    0x08002584   0x08002584   0x00000010   Code   RO          805    .text.HAL_GPIO_TogglePin  stm32f4xx_hal_gpio.o
    0x08002594   0x08002594   0x0000000a   Code   RO          803    .text.HAL_GPIO_WritePin  stm32f4xx_hal_gpio.o
    0x0800259e   0x0800259e   0x00000002   PAD
    0x080025a0   0x080025a0   0x0000000c   Code   RO          994    .text.HAL_GetTick   stm32f4xx_hal.o
    0x080025ac   0x080025ac   0x0000001a   Code   RO          992    .text.HAL_IncTick   stm32f4xx_hal.o
    0x080025c6   0x080025c6   0x00000002   PAD
    0x080025c8   0x080025c8   0x00000036   Code   RO          982    .text.HAL_Init      stm32f4xx_hal.o
    0x080025fe   0x080025fe   0x00000002   PAD
    0x08002600   0x08002600   0x000000b2   Code   RO          339    .text.HAL_InitTick  stm32f4xx_hal_timebase_tim.o
    0x080026b2   0x080026b2   0x00000002   PAD
    0x080026b4   0x080026b4   0x00000042   Code   RO          330    .text.HAL_MspInit   stm32f4xx_hal_msp.o
    0x080026f6   0x080026f6   0x00000002   PAD
    0x080026f8   0x080026f8   0x00000022   Code   RO          934    .text.HAL_NVIC_EnableIRQ  stm32f4xx_hal_cortex.o
    0x0800271a   0x0800271a   0x00000002   PAD
    0x0800271c   0x0800271c   0x00000056   Code   RO          932    .text.HAL_NVIC_SetPriority  stm32f4xx_hal_cortex.o
    0x08002772   0x08002772   0x00000002   PAD
    0x08002774   0x08002774   0x00000020   Code   RO          930    .text.HAL_NVIC_SetPriorityGrouping  stm32f4xx_hal_cortex.o
    0x08002794   0x08002794   0x00000164   Code   RO          691    .text.HAL_RCC_ClockConfig  stm32f4xx_hal_rcc.o
    0x080028f8   0x080028f8   0x0000003e   Code   RO          709    .text.HAL_RCC_GetClockConfig  stm32f4xx_hal_rcc.o
    0x08002936   0x08002936   0x00000002   PAD
    0x08002938   0x08002938   0x00000026   Code   RO          703    .text.HAL_RCC_GetPCLK1Freq  stm32f4xx_hal_rcc.o
    0x0800295e   0x0800295e   0x00000002   PAD
    0x08002960   0x08002960   0x00000026   Code   RO          705    .text.HAL_RCC_GetPCLK2Freq  stm32f4xx_hal_rcc.o
    0x08002986   0x08002986   0x00000002   PAD
    0x08002988   0x08002988   0x0000006c   Code   RO          693    .text.HAL_RCC_GetSysClockFreq  stm32f4xx_hal_rcc.o
    0x080029f4   0x080029f4   0x000003ac   Code   RO          689    .text.HAL_RCC_OscConfig  stm32f4xx_hal_rcc.o
    0x08002da0   0x08002da0   0x00000002   Code   RO          673    .text.HAL_TIMEx_BreakCallback  stm32f4xx_hal_tim_ex.o
    0x08002da2   0x08002da2   0x00000002   PAD
    0x08002da4   0x08002da4   0x00000002   Code   RO          669    .text.HAL_TIMEx_CommutCallback  stm32f4xx_hal_tim_ex.o
    0x08002da6   0x08002da6   0x00000002   PAD
    0x08002da8   0x08002da8   0x000000ba   Code   RO          663    .text.HAL_TIMEx_MasterConfigSynchronization  stm32f4xx_hal_tim_ex.o
    0x08002e62   0x08002e62   0x00000002   PAD
    0x08002e64   0x08002e64   0x0000005a   Code   RO          368    .text.HAL_TIM_Base_Init  stm32f4xx_hal_tim.o
    0x08002ebe   0x08002ebe   0x00000002   PAD
    0x08002ec0   0x08002ec0   0x00000002   Code   RO          370    .text.HAL_TIM_Base_MspInit  stm32f4xx_hal_tim.o
    0x08002ec2   0x08002ec2   0x00000002   PAD
    0x08002ec4   0x08002ec4   0x000000aa   Code   RO          382    .text.HAL_TIM_Base_Start_IT  stm32f4xx_hal_tim.o
    0x08002f6e   0x08002f6e   0x00000002   PAD
    0x08002f70   0x08002f70   0x000000b2   Code   RO          482    .text.HAL_TIM_Encoder_Init  stm32f4xx_hal_tim.o
    0x08003022   0x08003022   0x00000002   PAD
    0x08003024   0x08003024   0x000001b0   Code   RO          255    .text.HAL_TIM_Encoder_MspInit  tim.o
    0x080031d4   0x080031d4   0x000000bc   Code   RO          490    .text.HAL_TIM_Encoder_Start  stm32f4xx_hal_tim.o
    0x08003290   0x08003290   0x00000002   Code   RO          504    .text.HAL_TIM_IC_CaptureCallback  stm32f4xx_hal_tim.o
    0x08003292   0x08003292   0x00000002   PAD
    0x08003294   0x08003294   0x0000014e   Code   RO          502    .text.HAL_TIM_IRQHandler  stm32f4xx_hal_tim.o
    0x080033e2   0x080033e2   0x00000002   PAD
    0x080033e4   0x080033e4   0x00000002   Code   RO          506    .text.HAL_TIM_OC_DelayElapsedCallback  stm32f4xx_hal_tim.o
    0x080033e6   0x080033e6   0x00000002   PAD
    0x080033e8   0x080033e8   0x00000220   Code   RO          522    .text.HAL_TIM_PWM_ConfigChannel  stm32f4xx_hal_tim.o
    0x08003608   0x08003608   0x0000005a   Code   RO          422    .text.HAL_TIM_PWM_Init  stm32f4xx_hal_tim.o
    0x08003662   0x08003662   0x00000002   PAD
    0x08003664   0x08003664   0x00000048   Code   RO          257    .text.HAL_TIM_PWM_MspInit  tim.o
    0x080036ac   0x080036ac   0x00000002   Code   RO          508    .text.HAL_TIM_PWM_PulseFinishedCallback  stm32f4xx_hal_tim.o
    0x080036ae   0x080036ae   0x00000002   PAD
    0x080036b0   0x080036b0   0x0000010e   Code   RO          430    .text.HAL_TIM_PWM_Start  stm32f4xx_hal_tim.o
    0x080037be   0x080037be   0x00000002   PAD
    0x080037c0   0x080037c0   0x00000014   Code   RO          186    .text.HAL_TIM_PeriodElapsedCallback  main.o
    0x080037d4   0x080037d4   0x00000002   Code   RO          512    .text.HAL_TIM_TriggerCallback  stm32f4xx_hal_tim.o
    0x080037d6   0x080037d6   0x00000002   PAD
    0x080037d8   0x080037d8   0x00000002   Code   RO         1158    .text.HAL_UARTEx_RxEventCallback  stm32f4xx_hal_uart.o
    0x080037da   0x080037da   0x00000002   PAD
    0x080037dc   0x080037dc   0x00000002   Code   RO         1156    .text.HAL_UART_ErrorCallback  stm32f4xx_hal_uart.o
    0x080037de   0x080037de   0x00000002   PAD
    0x080037e0   0x080037e0   0x00000594   Code   RO         1150    .text.HAL_UART_IRQHandler  stm32f4xx_hal_uart.o
    0x08003d74   0x08003d74   0x00000060   Code   RO         1072    .text.HAL_UART_Init  stm32f4xx_hal_uart.o
    0x08003dd4   0x08003dd4   0x00000186   Code   RO          280    .text.HAL_UART_MspInit  usart.o
    0x08003f5a   0x08003f5a   0x00000002   PAD
    0x08003f5c   0x08003f5c   0x00000054   Code   RO         1094    .text.HAL_UART_Receive_IT  stm32f4xx_hal_uart.o
    0x08003fb0   0x08003fb0   0x00000012   Code   RO          320    .text.HAL_UART_RxCpltCallback  stm32f4xx_it.o
    0x08003fc2   0x08003fc2   0x00000002   PAD
    0x08003fc4   0x08003fc4   0x00000192   Code   RO         1088    .text.HAL_UART_Transmit  stm32f4xx_hal_uart.o
    0x08004156   0x08004156   0x00000002   PAD
    0x08004158   0x08004158   0x00000002   Code   RO         1160    .text.HAL_UART_TxCpltCallback  stm32f4xx_hal_uart.o
    0x0800415a   0x0800415a   0x00000002   PAD
    0x0800415c   0x0800415c   0x00000002   Code   RO          298    .text.HardFault_Handler  stm32f4xx_it.o
    0x0800415e   0x0800415e   0x00000002   PAD
    0x08004160   0x08004160   0x00000048   Code   RO          234    .text.MX_DMA_Init   dma.o
    0x080041a8   0x080041a8   0x00000158   Code   RO          212    .text.MX_FREERTOS_Init  freertos.o
    0x08004300   0x08004300   0x00000156   Code   RO          199    .text.MX_GPIO_Init  gpio.o
    0x08004456   0x08004456   0x00000002   PAD
    0x08004458   0x08004458   0x0000006c   Code   RO          243    .text.MX_TIM1_Init  tim.o
    0x080044c4   0x080044c4   0x00000064   Code   RO          245    .text.MX_TIM2_Init  tim.o
    0x08004528   0x08004528   0x0000013c   Code   RO          247    .text.MX_TIM3_Init  tim.o
    0x08004664   0x08004664   0x00000068   Code   RO          251    .text.MX_TIM4_Init  tim.o
    0x080046cc   0x080046cc   0x0000006a   Code   RO          253    .text.MX_TIM5_Init  tim.o
    0x08004736   0x08004736   0x00000002   PAD
    0x08004738   0x08004738   0x0000003c   Code   RO          276    .text.MX_USART1_UART_Init  usart.o
    0x08004774   0x08004774   0x0000003c   Code   RO          278    .text.MX_USART3_UART_Init  usart.o
    0x080047b0   0x080047b0   0x00000002   Code   RO          300    .text.MemManage_Handler  stm32f4xx_it.o
    0x080047b2   0x080047b2   0x00000002   PAD
    0x080047b4   0x080047b4   0x00000066   Code   RO           74    .text.Motor_Init    motor.o
    0x0800481a   0x0800481a   0x00000002   PAD
    0x0800481c   0x0800481c   0x0000012c   Code   RO           76    .text.Motor_SetSpeed  motor.o
    0x08004948   0x08004948   0x00000002   Code   RO          296    .text.NMI_Handler   stm32f4xx_it.o
    0x0800494a   0x0800494a   0x00000002   PAD
    0x0800494c   0x0800494c   0x00000020   Code   RO           86    .text.PID_Init      pid.o
    0x0800496c   0x0800496c   0x000000be   Code   RO           90    .text.PID_Update    pid.o
    0x08004a2a   0x08004a2a   0x00000006   PAD
    0x08004a30   0x08004a30   0x00000064   Code   RO         1617    .text.PendSV_Handler  port.o
    0x08004a94   0x08004a94   0x0000000a   Code   RO          354    .text.RingBuffer_Init  ring_buffer.o
    0x08004a9e   0x08004a9e   0x00000002   PAD
    0x08004aa0   0x08004aa0   0x00000032   Code   RO          358    .text.RingBuffer_Read  ring_buffer.o
    0x08004ad2   0x08004ad2   0x00000002   PAD
    0x08004ad4   0x08004ad4   0x00000030   Code   RO          356    .text.RingBuffer_Write  ring_buffer.o
    0x08004b04   0x08004b04   0x0000000c   PAD
    0x08004b10   0x08004b10   0x00000024   Code   RO         1601    .text.SVC_Handler   port.o
    0x08004b34   0x08004b34   0x00000016   Code   RO          100    .text.Serial_Init   serial.o
    0x08004b4a   0x08004b4a   0x00000002   PAD
    0x08004b4c   0x08004b4c   0x00000064   Code   RO          112    .text.Serial_Printf  serial.o
    0x08004bb0   0x08004bb0   0x0000002a   Code   RO          118    .text.Serial_UART_RxCpltCallback  serial.o
    0x08004bda   0x08004bda   0x00000002   PAD
    0x08004bdc   0x08004bdc   0x0000001a   Code   RO          216    .text.StartControlTask  freertos.o
    0x08004bf6   0x08004bf6   0x00000002   PAD
    0x08004bf8   0x08004bf8   0x0000001c   Code   RO          214    .text.StartDefaultTask  freertos.o
    0x08004c14   0x08004c14   0x0000000c   Code   RO          220    .text.StartTelemetryTask  freertos.o
    0x08004c20   0x08004c20   0x0000001c   Code   RO          218    .text.StartVisionTask  freertos.o
    0x08004c3c   0x08004c3c   0x0000002e   Code   RO         1619    .text.SysTick_Handler  port.o
    0x08004c6a   0x08004c6a   0x00000002   PAD
    0x08004c6c   0x08004c6c   0x000000ac   Code   RO          182    .text.SystemClock_Config  main.o
    0x08004d18   0x08004d18   0x00000012   Code   RO         1194    .text.SystemInit    system_stm32f4xx.o
    0x08004d2a   0x08004d2a   0x00000002   PAD
    0x08004d2c   0x08004d2c   0x0000000c   Code   RO          312    .text.TIM3_IRQHandler  stm32f4xx_it.o
    0x08004d38   0x08004d38   0x0000000c   Code   RO          318    .text.TIM8_TRG_COM_TIM14_IRQHandler  stm32f4xx_it.o
    0x08004d44   0x08004d44   0x0000013a   Code   RO          372    .text.TIM_Base_SetConfig  stm32f4xx_hal_tim.o
    0x08004e7e   0x08004e7e   0x00000002   PAD
    0x08004e80   0x08004e80   0x0000000a   Code   RO         1154    .text.UART_DMAAbortOnError  stm32f4xx_hal_uart.o
    0x08004e8a   0x08004e8a   0x00000002   PAD
    0x08004e8c   0x08004e8c   0x000000fe   Code   RO         1152    .text.UART_Receive_IT  stm32f4xx_hal_uart.o
    0x08004f8a   0x08004f8a   0x00000002   PAD
    0x08004f8c   0x08004f8c   0x000000e6   Code   RO         1076    .text.UART_SetConfig  stm32f4xx_hal_uart.o
    0x08005072   0x08005072   0x00000002   PAD
    0x08005074   0x08005074   0x0000000c   Code   RO          314    .text.USART1_IRQHandler  stm32f4xx_it.o
    0x08005080   0x08005080   0x0000000c   Code   RO          316    .text.USART3_IRQHandler  stm32f4xx_it.o
    0x0800508c   0x0800508c   0x00000002   Code   RO          304    .text.UsageFault_Handler  stm32f4xx_it.o
    0x0800508e   0x0800508e   0x00000002   PAD
    0x08005090   0x08005090   0x00000032   Code   RO          163    .text.Vision_Init   vision.o
    0x080050c2   0x080050c2   0x00000002   PAD
    0x080050c4   0x080050c4   0x000000a8   Code   RO          167    .text.Vision_ProcessData  vision.o
    0x0800516c   0x0800516c   0x0000004c   Code   RO          165    .text.Vision_UART_RxCpltCallback  vision.o
    0x080051b8   0x080051b8   0x00000088   Code   RO          180    .text.main          main.o
    0x08005240   0x08005240   0x00000010   Code   RO         1479    .text.osDelay       cmsis_os.o
    0x08005250   0x08005250   0x0000000a   Code   RO         1461    .text.osKernelStart  cmsis_os.o
    0x0800525a   0x0800525a   0x00000002   PAD
    0x0800525c   0x0800525c   0x00000010   Code   RO         1465    .text.osKernelSysTick  cmsis_os.o
    0x0800526c   0x0800526c   0x0000002a   Code   RO         1517    .text.osMessageCreate  cmsis_os.o
    0x08005296   0x08005296   0x00000002   PAD
    0x08005298   0x08005298   0x00000076   Code   RO         1521    .text.osMessageGet  cmsis_os.o
    0x0800530e   0x0800530e   0x00000002   PAD
    0x08005310   0x08005310   0x0000005e   Code   RO         1519    .text.osMessagePut  cmsis_os.o
    0x0800536e   0x0800536e   0x00000002   PAD
    0x08005370   0x08005370   0x00000010   Code   RO         1493    .text.osMutexCreate  cmsis_os.o
    0x08005380   0x08005380   0x00000052   Code   RO         1497    .text.osMutexRelease  cmsis_os.o
    0x080053d2   0x080053d2   0x00000002   PAD
    0x080053d4   0x080053d4   0x0000005a   Code   RO         1495    .text.osMutexWait   cmsis_os.o
    0x0800542e   0x0800542e   0x00000002   PAD
    0x08005430   0x08005430   0x0000004a   Code   RO         1501    .text.osSemaphoreCreate  cmsis_os.o
    0x0800547a   0x0800547a   0x00000002   PAD
    0x0800547c   0x0800547c   0x00000052   Code   RO         1505    .text.osSemaphoreRelease  cmsis_os.o
    0x080054ce   0x080054ce   0x00000002   PAD
    0x080054d0   0x080054d0   0x0000005a   Code   RO         1503    .text.osSemaphoreWait  cmsis_os.o
    0x0800552a   0x0800552a   0x00000002   PAD
    0x0800552c   0x0800552c   0x0000005c   Code   RO         1467    .text.osThreadCreate  cmsis_os.o
    0x08005588   0x08005588   0x0000007e   Code   RO         1367    .text.prvAddCurrentTaskToDelayedList  tasks.o
    0x08005606   0x08005606   0x00000002   PAD
    0x08005608   0x08005608   0x000000fc   Code   RO         1357    .text.prvAddNewTaskToReadyList  tasks.o
    0x08005704   0x08005704   0x00000086   Code   RO         1389    .text.prvIdleTask   tasks.o
    0x0800578a   0x0800578a   0x00000002   PAD
    0x0800578c   0x0800578c   0x00000104   Code   RO         1355    .text.prvInitialiseNewTask  tasks.o
    0x08005890   0x08005890   0x00000028   Code   RO         1609    .text.prvPortStartFirstTask  port.o
    0x080058b8   0x080058b8   0x0000003e   Code   RO         1599    .text.prvTaskExitError  port.o
    0x080058f6   0x080058f6   0x00000002   PAD
    0x080058f8   0x080058f8   0x00000074   Code   RO         1268    .text.prvUnlockQueue  queue.o
    0x0800596c   0x0800596c   0x000001f0   Code   RO         1575    .text.pvPortMalloc  heap_4.o
    0x08005b5c   0x08005b5c   0x00000018   Code   RO         1433    .text.pvTaskIncrementMutexHeldCount  tasks.o
    0x08005b74   0x08005b74   0x00000024   Code   RO         1597    .text.pxPortInitialiseStack  port.o
    0x08005b98   0x08005b98   0x00000022   Code   RO         1246    .text.uxListRemove  list.o
    0x08005bba   0x08005bba   0x00000002   PAD
    0x08005bbc   0x08005bbc   0x0000001a   Code   RO          210    .text.vApplicationGetIdleTaskMemory  freertos.o
    0x08005bd6   0x08005bd6   0x00000002   PAD
    0x08005bd8   0x08005bd8   0x00000038   Code   RO          208    .text.vApplicationStackOverflowHook  freertos.o
    0x08005c10   0x08005c10   0x00000016   Code   RO         1238    .text.vListInitialise  list.o
    0x08005c26   0x08005c26   0x00000002   PAD
    0x08005c28   0x08005c28   0x00000006   Code   RO         1240    .text.vListInitialiseItem  list.o
    0x08005c2e   0x08005c2e   0x00000002   PAD
    0x08005c30   0x08005c30   0x00000062   Code   RO         1244    .text.vListInsert   list.o
    0x08005c92   0x08005c92   0x00000002   PAD
    0x08005c94   0x08005c94   0x0000001a   Code   RO         1242    .text.vListInsertEnd  list.o
    0x08005cae   0x08005cae   0x00000002   PAD
    0x08005cb0   0x08005cb0   0x00000014   Code   RO         1607    .text.vPortEnableVFP  port.o
    0x08005cc4   0x08005cc4   0x00000046   Code   RO         1613    .text.vPortEnterCritical  port.o
    0x08005d0a   0x08005d0a   0x00000002   PAD
    0x08005d0c   0x08005d0c   0x0000002e   Code   RO         1615    .text.vPortExitCritical  port.o
    0x08005d3a   0x08005d3a   0x00000002   PAD
    0x08005d3c   0x08005d3c   0x000000d4   Code   RO         1577    .text.vPortFree     heap_4.o
    0x08005e10   0x08005e10   0x00000034   Code   RO         1605    .text.vPortSetupTimerInterrupt  port.o
    0x08005e44   0x08005e44   0x0000005e   Code   RO         1621    .text.vPortValidateInterruptPriority  port.o
    0x08005ea2   0x08005ea2   0x00000002   PAD
    0x08005ea4   0x08005ea4   0x0000009e   Code   RO         1371    .text.vTaskDelay    tasks.o
    0x08005f42   0x08005f42   0x00000002   PAD
    0x08005f44   0x08005f44   0x000000e0   Code   RO         1363    .text.vTaskDelayUntil  tasks.o
    0x08006024   0x08006024   0x00000012   Code   RO         1415    .text.vTaskInternalSetTimeOutState  tasks.o
    0x08006036   0x08006036   0x00000002   PAD
    0x08006038   0x08006038   0x0000000e   Code   RO         1419    .text.vTaskMissedYield  tasks.o
    0x08006046   0x08006046   0x00000002   PAD
    0x08006048   0x08006048   0x00000036   Code   RO         1405    .text.vTaskPlaceOnEventList  tasks.o
    0x0800607e   0x0800607e   0x00000002   PAD
    0x08006080   0x08006080   0x000000b2   Code   RO         1429    .text.vTaskPriorityDisinheritAfterTimeout  tasks.o
    0x08006132   0x08006132   0x00000002   PAD
    0x08006134   0x08006134   0x000000cc   Code   RO         1387    .text.vTaskStartScheduler  tasks.o
    0x08006200   0x08006200   0x00000010   Code   RO         1365    .text.vTaskSuspendAll  tasks.o
    0x08006210   0x08006210   0x0000009a   Code   RO         1381    .text.vTaskSwitchContext  tasks.o
    0x080062aa   0x080062aa   0x00000002   PAD
    0x080062ac   0x080062ac   0x00000188   Code   RO         1603    .text.xPortStartScheduler  port.o
    0x08006434   0x08006434   0x0000006a   Code   RO         1262    .text.xQueueCreateMutex  queue.o
    0x0800649e   0x0800649e   0x00000002   PAD
    0x080064a0   0x080064a0   0x0000009a   Code   RO         1264    .text.xQueueCreateMutexStatic  queue.o
    0x0800653a   0x0800653a   0x00000002   PAD
    0x0800653c   0x0800653c   0x0000007e   Code   RO         1260    .text.xQueueGenericCreate  queue.o
    0x080065ba   0x080065ba   0x00000002   PAD
    0x080065bc   0x080065bc   0x000000d6   Code   RO         1258    .text.xQueueGenericCreateStatic  queue.o
    0x08006692   0x08006692   0x00000002   PAD
    0x08006694   0x08006694   0x000002c0   Code   RO         1266    .text.xQueueGenericSend  queue.o
    0x08006954   0x08006954   0x00000148   Code   RO         1270    .text.xQueueGenericSendFromISR  queue.o
    0x08006a9c   0x08006a9c   0x000000ba   Code   RO         1272    .text.xQueueGiveFromISR  queue.o
    0x08006b56   0x08006b56   0x00000002   PAD
    0x08006b58   0x08006b58   0x0000023e   Code   RO         1274    .text.xQueueReceive  queue.o
    0x08006d96   0x08006d96   0x00000002   PAD
    0x08006d98   0x08006d98   0x000000d2   Code   RO         1280    .text.xQueueReceiveFromISR  queue.o
    0x08006e6a   0x08006e6a   0x00000002   PAD
    0x08006e6c   0x08006e6c   0x0000028a   Code   RO         1276    .text.xQueueSemaphoreTake  queue.o
    0x080070f6   0x080070f6   0x00000002   PAD
    0x080070f8   0x080070f8   0x0000009a   Code   RO         1417    .text.xTaskCheckForTimeOut  tasks.o
    0x08007192   0x08007192   0x00000002   PAD
    0x08007194   0x08007194   0x00000060   Code   RO         1359    .text.xTaskCreate   tasks.o
    0x080071f4   0x080071f4   0x00000076   Code   RO         1353    .text.xTaskCreateStatic  tasks.o
    0x0800726a   0x0800726a   0x00000002   PAD
    0x0800726c   0x0800726c   0x0000001e   Code   RO         1423    .text.xTaskGetSchedulerState  tasks.o
    0x0800728a   0x0800728a   0x00000002   PAD
    0x0800728c   0x0800728c   0x0000000c   Code   RO         1395    .text.xTaskGetTickCount  tasks.o
    0x08007298   0x08007298   0x00000012   Code   RO         1397    .text.xTaskGetTickCountFromISR  tasks.o
    0x080072aa   0x080072aa   0x00000002   PAD
    0x080072ac   0x080072ac   0x00000106   Code   RO         1393    .text.xTaskIncrementTick  tasks.o
    0x080073b2   0x080073b2   0x00000002   PAD
    0x080073b4   0x080073b4   0x000000ae   Code   RO         1427    .text.xTaskPriorityDisinherit  tasks.o
    0x08007462   0x08007462   0x00000002   PAD
    0x08007464   0x08007464   0x000000a6   Code   RO         1425    .text.xTaskPriorityInherit  tasks.o
    0x0800750a   0x0800750a   0x00000002   PAD
    0x0800750c   0x0800750c   0x00000074   Code   RO         1409    .text.xTaskRemoveFromEventList  tasks.o
    0x08007580   0x08007580   0x000000ea   Code   RO         1369    .text.xTaskResumeAll  tasks.o
    0x0800766a   0x0800766a   0x0000003e   Code   RO         1840    CL$$btod_d2e        c_w.l(btod.o)
    0x080076a8   0x080076a8   0x00000046   Code   RO         1842    CL$$btod_d2e_denorm_low  c_w.l(btod.o)
    0x080076ee   0x080076ee   0x00000060   Code   RO         1841    CL$$btod_d2e_norm_op1  c_w.l(btod.o)
    0x0800774e   0x0800774e   0x00000002   PAD
    0x08007750   0x08007750   0x00000338   Code   RO         1850    CL$$btod_div_common  c_w.l(btod.o)
    0x08007a88   0x08007a88   0x000000dc   Code   RO         1847    CL$$btod_e2e        c_w.l(btod.o)
    0x08007b64   0x08007b64   0x0000002a   Code   RO         1844    CL$$btod_ediv       c_w.l(btod.o)
    0x08007b8e   0x08007b8e   0x0000002a   Code   RO         1843    CL$$btod_emul       c_w.l(btod.o)
    0x08007bb8   0x08007bb8   0x00000244   Code   RO         1849    CL$$btod_mult_common  c_w.l(btod.o)
    0x08007dfc   0x08007dfc   0x00000030   Code   RO         1881    i.__ARM_fpclassify  m_wm.l(fpclassify.o)
    0x08007e2c   0x08007e2c   0x0000000e   Code   RO         1729    i._is_digit         c_w.l(__printf_wp.o)
    0x08007e3a   0x08007e3a   0x00000002   PAD
    0x08007e3c   0x08007e3c   0x0000002c   Code   RO         1865    locale$$code        c_w.l(lc_numeric_c.o)
    0x08007e68   0x08007e68   0x0000002c   Code   RO         1893    locale$$code        c_w.l(lc_ctype_c.o)
    0x08007e94   0x08007e94   0x0000001a   Code   RO         1967    x$fpl$fpinit        fz_wm.l(fpinit.o)
    0x08007eae   0x08007eae   0x00000004   Code   RO         1776    x$fpl$printf1       fz_wm.l(printf1.o)
    0x08007eb2   0x08007eb2   0x00000004   Code   RO         1778    x$fpl$printf2       fz_wm.l(printf2.o)
    0x08007eb6   0x08007eb6   0x00000000   Code   RO         1784    x$fpl$usenofp       fz_wm.l(usenofp.o)
    0x08007eb6   0x08007eb6   0x00000002   PAD
    0x08007eb8   0x08007eb8   0x00000008   Data   RO         1688    .constdata          c_w.l(_printf_wctomb.o)
    0x08007ec0   0x08007ec0   0x00000028   Data   RO         1717    .constdata          c_w.l(_printf_hex_int_ll_ptr.o)
    0x08007ee8   0x08007ee8   0x00000011   Data   RO         1737    .constdata          c_w.l(__printf_flags_ss_wp.o)
    0x08007ef9   0x08007ef9   0x00000026   Data   RO         1813    .constdata          c_w.l(_printf_fp_hex.o)
    0x08007f1f   0x08007f1f   0x00000001   PAD
    0x08007f20   0x08007f20   0x00000094   Data   RO         1838    .constdata          c_w.l(bigflt0.o)
    0x08007fb4   0x08007fb4   0x00000010   Data   RO         1199    .rodata.AHBPrescTable  system_stm32f4xx.o
    0x08007fc4   0x08007fc4   0x00000008   Data   RO         1200    .rodata.APBPrescTable  system_stm32f4xx.o
    0x08007fcc   0x08007fcc   0x00000008   Data   RO          859    .rodata.cst8        stm32f4xx_hal_dma.o
    0x08007fd4   0x08007fd4   0x00000031   Data   RO          224    .rodata.str1.1      freertos.o
    0x08008005   0x08008005   0x00000003   PAD
    0x08008008   0x08008008   0x00000020   Data   RO         2028    Region$$Table       anon$$obj.o
    0x08008028   0x08008028   0x0000001c   Data   RO         1864    locale$$data        c_w.l(lc_numeric_c.o)
    0x08008044   0x08008044   0x00000110   Data   RO         1892    locale$$data        c_w.l(lc_ctype_c.o)


    Execution Region RW_IRAM1 (Exec base: 0x20000000, Load base: 0x08008158, Size: 0x00011e08, Max: 0x0001c000, ABSOLUTE)

    Exec Addr    Load Addr    Size         Type   Attr      Idx    E Section Name        Object

    0x20000000   0x08008158   0x00000008   Data   RW           39    .data..L_MergedGlobals  control.o
    0x20000008   0x08008160   0x00000008   Data   RW         1037    .data..L_MergedGlobals  stm32f4xx_hal.o
    0x20000010   0x08008168   0x00000004   Data   RW         1198    .data.SystemCoreClock  system_stm32f4xx.o
    0x20000014   0x0800816c   0x00000004   Data   RW         1623    .data.uxCriticalNesting  port.o
    0x20000018        -       0x00000060   Zero   RW         1884    .bss                c_w.l(libspace.o)
    0x20000078        -       0x00000002   Zero   RW          120    .bss..L_MergedGlobals  serial.o
    0x2000007a   0x08008170   0x00000002   PAD
    0x2000007c        -       0x00000050   Zero   RW          171    .bss..L_MergedGlobals  vision.o
    0x200000cc        -       0x0000001c   Zero   RW          225    .bss..L_MergedGlobals  freertos.o
    0x200000e8        -       0x00000078   Zero   RW         1450    .bss..L_MergedGlobals  tasks.o
    0x20000160        -       0x00000020   Zero   RW         1588    .bss..L_MergedGlobals  heap_4.o
    0x20000180        -       0x00000008   Zero   RW         1624    .bss..L_MergedGlobals  port.o
    0x20000188        -       0x00000030   Zero   RW           40    .bss..L_MergedGlobals.1  control.o
    0x200001b8        -       0x00000028   Zero   RW         1451    .bss..L_MergedGlobals.2  tasks.o
    0x200001e0        -       0x00000080   Zero   RW          170    .bss.Vision_ProcessData.packet_buffer  vision.o
    0x20000260        -       0x00000060   Zero   RW          286    .bss.hdma_usart3_rx  usart.o
    0x200002c0        -       0x00000060   Zero   RW          287    .bss.hdma_usart3_tx  usart.o
    0x20000320        -       0x00000048   Zero   RW          263    .bss.htim1          tim.o
    0x20000368        -       0x00000048   Zero   RW          345    .bss.htim14         stm32f4xx_hal_timebase_tim.o
    0x200003b0        -       0x00000048   Zero   RW          264    .bss.htim2          tim.o
    0x200003f8        -       0x00000048   Zero   RW          265    .bss.htim3          tim.o
    0x20000440        -       0x00000048   Zero   RW          266    .bss.htim4          tim.o
    0x20000488        -       0x00000048   Zero   RW          267    .bss.htim5          tim.o
    0x200004d0        -       0x00000048   Zero   RW          284    .bss.huart1         usart.o
    0x20000518        -       0x00000048   Zero   RW          285    .bss.huart3         usart.o
    0x20000560        -       0x000000c0   Zero   RW           30    .bss.pid_speed      control.o
    0x20000620        -       0x0000008c   Zero   RW         1449    .bss.pxReadyTasksLists  tasks.o
    0x200006ac        -       0x00010000   Zero   RW         1587    .bss.ucHeap         heap_4.o
    0x200106ac        -       0x00000004   Zero   RW         1036    .bss.uwTick         stm32f4xx_hal.o
    0x200106b0        -       0x00000100   Zero   RW          169    .bss.vision_ring_buffer_data  vision.o
    0x200107b0        -       0x00000200   Zero   RW          223    .bss.xIdleStack     freertos.o
    0x200109b0        -       0x00000054   Zero   RW          222    .bss.xIdleTaskTCBBuffer  freertos.o
    0x20010a04   0x08008170   0x00000004   PAD
    0x20010a08        -       0x00000400   Zero   RW            2    HEAP                startup_stm32f407xx.o
    0x20010e08        -       0x00001000   Zero   RW            1    STACK               startup_stm32f407xx.o


    Execution Region RW_IRAM2 (Exec base: 0x2001c000, Load base: 0x08008170, Size: 0x00000000, Max: 0x00004000, ABSOLUTE)

    **** No section assigned to this execution region ****


==============================================================================

Image component sizes


      Code (inc. data)   RO Data    RW Data    ZI Data      Debug   Object Name

       822          0          0          0          0      24940   cmsis_os.o
       872         84          0          8        240       5936   control.o
        72          0          0          0          0       3460   dma.o
       106         16          0          0          0       4098   encoder.o
       520        172         49          0        624       5824   freertos.o
       342          0          0          0          0       2292   gpio.o
       708          0          0          0      65568       5750   heap_4.o
       186          0          0          0          0       2303   list.o
       334         52          0          0          0       6472   main.o
       402          4          0          0          0       5253   motor.o
       222          0          0          0          0       1372   pid.o
       994         16          0          4          8       4334   port.o
      3368          0          0          0          0      24669   queue.o
       108          0          0          0          0       1363   ring_buffer.o
       164          0          0          0          2       6400   serial.o
        64         26        392          0       5120        840   startup_stm32f407xx.o
        92          0          0          8          4       7293   stm32f4xx_hal.o
       152          0          0          0          0      10710   stm32f4xx_hal_cortex.o
       984          6          8          0          0      10522   stm32f4xx_hal_dma.o
       440          0          0          0          0       5340   stm32f4xx_hal_gpio.o
        66          0          0          0          0       3524   stm32f4xx_hal_msp.o
      1542          0          0          0          0       7464   stm32f4xx_hal_rcc.o
      2188          6          0          0          0      57418   stm32f4xx_hal_tim.o
       190          0          0          0          0      21475   stm32f4xx_hal_tim_ex.o
       178          0          0          0         72       7242   stm32f4xx_hal_timebase_tim.o
      2510          0          0          0          0      32233   stm32f4xx_hal_uart.o
       102          0          0          0          0       6158   stm32f4xx_it.o
        18          0         24          4          0       2577   system_stm32f4xx.o
      3196          8          0          0        300      29647   tasks.o
      1238          0          0          0        360      12061   tim.o
       510          0          0          0        336       7401   usart.o
       294         12          0          0        464       4996   vision.o

    ----------------------------------------------------------------------
     23198        402        508         24      73104     331367   Object Totals
         0          0         32          0          0          0   (incl. Generated)
       214          0          3          0          6          0   (incl. Padding)

    ----------------------------------------------------------------------

      Code (inc. data)   RO Data    RW Data    ZI Data      Debug   Library Member Name

        60          8          0          0          0         84   __0sscanf.o
         8          0          0          0          0         68   __main.o
       392          4         17          0          0         92   __printf_flags_ss_wp.o
        14          0          0          0          0         68   __printf_wp.o
         0          0          0          0          0          0   __rtentry.o
        12          0          0          0          0          0   __rtentry2.o
         6          0          0          0          0          0   __rtentry4.o
        94          8          0          0          0          0   __scatter.o
        26          0          0          0          0          0   __scatter_copy.o
        28          0          0          0          0          0   __scatter_zi.o
        72          0          0          0          0         96   _c16rtomb.o
        28          0          0          0          0         68   _chval.o
         6          0          0          0          0          0   _printf_a.o
         6          0          0          0          0          0   _printf_c.o
        44          0          0          0          0        108   _printf_char.o
        48          6          0          0          0         96   _printf_char_common.o
        40          0          0          0          0         68   _printf_charcount.o
         6          0          0          0          0          0   _printf_d.o
       120         16          0          0          0         92   _printf_dec.o
         6          0          0          0          0          0   _printf_e.o
         6          0          0          0          0          0   _printf_f.o
      1052          0          0          0          0        148   _printf_fp_dec.o
       764          8         38          0          0        100   _printf_fp_hex.o
       128         16          0          0          0         84   _printf_fp_infnan.o
         6          0          0          0          0          0   _printf_g.o
       148          4         40          0          0        160   _printf_hex_int_ll_ptr.o
         6          0          0          0          0          0   _printf_i.o
       178          0          0          0          0         88   _printf_intcommon.o
        10          0          0          0          0          0   _printf_l.o
         6          0          0          0          0          0   _printf_lc.o
        10          0          0          0          0          0   _printf_ll.o
         6          0          0          0          0          0   _printf_lld.o
         6          0          0          0          0          0   _printf_lli.o
         6          0          0          0          0          0   _printf_llo.o
         6          0          0          0          0          0   _printf_llu.o
         6          0          0          0          0          0   _printf_llx.o
       124         16          0          0          0         92   _printf_longlong_dec.o
         6          0          0          0          0          0   _printf_ls.o
         6          0          0          0          0          0   _printf_n.o
         6          0          0          0          0          0   _printf_o.o
       112          8          0          0          0        124   _printf_oct_int_ll.o
         6          0          0          0          0          0   _printf_p.o
        78          0          0          0          0        108   _printf_pad.o
         0          0          0          0          0          0   _printf_percent.o
         4          0          0          0          0          0   _printf_percent_end.o
         6          0          0          0          0          0   _printf_s.o
        82          0          0          0          0         80   _printf_str.o
        36          0          0          0          0         84   _printf_truncate.o
         6          0          0          0          0          0   _printf_u.o
        44          0          0          0          0        108   _printf_wchar.o
       188          6          8          0          0         92   _printf_wctomb.o
         6          0          0          0          0          0   _printf_x.o
       884          6          0          0          0        100   _scanf.o
       332          0          0          0          0         96   _scanf_int.o
        64          0          0          0          0         84   _sgetc.o
        10          0          0          0          0         68   _sputc.o
        16          0          0          0          0         68   aeabi_memset4.o
       228          4        148          0          0         96   bigflt0.o
      1936        128          0          0          0        668   btod.o
        18          0          0          0          0         80   exit.o
         6          0          0          0          0        152   heapauxi.o
         0          0          0          0          0          0   indicate_semi.o
        18          0          0          0          0         76   isspace.o
        44         10        272          0          0         76   lc_ctype_c.o
        44         10         28          0          0         76   lc_numeric_c.o
         2          0          0          0          0          0   libinit.o
        34          0          0          0          0          0   libinit2.o
         2          0          0          0          0          0   libshutdown.o
         2          0          0          0          0          0   libshutdown2.o
         8          4          0          0         96         68   libspace.o
       138          0          0          0          0         80   lludiv10.o
       240          0          0          0          0        100   lludivv7m.o
        16          4          0          0          0         76   rt_ctype_table.o
         8          4          0          0          0         68   rt_locale_intlibspace.o
        78          0          0          0          0         80   rt_memclr_w.o
       138          0          0          0          0         68   rt_memcpy_v6.o
       100          0          0          0          0         80   rt_memcpy_w.o
         2          0          0          0          0          0   rtexit.o
        10          0          0          0          0          0   rtexit2.o
        44          8          0          0          0         84   scanf_char.o
       124          0          0          0          0         88   strcmpv7em.o
        12          4          0          0          0         68   sys_exit.o
        74          0          0          0          0         80   sys_stackheap_outer.o
         2          0          0          0          0         68   use_no_semi.o
        36          4          0          0          0         76   vsprintf.o
        26          0          0          0          0        116   fpinit.o
         4          0          0          0          0        116   printf1.o
         4          0          0          0          0        116   printf2.o
         0          0          0          0          0          0   usenofp.o
        48          0          0          0          0        124   fpclassify.o

    ----------------------------------------------------------------------
      8850        290        552          0         96       5304   Library Totals
        28          4          1          0          0          0   (incl. Padding)

    ----------------------------------------------------------------------

      Code (inc. data)   RO Data    RW Data    ZI Data      Debug   Library Name

      8740        286        551          0         96       4832   c_w.l
        34          0          0          0          0        348   fz_wm.l
        48          0          0          0          0        124   m_wm.l

    ----------------------------------------------------------------------
      8850        290        552          0         96       5304   Library Totals

    ----------------------------------------------------------------------

==============================================================================


      Code (inc. data)   RO Data    RW Data    ZI Data      Debug   

     32048        692       1060         24      73200     333287   Grand Totals
     32048        692       1060         24      73200     333287   ELF Image Totals
     32048        692       1060         24          0          0   ROM Totals

==============================================================================

    Total RO  Size (Code + RO Data)                33108 (  32.33kB)
    Total RW  Size (RW Data + ZI Data)             73224 (  71.51kB)
    Total ROM Size (Code + RO Data + RW Data)      33132 (  32.36kB)

==============================================================================

